<html>
<body>
<pre>
<h1>礦ision Build Log</h1>
<h2>Tool Versions:</h2>
IDE-Version: μVision V5.15
Copyright (C) 2015 ARM Ltd and ARM Germany GmbH. All rights reserved.
License Information: USER 872384310@qq.co, Hewlett-Packard, LIC=R4HEV-PGTTB-WH088-3M9KK-B7KGQ-X6R06
 
Tool Versions:
Toolchain:       MDK-ARM Professional  Version: 5.15.0
Toolchain Path:  D:\Keil_v5\ARM\ARMCC\Bin
C Compiler:      Armcc.exe V5.05 update 2 (build 169)
Assembler:       Armasm.exe V5.05 update 2 (build 169)
Linker/Locator:  ArmLink.exe V5.05 update 2 (build 169)
Library Manager: ArmAr.exe V5.05 update 2 (build 169)
Hex Converter:   FromElf.exe V5.05 update 2 (build 169)
CPU DLL:         SARMCM3.DLL V5.15.0
Dialog DLL:      DCM.DLL V1.13.2.0
Target DLL:      Segger\JL2CM3.dll V2.99.15.0
Dialog DLL:      TCM.DLL V1.14.5.0
 
<h2>Project:</h2>
D:\办公文件\1-横向项目\4-联合研究中心\17003-血凝仪\3-电子设计\1-程序\17003Master_V0.2.1-新协议20190610\Project.uvprojx
Project File Date:  06/10/2019

<h2>Output:</h2>
*** Using Compiler 'V5.05 update 2 (build 169)', folder: 'D:\Keil_v5\ARM\ARMCC\Bin'
Build target 'Project'
compiling main.c...
.\Firmware\MNTC_CanBusCtrl\MNTC_CanProtocol.h(151): warning:  #1-D: last line of file ends without a newline
    
User\main.c(97): warning:  #223-D: function "EXTI_PauseConfiguration" declared implicitly
        EXTI_PauseConfiguration();
User\main.c(98): warning:  #223-D: function "EXTI_PauseEnable" declared implicitly
        EXTI_PauseEnable();
User\main.c(119): warning:  #111-D: statement is unreachable
        WashNeedle();
User\main.c(177): warning:  #128-D: loop is not reachable
    while(1)
User\main.c(73): warning:  #177-D: variable "j" was declared but never referenced
    int i,j;
User\main.c: 6 warnings, 0 errors
compiling SysWork.c...
.\Firmware\MNTC_CanBusCtrl\MNTC_CanProtocol.h(151): warning:  #1-D: last line of file ends without a newline
    
User\SysWork.c(213): warning:  #177-D: variable "detect_cnt" was declared but never referenced
    int detect_cnt;
User\SysWork.c(808): warning:  #177-D: variable "source_id" was declared but never referenced
    int source_id,target_id;                                                        //源??址、目?甑?址
User\SysWork.c(808): warning:  #177-D: variable "target_id" was declared but never referenced
    int source_id,target_id;                                                        //源??址、目?甑?址
User\SysWork.c(809): warning:  #177-D: variable "sub_type" was declared but never referenced
    int sub_type,opr_type;                                                          //???????????唷?????????
User\SysWork.c(809): warning:  #177-D: variable "opr_type" was declared but never referenced
    int sub_type,opr_type;                                                          //???????????唷?????????
User\SysWork.c(810): warning:  #177-D: variable "device_addr" was declared but never referenced
    int device_addr;                                                                //?璞???址data0
User\SysWork.c(812): warning:  #177-D: variable "value2" was declared but never referenced
    uint16_t value1,value2;
User\SysWork.c(1272): warning:  #550-D: variable "z" was set but never used
    float x,y,z;
User\SysWork.c(1307): warning:  #550-D: variable "z" was set but never used
    float x,y,z;
User\SysWork.c(1354): warning:  #550-D: variable "z" was set but never used
    float x,y,z;
User\SysWork.c(1432): warning:  #177-D: variable "i" was declared but never referenced
        int i; 
User\SysWork.c: 12 warnings, 0 errors
linking...
Program Size: Code=18984 RO-data=368 RW-data=276 ZI-data=49324  
FromELF: creating hex file...
".\Objects\Project.axf" - 0 Error(s), 18 Warning(s).

<h2>Collection of Component include folders:</h2>
  D:\办公文件\1-横向项目\4-联合研究中心\17003-血凝仪\3-电子设计\1-程序\17003Master_V0.2.1-新协议20190610\RTE
  D:\Keil_v5\ARM\PACK\Keil\STM32F1xx_DFP\2.2.0\Device\Include

<h2>Collection of Component Files used:</h2>
</pre>
</body>
</html>
