<html>
<body>
<pre>
<h1>礦ision Build Log</h1>
<h2>Tool Versions:</h2>
IDE-Version: μVision V5.15
Copyright (C) 2015 ARM Ltd and ARM Germany GmbH. All rights reserved.
License Information: USER 872384310@qq.co, Hewlett-Packard, LIC=R4HEV-PGTTB-WH088-3M9KK-B7KGQ-X6R06
 
Tool Versions:
Toolchain:       MDK-ARM Professional  Version: 5.15.0
Toolchain Path:  D:\Keil_v5\ARM\ARMCC\Bin
C Compiler:      Armcc.exe V5.05 update 2 (build 169)
Assembler:       Armasm.exe V5.05 update 2 (build 169)
Linker/Locator:  ArmLink.exe V5.05 update 2 (build 169)
Library Manager: ArmAr.exe V5.05 update 2 (build 169)
Hex Converter:   FromElf.exe V5.05 update 2 (build 169)
CPU DLL:         SARMCM3.DLL V5.15.0
Dialog DLL:      DCM.DLL V1.13.2.0
Target DLL:      Segger\JL2CM3.dll V2.99.15.0
Dialog DLL:      TCM.DLL V1.14.5.0
 
<h2>Project:</h2>
D:\办公文件\1-横向项目\4-联合研究中心\17003-血凝仪\3-电子设计\1-程序\17003Master-GitHub\USER\Template.uvprojx
Project File Date:  06/20/2019

<h2>Output:</h2>
*** Using Compiler 'V5.05 update 2 (build 169)', folder: 'D:\Keil_v5\ARM\ARMCC\Bin'
Build target 'Target 1'
compiling stm32f10x_it.c...
compiling system_stm32f10x.c...
compiling ActionTask.c...
..\HARDWARE\USART\USART_DMA_Config.h(42): warning:  #1-D: last line of file ends without a newline
   
..\HARDWARE\MNTC_CanBusCtrl\MNTC_CanProtocol.h(151): warning:  #1-D: last line of file ends without a newline
    
..\HARDWARE\MNTC_IOCtrl\MNTC_IOCtrl.h(41): warning:  #1-D: last line of file ends without a newline
   
user\Common.h(67): warning:  #1-D: last line of file ends without a newline
   
user\Common.h(67): warning:  #1-D: last line of file ends without a newline
   
user\ActionTask.c: 5 warnings, 0 errors
compiling CalibrationTask.c...
..\HARDWARE\USART\USART_DMA_Config.h(42): warning:  #1-D: last line of file ends without a newline
   
..\HARDWARE\MNTC_CanBusCtrl\MNTC_CanProtocol.h(151): warning:  #1-D: last line of file ends without a newline
    
..\HARDWARE\MNTC_IOCtrl\MNTC_IOCtrl.h(41): warning:  #1-D: last line of file ends without a newline
   
user\Common.h(67): warning:  #1-D: last line of file ends without a newline
   
user\Common.h(67): warning:  #1-D: last line of file ends without a newline
   
user\CalibrationTask.c: 5 warnings, 0 errors
compiling DebugTask.c...
..\HARDWARE\USART\USART_DMA_Config.h(42): warning:  #1-D: last line of file ends without a newline
   
..\HARDWARE\MNTC_CanBusCtrl\MNTC_CanProtocol.h(151): warning:  #1-D: last line of file ends without a newline
    
..\HARDWARE\MNTC_IOCtrl\MNTC_IOCtrl.h(41): warning:  #1-D: last line of file ends without a newline
   
user\Common.h(67): warning:  #1-D: last line of file ends without a newline
   
user\Common.h(67): warning:  #1-D: last line of file ends without a newline
   
user\DebugTask.c: 5 warnings, 0 errors
compiling main.c...
..\HARDWARE\USART\USART_DMA_Config.h(42): warning:  #1-D: last line of file ends without a newline
   
..\HARDWARE\MNTC_CanBusCtrl\MNTC_CanProtocol.h(151): warning:  #1-D: last line of file ends without a newline
    
..\HARDWARE\MNTC_IOCtrl\MNTC_IOCtrl.h(41): warning:  #1-D: last line of file ends without a newline
   
user\Common.h(67): warning:  #1-D: last line of file ends without a newline
   
user\Common.h(67): warning:  #1-D: last line of file ends without a newline
   
user\main.c(35): warning:  #177-D: variable "cnt" was declared but never referenced
        int cnt;
user\main.c: 6 warnings, 0 errors
compiling QCTask.c...
..\HARDWARE\USART\USART_DMA_Config.h(42): warning:  #1-D: last line of file ends without a newline
   
..\HARDWARE\MNTC_CanBusCtrl\MNTC_CanProtocol.h(151): warning:  #1-D: last line of file ends without a newline
    
..\HARDWARE\MNTC_IOCtrl\MNTC_IOCtrl.h(41): warning:  #1-D: last line of file ends without a newline
   
user\Common.h(67): warning:  #1-D: last line of file ends without a newline
   
user\Common.h(67): warning:  #1-D: last line of file ends without a newline
   
user\QCTask.c: 5 warnings, 0 errors
compiling TestManageTask.c...
..\HARDWARE\USART\USART_DMA_Config.h(42): warning:  #1-D: last line of file ends without a newline
   
..\HARDWARE\MNTC_CanBusCtrl\MNTC_CanProtocol.h(151): warning:  #1-D: last line of file ends without a newline
    
..\HARDWARE\MNTC_IOCtrl\MNTC_IOCtrl.h(41): warning:  #1-D: last line of file ends without a newline
   
user\Common.h(67): warning:  #1-D: last line of file ends without a newline
   
user\Common.h(67): warning:  #1-D: last line of file ends without a newline
   
user\TestManageTask.c(43): warning:  #940-D: missing return statement at end of non-void function "ApplyCup"
  }
user\TestManageTask.c: 6 warnings, 0 errors
compiling TestTask.c...
..\HARDWARE\USART\USART_DMA_Config.h(42): warning:  #1-D: last line of file ends without a newline
   
..\HARDWARE\MNTC_CanBusCtrl\MNTC_CanProtocol.h(151): warning:  #1-D: last line of file ends without a newline
    
..\HARDWARE\MNTC_IOCtrl\MNTC_IOCtrl.h(41): warning:  #1-D: last line of file ends without a newline
   
user\Common.h(67): warning:  #1-D: last line of file ends without a newline
   
user\Common.h(67): warning:  #1-D: last line of file ends without a newline
   
user\TestTask.c: 5 warnings, 0 errors
compiling led.c...
compiling ILI93xx.c...
compiling USART_DMA_Config.c...
..\HARDWARE\USART\USART_DMA_Config.h(42): warning:  #1-D: last line of file ends without a newline
   
..\HARDWARE\USART\USART_DMA_Config.c(202): warning:  #1-D: last line of file ends without a newline
  /**************** (C) COPYRIGHT 2017 MNTC *****END OF FILE*******************/
..\HARDWARE\USART\USART_DMA_Config.c: 2 warnings, 0 errors
compiling MNTC_CanConfig.c...
compiling MNTC_CanProtocol.c...
..\HARDWARE\MNTC_CanBusCtrl\MNTC_CanProtocol.h(151): warning:  #1-D: last line of file ends without a newline
    
..\HARDWARE\MNTC_CanBusCtrl\MNTC_CanProtocol.c: 1 warning, 0 errors
compiling MNTC_IOCtrl.c...
..\HARDWARE\MNTC_IOCtrl\MNTC_IOCtrl.h(41): warning:  #1-D: last line of file ends without a newline
   
..\HARDWARE\MNTC_IOCtrl\MNTC_IOCtrl.c(222): warning:  #1-D: last line of file ends without a newline
  /**************** (C) COPYRIGHT 2016 MNTC *****END OF FILE*******************/
..\HARDWARE\MNTC_IOCtrl\MNTC_IOCtrl.c: 2 warnings, 0 errors
compiling delay.c...
compiling sys.c...
compiling usart.c...
compiling core_cm3.c...
assembling startup_stm32f10x_cl.s...
compiling misc.c...
compiling stm32f10x_gpio.c...
compiling stm32f10x_usart.c...
compiling stm32f10x_rcc.c...
compiling stm32f10x_can.c...
compiling stm32f10x_tim.c...
compiling stm32f10x_dma.c...
compiling stm32f10x_exti.c...
compiling bsp.c...
compiling cpu_core.c...
compiling cpu_c.c...
assembling cpu_a.asm...
compiling lib_ascii.c...
compiling lib_math.c...
compiling lib_mem.c...
compiling lib_str.c...
assembling lib_mem_a.asm...
compiling os_cfg_app.c...
compiling os_core.c...
compiling os_dbg.c...
compiling os_flag.c...
compiling os_int.c...
compiling os_mem.c...
compiling os_msg.c...
compiling os_mutex.c...
compiling os_pend_multi.c...
compiling os_prio.c...
compiling os_q.c...
compiling os_sem.c...
compiling os_stat.c...
compiling os_task.c...
compiling os_tick.c...
compiling os_time.c...
compiling os_tmr.c...
compiling os_var.c...
assembling os_cpu_a.s...
compiling os_cpu_c.c...
compiling os_app_hooks.c...
linking...
Program Size: Code=29220 RO-data=920 RW-data=276 ZI-data=18868  
FromELF: creating hex file...
"..\OBJ\MALLOC.axf" - 0 Error(s), 42 Warning(s).

<h2>Collection of Component include folders:</h2>
  D:\办公文件\1-横向项目\4-联合研究中心\17003-血凝仪\3-电子设计\1-程序\17003Master-GitHub\USER\RTE
  D:\Keil_v5\ARM\PACK\Keil\STM32F1xx_DFP\2.2.0\Device\Include

<h2>Collection of Component Files used:</h2>
</pre>
</body>
</html>
