<html>
<body>
<pre>
<h1>礦ision Build Log</h1>
<h2>Tool Versions:</h2>
IDE-Version: μVision V5.15
Copyright (C) 2015 ARM Ltd and ARM Germany GmbH. All rights reserved.
License Information: USER 872384310@qq.co, Hewlett-Packard, LIC=R4HEV-PGTTB-WH088-3M9KK-B7KGQ-X6R06
 
Tool Versions:
Toolchain:       MDK-ARM Professional  Version: 5.15.0
Toolchain Path:  D:\Keil_v5\ARM\ARMCC\Bin
C Compiler:      Armcc.exe V5.05 update 2 (build 169)
Assembler:       Armasm.exe V5.05 update 2 (build 169)
Linker/Locator:  ArmLink.exe V5.05 update 2 (build 169)
Library Manager: ArmAr.exe V5.05 update 2 (build 169)
Hex Converter:   FromElf.exe V5.05 update 2 (build 169)
CPU DLL:         SARMCM3.DLL V5.15.0
Dialog DLL:      DCM.DLL V1.13.2.0
Target DLL:      Segger\JL2CM3.dll V2.99.15.0
Dialog DLL:      TCM.DLL V1.14.5.0
 
<h2>Project:</h2>
D:\办公文件\1-横向项目\4-联合研究中心\17003-血凝仪\3-电子设计\1-程序\17003Master-V0.3-UCOS\USER\Template.uvprojx
Project File Date:  06/20/2019

<h2>Output:</h2>
*** Using Compiler 'V5.05 update 2 (build 169)', folder: 'D:\Keil_v5\ARM\ARMCC\Bin'
Build target 'Target 1'
compiling main.c...
..\HARDWARE\USART\USART_DMA_Config.h(42): warning:  #1-D: last line of file ends without a newline
   
..\HARDWARE\MNTC_CanBusCtrl\MNTC_CanProtocol.h(151): warning:  #1-D: last line of file ends without a newline
    
..\HARDWARE\MNTC_IOCtrl\MNTC_IOCtrl.h(41): warning:  #1-D: last line of file ends without a newline
   
user\Common.h(67): warning:  #1-D: last line of file ends without a newline
   
user\Common.h(67): warning:  #1-D: last line of file ends without a newline
   
user\main.c(35): warning:  #177-D: variable "cnt" was declared but never referenced
        int cnt;
user\main.c: 6 warnings, 0 errors
linking...
Program Size: Code=29220 RO-data=920 RW-data=276 ZI-data=18868  
FromELF: creating hex file...
"..\OBJ\MALLOC.axf" - 0 Error(s), 6 Warning(s).

<h2>Collection of Component include folders:</h2>
  D:\办公文件\1-横向项目\4-联合研究中心\17003-血凝仪\3-电子设计\1-程序\17003Master-V0.3-UCOS\USER\RTE
  D:\Keil_v5\ARM\PACK\Keil\STM32F1xx_DFP\2.2.0\Device\Include

<h2>Collection of Component Files used:</h2>
</pre>
</body>
</html>
