Component: ARM Compiler 5.05 update 2 (build 169) Tool: armlink [4d0f33]

==============================================================================

Section Cross References

    main.o(i.main) refers to syswork.o(i.SampleInfoInit) for SampleInfoInit
    main.o(i.main) refers to syswork.o(i.SeatInfoInit) for SeatInfoInit
    main.o(i.main) refers to syswork.o(i.TestMethodInit) for TestMethodInit
    main.o(i.main) refers to usart_configuration.o(i.Usart1_Configuration) for Usart1_Configuration
    main.o(i.main) refers to usart_configuration.o(i.Usart1_Nvic_Configuration) for Usart1_Nvic_Configuration
    main.o(i.main) refers to usart_configuration.o(i.Usart2_Configuration) for Usart2_Configuration
    main.o(i.main) refers to usart_configuration.o(i.Usart2_Nvic_Configuration) for Usart2_Nvic_Configuration
    main.o(i.main) refers to usart_configuration.o(i.Usart3_Configuration) for Usart3_Configuration
    main.o(i.main) refers to usart_configuration.o(i.Usart3_Nvic_Configuration) for Usart3_Nvic_Configuration
    main.o(i.main) refers to usart_configuration.o(i.Uart4_Configuration) for Uart4_Configuration
    main.o(i.main) refers to usart_configuration.o(i.Uart4_Nvic_Configuration) for Uart4_Nvic_Configuration
    main.o(i.main) refers to usart_configuration.o(i.Uart5_Configuration) for Uart5_Configuration
    main.o(i.main) refers to usart_configuration.o(i.Uart5_Nvic_Configuration) for Uart5_Nvic_Configuration
    main.o(i.main) refers to mntc_canconfig.o(i.MNTC_CanConfig) for MNTC_CanConfig
    main.o(i.main) refers to mntc_canprotocol.o(i.CAN_ProtocolInit) for CAN_ProtocolInit
    main.o(i.main) refers to tim.o(i.TIM_TIM5_Configuration) for TIM_TIM5_Configuration
    main.o(i.main) refers to tim.o(i.TIM_TIM5_Open) for TIM_TIM5_Open
    main.o(i.main) refers to exti_configuration.o(i.EXTI_PauseConfiguration) for EXTI_PauseConfiguration
    main.o(i.main) refers to exti_configuration.o(i.EXTI_PauseEnable) for EXTI_PauseEnable
    main.o(i.main) refers to delay.o(i.Delay_Init) for Delay_Init
    main.o(i.main) refers to syswork.o(i.LED_Init) for LED_Init
    main.o(i.main) refers to mntc_canprotocol.o(i.CAN_PeristalticPumpRun) for CAN_PeristalticPumpRun
    main.o(i.main) refers to main.o(.bss) for LCD
    main.o(i.main) refers to main.o(.data) for Pump
    stm32f10x_it.o(i.CAN1_RX0_IRQHandler) refers to syswork.o(i.CAN_Decode) for CAN_Decode
    stm32f10x_it.o(i.CAN1_RX0_IRQHandler) refers to main.o(.bss) for CanCom
    stm32f10x_it.o(i.EXTI15_10_IRQHandler) refers to stm32f10x_exti.o(i.EXTI_GetITStatus) for EXTI_GetITStatus
    stm32f10x_it.o(i.EXTI15_10_IRQHandler) refers to stm32f10x_gpio.o(i.GPIO_ReadInputDataBit) for GPIO_ReadInputDataBit
    stm32f10x_it.o(i.EXTI15_10_IRQHandler) refers to stm32f10x_exti.o(i.EXTI_ClearITPendingBit) for EXTI_ClearITPendingBit
    stm32f10x_it.o(i.EXTI2_IRQHandler) refers to stm32f10x_exti.o(i.EXTI_GetITStatus) for EXTI_GetITStatus
    stm32f10x_it.o(i.EXTI2_IRQHandler) refers to stm32f10x_exti.o(i.EXTI_ClearITPendingBit) for EXTI_ClearITPendingBit
    stm32f10x_it.o(i.EXTI3_IRQHandler) refers to stm32f10x_exti.o(i.EXTI_GetITStatus) for EXTI_GetITStatus
    stm32f10x_it.o(i.EXTI3_IRQHandler) refers to stm32f10x_exti.o(i.EXTI_ClearITPendingBit) for EXTI_ClearITPendingBit
    stm32f10x_it.o(i.EXTI4_IRQHandler) refers to stm32f10x_exti.o(i.EXTI_GetITStatus) for EXTI_GetITStatus
    stm32f10x_it.o(i.EXTI4_IRQHandler) refers to stm32f10x_exti.o(i.EXTI_ClearITPendingBit) for EXTI_ClearITPendingBit
    stm32f10x_it.o(i.EXTI9_5_IRQHandler) refers to stm32f10x_exti.o(i.EXTI_GetITStatus) for EXTI_GetITStatus
    stm32f10x_it.o(i.EXTI9_5_IRQHandler) refers to stm32f10x_exti.o(i.EXTI_ClearITPendingBit) for EXTI_ClearITPendingBit
    stm32f10x_it.o(i.TIM5_IRQHandler) refers to stm32f10x_tim.o(i.TIM_GetITStatus) for TIM_GetITStatus
    stm32f10x_it.o(i.TIM5_IRQHandler) refers to stm32f10x_gpio.o(i.GPIO_SetBits) for GPIO_SetBits
    stm32f10x_it.o(i.TIM5_IRQHandler) refers to stm32f10x_gpio.o(i.GPIO_ResetBits) for GPIO_ResetBits
    stm32f10x_it.o(i.TIM5_IRQHandler) refers to dw_agreement.o(i.DW_WriteData) for DW_WriteData
    stm32f10x_it.o(i.TIM5_IRQHandler) refers to syswork.o(i.ClearSoftTimer) for ClearSoftTimer
    stm32f10x_it.o(i.TIM5_IRQHandler) refers to stm32f10x_tim.o(i.TIM_ClearITPendingBit) for TIM_ClearITPendingBit
    stm32f10x_it.o(i.TIM5_IRQHandler) refers to stm32f10x_it.o(.data) for flag
    stm32f10x_it.o(i.TIM5_IRQHandler) refers to syswork.o(.data) for Temp1
    stm32f10x_it.o(i.TIM5_IRQHandler) refers to main.o(.bss) for LCD
    stm32f10x_it.o(i.TIM5_IRQHandler) refers to main.o(.data) for Second
    stm32f10x_it.o(i.UART4_IRQHandler) refers to stm32f10x_usart.o(i.USART_GetITStatus) for USART_GetITStatus
    stm32f10x_it.o(i.UART4_IRQHandler) refers to dw_agreement.o(i.DW_GetCode) for DW_GetCode
    stm32f10x_it.o(i.UART4_IRQHandler) refers to 17003ui.o(i.LCD_Decode) for LCD_Decode
[...]
    ../mathlib/dunder.c                      0x00000000   Number         0  dunder.o ABSOLUTE
    ../mathlib/fpclassify.c                  0x00000000   Number         0  fpclassify.o ABSOLUTE
    ../mathlib/log.c                         0x00000000   Number         0  log_x.o ABSOLUTE
    ../mathlib/log.c                         0x00000000   Number         0  log.o ABSOLUTE
    ../mathlib/log10.c                       0x00000000   Number         0  log10_x.o ABSOLUTE
    ../mathlib/log10.c                       0x00000000   Number         0  log10.o ABSOLUTE
    ../mathlib/poly.c                        0x00000000   Number         0  poly.o ABSOLUTE
    ../mathlib/pow.c                         0x00000000   Number         0  pow_x.o ABSOLUTE
    ../mathlib/pow.c                         0x00000000   Number         0  pow.o ABSOLUTE
    ../mathlib/qnan.c                        0x00000000   Number         0  qnan.o ABSOLUTE
    ../mathlib/sqrt.c                        0x00000000   Number         0  sqrt_x.o ABSOLUTE
    ../mathlib/sqrt.c                        0x00000000   Number         0  sqrt.o ABSOLUTE
    Firmware\Barcode_V0.1.c                  0x00000000   Number         0  barcode_v0.1.o ABSOLUTE
    Firmware\DW_Agreement.c                  0x00000000   Number         0  dw_agreement.o ABSOLUTE
    Firmware\Delay.c                         0x00000000   Number         0  delay.o ABSOLUTE
    Firmware\EXTI_Configuration.c            0x00000000   Number         0  exti_configuration.o ABSOLUTE
    Firmware\MNTC_CanBusCtrl\MNTC_CanConfig.c 0x00000000   Number         0  mntc_canconfig.o ABSOLUTE
    Firmware\MNTC_CanBusCtrl\MNTC_CanProtocol.c 0x00000000   Number         0  mntc_canprotocol.o ABSOLUTE
    Firmware\TIM.c                           0x00000000   Number         0  tim.o ABSOLUTE
    Firmware\USART_Configuration.c           0x00000000   Number         0  usart_configuration.o ABSOLUTE
    Library\CMSIS\CM3\core_cm3.c             0x00000000   Number         0  core_cm3.o ABSOLUTE
    Library\CMSIS\CM3\system_stm32f10x.c     0x00000000   Number         0  system_stm32f10x.o ABSOLUTE
    Library\CMSIS\MDK\startup_stm32f10x_cl.s 0x00000000   Number         0  startup_stm32f10x_cl.o ABSOLUTE
    Library\STM32F10x_StdPeriph_Driver\src\misc.c 0x00000000   Number         0  misc.o ABSOLUTE
    Library\STM32F10x_StdPeriph_Driver\src\stm32f10x_can.c 0x00000000   Number         0  stm32f10x_can.o ABSOLUTE
    Library\STM32F10x_StdPeriph_Driver\src\stm32f10x_exti.c 0x00000000   Number         0  stm32f10x_exti.o ABSOLUTE
    Library\STM32F10x_StdPeriph_Driver\src\stm32f10x_flash.c 0x00000000   Number         0  stm32f10x_flash.o ABSOLUTE
    Library\STM32F10x_StdPeriph_Driver\src\stm32f10x_gpio.c 0x00000000   Number         0  stm32f10x_gpio.o ABSOLUTE
    Library\STM32F10x_StdPeriph_Driver\src\stm32f10x_rcc.c 0x00000000   Number         0  stm32f10x_rcc.o ABSOLUTE
    Library\STM32F10x_StdPeriph_Driver\src\stm32f10x_tim.c 0x00000000   Number         0  stm32f10x_tim.o ABSOLUTE
    Library\STM32F10x_StdPeriph_Driver\src\stm32f10x_usart.c 0x00000000   Number         0  stm32f10x_usart.o ABSOLUTE
    Library\\CMSIS\\CM3\\core_cm3.c          0x00000000   Number         0  core_cm3.o ABSOLUTE
    User\17003UI.c                           0x00000000   Number         0  17003ui.o ABSOLUTE
    User\Calibration.c                       0x00000000   Number         0  calibration.o ABSOLUTE
    User\Scope_SendData.c                    0x00000000   Number         0  scope_senddata.o ABSOLUTE
    User\SysWork.c                           0x00000000   Number         0  syswork.o ABSOLUTE
    User\main.c                              0x00000000   Number         0  main.o ABSOLUTE
    User\stm32f10x_it.c                      0x00000000   Number         0  stm32f10x_it.o ABSOLUTE
    dc.s                                     0x00000000   Number         0  dc.o ABSOLUTE
    RESET                                    0x08000000   Section      336  startup_stm32f10x_cl.o(RESET)
    !!!main                                  0x08000150   Section        8  __main.o(!!!main)
    !!!scatter                               0x08000158   Section       52  __scatter.o(!!!scatter)
    !!handler_copy                           0x0800018c   Section       26  __scatter_copy.o(!!handler_copy)
    !!handler_zi                             0x080001a8   Section       28  __scatter_zi.o(!!handler_zi)
    .ARM.Collect$$libinit$$00000000          0x080001c4   Section        2  libinit.o(.ARM.Collect$$libinit$$00000000)
    .ARM.Collect$$libinit$$00000002          0x080001c6   Section        0  libinit2.o(.ARM.Collect$$libinit$$00000002)
    .ARM.Collect$$libinit$$00000004          0x080001c6   Section        0  libinit2.o(.ARM.Collect$$libinit$$00000004)
    .ARM.Collect$$libinit$$0000000A          0x080001c6   Section        0  libinit2.o(.ARM.Collect$$libinit$$0000000A)
    .ARM.Collect$$libinit$$0000000C          0x080001c6   Section        0  libinit2.o(.ARM.Collect$$libinit$$0000000C)
    .ARM.Collect$$libinit$$0000000E          0x080001c6   Section        0  libinit2.o(.ARM.Collect$$libinit$$0000000E)
    .ARM.Collect$$libinit$$00000011          0x080001c6   Section        0  libinit2.o(.ARM.Collect$$libinit$$00000011)
    .ARM.Collect$$libinit$$00000013          0x080001c6   Section        0  libinit2.o(.ARM.Collect$$libinit$$00000013)
    .ARM.Collect$$libinit$$00000015          0x080001c6   Section        0  libinit2.o(.ARM.Collect$$libinit$$00000015)
    .ARM.Collect$$libinit$$00000017          0x080001c6   Section        0  libinit2.o(.ARM.Collect$$libinit$$00000017)
    .ARM.Collect$$libinit$$00000019          0x080001c6   Section        0  libinit2.o(.ARM.Collect$$libinit$$00000019)
    .ARM.Collect$$libinit$$0000001B          0x080001c6   Section        0  libinit2.o(.ARM.Collect$$libinit$$0000001B)
    .ARM.Collect$$libinit$$0000001D          0x080001c6   Section        0  libinit2.o(.ARM.Collect$$libinit$$0000001D)
    .ARM.Collect$$libinit$$0000001F          0x080001c6   Section        0  libinit2.o(.ARM.Collect$$libinit$$0000001F)
    .ARM.Collect$$libinit$$00000021          0x080001c6   Section        0  libinit2.o(.ARM.Collect$$libinit$$00000021)
    .ARM.Collect$$libinit$$00000023          0x080001c6   Section        0  libinit2.o(.ARM.Collect$$libinit$$00000023)
    .ARM.Collect$$libinit$$00000025          0x080001c6   Section        0  libinit2.o(.ARM.Collect$$libinit$$00000025)
    .ARM.Collect$$libinit$$0000002C          0x080001c6   Section        0  libinit2.o(.ARM.Collect$$libinit$$0000002C)
    .ARM.Collect$$libinit$$0000002E          0x080001c6   Section        0  libinit2.o(.ARM.Collect$$libinit$$0000002E)
    .ARM.Collect$$libinit$$00000030          0x080001c6   Section        0  libinit2.o(.ARM.Collect$$libinit$$00000030)
    .ARM.Collect$$libinit$$00000032          0x080001c6   Section        0  libinit2.o(.ARM.Collect$$libinit$$00000032)
    .ARM.Collect$$libinit$$00000033          0x080001c6   Section        2  libinit2.o(.ARM.Collect$$libinit$$00000033)
    .ARM.Collect$$libshutdown$$00000000      0x080001c8   Section        2  libshutdown.o(.ARM.Collect$$libshutdown$$00000000)
    .ARM.Collect$$libshutdown$$00000003      0x080001ca   Section        0  libshutdown2.o(.ARM.Collect$$libshutdown$$00000003)
    .ARM.Collect$$libshutdown$$00000006      0x080001ca   Section        0  libshutdown2.o(.ARM.Collect$$libshutdown$$00000006)
    .ARM.Collect$$libshutdown$$00000009      0x080001ca   Section        0  libshutdown2.o(.ARM.Collect$$libshutdown$$00000009)
    .ARM.Collect$$libshutdown$$0000000B      0x080001ca   Section        0  libshutdown2.o(.ARM.Collect$$libshutdown$$0000000B)
    .ARM.Collect$$libshutdown$$0000000E      0x080001ca   Section        0  libshutdown2.o(.ARM.Collect$$libshutdown$$0000000E)
    .ARM.Collect$$libshutdown$$0000000F      0x080001ca   Section        2  libshutdown2.o(.ARM.Collect$$libshutdown$$0000000F)
    .ARM.Collect$$rtentry$$00000000          0x080001cc   Section        0  __rtentry.o(.ARM.Collect$$rtentry$$00000000)
    .ARM.Collect$$rtentry$$00000002          0x080001cc   Section        0  __rtentry2.o(.ARM.Collect$$rtentry$$00000002)
    .ARM.Collect$$rtentry$$00000004          0x080001cc   Section        6  __rtentry4.o(.ARM.Collect$$rtentry$$00000004)
    .ARM.Collect$$rtentry$$00000009          0x080001d2   Section        0  __rtentry2.o(.ARM.Collect$$rtentry$$00000009)
    .ARM.Collect$$rtentry$$0000000A          0x080001d2   Section        4  __rtentry2.o(.ARM.Collect$$rtentry$$0000000A)
    .ARM.Collect$$rtentry$$0000000C          0x080001d6   Section        0  __rtentry2.o(.ARM.Collect$$rtentry$$0000000C)
    .ARM.Collect$$rtentry$$0000000D          0x080001d6   Section        8  __rtentry2.o(.ARM.Collect$$rtentry$$0000000D)
    .ARM.Collect$$rtexit$$00000000           0x080001de   Section        2  rtexit.o(.ARM.Collect$$rtexit$$00000000)
    .ARM.Collect$$rtexit$$00000002           0x080001e0   Section        0  rtexit2.o(.ARM.Collect$$rtexit$$00000002)
    .ARM.Collect$$rtexit$$00000003           0x080001e0   Section        4  rtexit2.o(.ARM.Collect$$rtexit$$00000003)
    .ARM.Collect$$rtexit$$00000004           0x080001e4   Section        6  rtexit2.o(.ARM.Collect$$rtexit$$00000004)
    .text                                    0x080001ec   Section       64  startup_stm32f10x_cl.o(.text)
    .text                                    0x0800022c   Section        0  strcat.o(.text)
    .text                                    0x08000244   Section      100  rt_memcpy_w.o(.text)
    .text                                    0x080002a8   Section       78  rt_memclr_w.o(.text)
    .text                                    0x080002f6   Section       86  strncpy.o(.text)
    .text                                    0x0800034c   Section        0  heapauxi.o(.text)
    .text                                    0x08000352   Section       68  rt_memclr.o(.text)
    .text                                    0x08000398   Section        8  libspace.o(.text)
    .text                                    0x080003a0   Section        2  use_no_semi.o(.text)
    .text                                    0x080003a2   Section       74  sys_stackheap_outer.o(.text)
    .text                                    0x080003a2   Section        0  indicate_semi.o(.text)
    .text                                    0x080003ec   Section        0  exit.o(.text)
    .text                                    0x080003f8   Section        0  sys_exit.o(.text)
    i.AxisRun2Pos                            0x08000404   Section        0  syswork.o(i.AxisRun2Pos)
    i.BC_GetCode                             0x080004c0   Section        0  barcode_v0.1.o(i.BC_GetCode)
    i.CAN1_RX0_IRQHandler                    0x08000534   Section        0  stm32f10x_it.o(i.CAN1_RX0_IRQHandler)
    i.CAN_AxisAbsolute                       0x08000544   Section        0  mntc_canprotocol.o(i.CAN_AxisAbsolute)
    i.CAN_DeInit                             0x080005f0   Section        0  stm32f10x_can.o(i.CAN_DeInit)
    i.CAN_Decode                             0x08000628   Section        0  syswork.o(i.CAN_Decode)
    i.CAN_FilterInit                         0x08000718   Section        0  stm32f10x_can.o(i.CAN_FilterInit)
    i.CAN_GetRxSourceId                      0x08000820   Section        0  mntc_canprotocol.o(i.CAN_GetRxSourceId)
    i.CAN_GetRxTargetId                      0x0800082c   Section        0  mntc_canprotocol.o(i.CAN_GetRxTargetId)
    i.CAN_ITConfig                           0x08000838   Section        0  stm32f10x_can.o(i.CAN_ITConfig)
    i.CAN_Init                               0x0800084a   Section        0  stm32f10x_can.o(i.CAN_Init)
    i.CAN_IsAxisAbsolute                     0x08000960   Section        0  mntc_canprotocol.o(i.CAN_IsAxisAbsolute)
    i.CAN_IsPeristalticPumpRun               0x080009c8   Section        0  mntc_canprotocol.o(i.CAN_IsPeristalticPumpRun)
    i.CAN_PeristalticPumpRun                 0x08000a18   Section        0  mntc_canprotocol.o(i.CAN_PeristalticPumpRun)
    i.CAN_ProtocolInit                       0x08000a90   Section        0  mntc_canprotocol.o(i.CAN_ProtocolInit)
    i.CAN_Receive                            0x08000a98   Section        0  stm32f10x_can.o(i.CAN_Receive)
    i.CAN_SendData                           0x08000b88   Section        0  mntc_canprotocol.o(i.CAN_SendData)
    i.CAN_SetTxSourceId                      0x08000b96   Section        0  mntc_canprotocol.o(i.CAN_SetTxSourceId)
    i.CAN_SetTxTargetId                      0x08000ba8   Section        0  mntc_canprotocol.o(i.CAN_SetTxTargetId)
    i.CAN_StructInit                         0x08000bba   Section        0  stm32f10x_can.o(i.CAN_StructInit)
    i.CAN_Transmit                           0x08000bda   Section        0  stm32f10x_can.o(i.CAN_Transmit)
    i.ClearSoftTimer                         0x08000d00   Section        0  syswork.o(i.ClearSoftTimer)
    i.DW_GetCode                             0x08000d0a   Section        0  dw_agreement.o(i.DW_GetCode)
    i.DW_JumpPage                            0x08000d8c   Section        0  dw_agreement.o(i.DW_JumpPage)
    i.DW_SendCode                            0x08000db8   Section        0  dw_agreement.o(i.DW_SendCode)
    i.DW_Write2Buf                           0x08000e06   Section        0  dw_agreement.o(i.DW_Write2Buf)
    i.DW_WriteBuf                            0x08000e36   Section        0  dw_agreement.o(i.DW_WriteBuf)
    i.DW_WriteData                           0x08000e4e   Section        0  dw_agreement.o(i.DW_WriteData)
    i.DW_WriteStr                            0x08000e90   Section        0  dw_agreement.o(i.DW_WriteStr)
    i.Delay_Init                             0x08000edc   Section        0  delay.o(i.Delay_Init)
    i.EXTI15_10_IRQHandler                   0x08000f1c   Section        0  stm32f10x_it.o(i.EXTI15_10_IRQHandler)
    i.EXTI2_IRQHandler                       0x08000f40   Section        0  stm32f10x_it.o(i.EXTI2_IRQHandler)
    i.EXTI3_IRQHandler                       0x08000f52   Section        0  stm32f10x_it.o(i.EXTI3_IRQHandler)
    i.EXTI4_IRQHandler                       0x08000f64   Section        0  stm32f10x_it.o(i.EXTI4_IRQHandler)
    i.EXTI9_5_IRQHandler                     0x08000f76   Section        0  stm32f10x_it.o(i.EXTI9_5_IRQHandler)
    i.EXTI_ClearITPendingBit                 0x08000f9c   Section        0  stm32f10x_exti.o(i.EXTI_ClearITPendingBit)
    i.EXTI_GetITStatus                       0x08000fa8   Section        0  stm32f10x_exti.o(i.EXTI_GetITStatus)
    i.EXTI_Init                              0x08000fd0   Section        0  stm32f10x_exti.o(i.EXTI_Init)
    i.EXTI_PauseConfiguration                0x08001064   Section        0  exti_configuration.o(i.EXTI_PauseConfiguration)
    i.EXTI_PauseEnable                       0x080010c2   Section        0  exti_configuration.o(i.EXTI_PauseEnable)
    i.GPIO_EXTILineConfig                    0x080010dc   Section        0  stm32f10x_gpio.o(i.GPIO_EXTILineConfig)
    i.GPIO_Init                              0x0800111c   Section        0  stm32f10x_gpio.o(i.GPIO_Init)
    i.GPIO_PinRemapConfig                    0x08001234   Section        0  stm32f10x_gpio.o(i.GPIO_PinRemapConfig)
    i.GPIO_ReadInputDataBit                  0x080012c4   Section        0  stm32f10x_gpio.o(i.GPIO_ReadInputDataBit)
    i.GPIO_ResetBits                         0x080012d6   Section        0  stm32f10x_gpio.o(i.GPIO_ResetBits)
    i.GPIO_SetBits                           0x080012da   Section        0  stm32f10x_gpio.o(i.GPIO_SetBits)
    i.HardFault_Handler                      0x080012de   Section        0  stm32f10x_it.o(i.HardFault_Handler)
    i.LCD_CupSeatEdit                        0x080012e4   Section        0  17003ui.o(i.LCD_CupSeatEdit)
    i.LCD_Decode                             0x08001380   Section        0  17003ui.o(i.LCD_Decode)
    i.LCD_DeletTestList                      0x08001420   Section        0  17003ui.o(i.LCD_DeletTestList)
    i.LCD_ReagentEdit                        0x08001498   Section        0  17003ui.o(i.LCD_ReagentEdit)
    i.LCD_RefreshCupSeat                     0x0800180c   Section        0  17003ui.o(i.LCD_RefreshCupSeat)
    i.LCD_RefreshEditSampleSeat              0x0800182c   Section        0  17003ui.o(i.LCD_RefreshEditSampleSeat)
    i.LCD_RefreshEditTestList                0x08001904   Section        0  17003ui.o(i.LCD_RefreshEditTestList)
    i.LCD_RefreshReagentSeat                 0x08001a08   Section        0  17003ui.o(i.LCD_RefreshReagentSeat)
    i.LCD_RefreshResultName                  0x08001bf0   Section        0  17003ui.o(i.LCD_RefreshResultName)
    i.LCD_RefreshResultTabe                  0x08001c24   Section        0  17003ui.o(i.LCD_RefreshResultTabe)
    i.LCD_RefreshTestCurve                   0x08001cb8   Section        0  17003ui.o(i.LCD_RefreshTestCurve)
    i.LCD_ResultEdit                         0x08001ea4   Section        0  17003ui.o(i.LCD_ResultEdit)
    i.LCD_SampleEdit                         0x08001ef4   Section        0  17003ui.o(i.LCD_SampleEdit)
    i.LCD_TestCurveCtrl                      0x080022b0   Section        0  17003ui.o(i.LCD_TestCurveCtrl)
    i.LED_Init                               0x08002360   Section        0  syswork.o(i.LED_Init)
    i.LabviewDecod                           0x080023a0   Section        0  syswork.o(i.LabviewDecod)
    i.MNTC_CanConfig                         0x08002404   Section        0  mntc_canconfig.o(i.MNTC_CanConfig)
    i.MNTC_CanDeviceConfig                   0x0800241c   Section        0  mntc_canconfig.o(i.MNTC_CanDeviceConfig)
    i.MNTC_CanPinConfig                      0x08002510   Section        0  mntc_canconfig.o(i.MNTC_CanPinConfig)
    i.NVIC_Init                              0x08002630   Section        0  misc.o(i.NVIC_Init)
    i.NVIC_PriorityGroupConfig               0x080026a0   Section        0  misc.o(i.NVIC_PriorityGroupConfig)
    i.NVIC_SetVectorTable                    0x080026b4   Section        0  misc.o(i.NVIC_SetVectorTable)
    i.RCC_APB1PeriphClockCmd                 0x080026c8   Section        0  stm32f10x_rcc.o(i.RCC_APB1PeriphClockCmd)
    i.RCC_APB1PeriphResetCmd                 0x080026e8   Section        0  stm32f10x_rcc.o(i.RCC_APB1PeriphResetCmd)
    i.RCC_APB2PeriphClockCmd                 0x08002708   Section        0  stm32f10x_rcc.o(i.RCC_APB2PeriphClockCmd)
    i.RCC_GetClocksFreq                      0x08002728   Section        0  stm32f10x_rcc.o(i.RCC_GetClocksFreq)
    i.SampleInfoInit                         0x080028b8   Section        0  syswork.o(i.SampleInfoInit)
    i.ScanerDecode                           0x0800299c   Section        0  syswork.o(i.ScanerDecode)
    i.SeatInfoInit                           0x08002bd0   Section        0  syswork.o(i.SeatInfoInit)
    i.SetSysClock                            0x08002d88   Section        0  system_stm32f10x.o(i.SetSysClock)
    SetSysClock                              0x08002d89   Thumb Code     8  system_stm32f10x.o(i.SetSysClock)
    i.SetSysClockTo72                        0x08002d90   Section        0  system_stm32f10x.o(i.SetSysClockTo72)
    SetSysClockTo72                          0x08002d91   Thumb Code   264  system_stm32f10x.o(i.SetSysClockTo72)
    i.SystemInit                             0x08002ea8   Section        0  system_stm32f10x.o(i.SystemInit)
    i.TIM5_IRQHandler                        0x08002f14   Section        0  stm32f10x_it.o(i.TIM5_IRQHandler)
    i.TIM_ClearITPendingBit                  0x0800322c   Section        0  stm32f10x_tim.o(i.TIM_ClearITPendingBit)
    i.TIM_Cmd                                0x08003232   Section        0  stm32f10x_tim.o(i.TIM_Cmd)
    i.TIM_GetITStatus                        0x0800324a   Section        0  stm32f10x_tim.o(i.TIM_GetITStatus)
    i.TIM_ITConfig                           0x0800326c   Section        0  stm32f10x_tim.o(i.TIM_ITConfig)
    i.TIM_TIM5_Configuration                 0x08003280   Section        0  tim.o(i.TIM_TIM5_Configuration)
    i.TIM_TIM5_Open                          0x080032cc   Section        0  tim.o(i.TIM_TIM5_Open)
    i.TIM_TimeBaseInit                       0x08003300   Section        0  stm32f10x_tim.o(i.TIM_TimeBaseInit)
    i.TestMethodInit                         0x080033a4   Section        0  syswork.o(i.TestMethodInit)
    i.UART4_IRQHandler                       0x0800345c   Section        0  stm32f10x_it.o(i.UART4_IRQHandler)
    i.UART5_IRQHandler                       0x080034b8   Section        0  stm32f10x_it.o(i.UART5_IRQHandler)
    i.USART1_IRQHandler                      0x08003514   Section        0  stm32f10x_it.o(i.USART1_IRQHandler)
    i.USART2_IRQHandler                      0x0800354c   Section        0  stm32f10x_it.o(i.USART2_IRQHandler)
    i.USART3_IRQHandler                      0x080035d8   Section        0  stm32f10x_it.o(i.USART3_IRQHandler)
    i.USART_Cmd                              0x080036ac   Section        0  stm32f10x_usart.o(i.USART_Cmd)
    i.USART_GetFlagStatus                    0x080036c4   Section        0  stm32f10x_usart.o(i.USART_GetFlagStatus)
    i.USART_GetITStatus                      0x080036de   Section        0  stm32f10x_usart.o(i.USART_GetITStatus)
    i.USART_ITConfig                         0x08003732   Section        0  stm32f10x_usart.o(i.USART_ITConfig)
    i.USART_Init                             0x0800377c   Section        0  stm32f10x_usart.o(i.USART_Init)
    i.USART_ReceiveData                      0x08003854   Section        0  stm32f10x_usart.o(i.USART_ReceiveData)
    i.USART_SendBuf                          0x0800385e   Section        0  usart_configuration.o(i.USART_SendBuf)
    i.USART_SendData                         0x08003890   Section        0  stm32f10x_usart.o(i.USART_SendData)
    i.Uart4_Configuration                    0x08003898   Section        0  usart_configuration.o(i.Uart4_Configuration)
    i.Uart4_Nvic_Configuration               0x0800392c   Section        0  usart_configuration.o(i.Uart4_Nvic_Configuration)
    i.Uart5_Configuration                    0x0800395c   Section        0  usart_configuration.o(i.Uart5_Configuration)
    i.Uart5_Nvic_Configuration               0x080039f4   Section        0  usart_configuration.o(i.Uart5_Nvic_Configuration)
    i.Usart1_Configuration                   0x08003a24   Section        0  usart_configuration.o(i.Usart1_Configuration)
    i.Usart1_Nvic_Configuration              0x08003a9c   Section        0  usart_configuration.o(i.Usart1_Nvic_Configuration)
    i.Usart2_Configuration                   0x08003acc   Section        0  usart_configuration.o(i.Usart2_Configuration)
    i.Usart2_Nvic_Configuration              0x08003b4c   Section        0  usart_configuration.o(i.Usart2_Nvic_Configuration)
    i.Usart3_Configuration                   0x08003b7c   Section        0  usart_configuration.o(i.Usart3_Configuration)
    i.Usart3_Nvic_Configuration              0x08003c20   Section        0  usart_configuration.o(i.Usart3_Nvic_Configuration)
    i.main                                   0x08003c50   Section        0  main.o(i.main)
    x$fpl$d2f                                0x08003d28   Section       98  d2f.o(x$fpl$d2f)
    x$fpl$dadd                               0x08003d8c   Section      336  daddsub_clz.o(x$fpl$dadd)
    _dadd1                                   0x08003d9d   Thumb Code     0  daddsub_clz.o(x$fpl$dadd)
    x$fpl$dcmpinf                            0x08003edc   Section       24  dcmpi.o(x$fpl$dcmpinf)
    x$fpl$ddiv                               0x08003ef4   Section      688  ddiv.o(x$fpl$ddiv)
    ddiv_entry                               0x08003efb   Thumb Code     0  ddiv.o(x$fpl$ddiv)
    x$fpl$dfixu                              0x080041a4   Section       90  dfixu.o(x$fpl$dfixu)
    x$fpl$dfltu                              0x080041fe   Section       38  dflt_clz.o(x$fpl$dfltu)
    x$fpl$dleqf                              0x08004224   Section      120  dleqf.o(x$fpl$dleqf)
    x$fpl$dmul                               0x0800429c   Section      340  dmul.o(x$fpl$dmul)
    x$fpl$dnaninf                            0x080043f0   Section      156  dnaninf.o(x$fpl$dnaninf)
    x$fpl$dretinf                            0x0800448c   Section       12  dretinf.o(x$fpl$dretinf)
    x$fpl$drleqf                             0x08004498   Section      108  drleqf.o(x$fpl$drleqf)
    x$fpl$drsb                               0x08004504   Section       22  daddsub_clz.o(x$fpl$drsb)
    x$fpl$dsub                               0x0800451c   Section      468  daddsub_clz.o(x$fpl$dsub)
    _dsub1                                   0x0800452d   Thumb Code     0  daddsub_clz.o(x$fpl$dsub)
    x$fpl$f2d                                0x080046f0   Section       86  f2d.o(x$fpl$f2d)
    x$fpl$fadd                               0x08004748   Section      196  faddsub_clz.o(x$fpl$fadd)
    _fadd1                                   0x08004757   Thumb Code     0  faddsub_clz.o(x$fpl$fadd)
    x$fpl$fcmpinf                            0x0800480c   Section       24  fcmpi.o(x$fpl$fcmpinf)
    x$fpl$feqf                               0x08004824   Section      104  feqf.o(x$fpl$feqf)
    x$fpl$ffix                               0x0800488c   Section       54  ffix.o(x$fpl$ffix)
    x$fpl$fflt                               0x080048c4   Section       48  fflt_clz.o(x$fpl$fflt)
    x$fpl$fmul                               0x080048f4   Section      258  fmul.o(x$fpl$fmul)
    x$fpl$fnaninf                            0x080049f6   Section      140  fnaninf.o(x$fpl$fnaninf)
    x$fpl$fretinf                            0x08004a82   Section       10  fretinf.o(x$fpl$fretinf)
    x$fpl$fsub                               0x08004a8c   Section      234  faddsub_clz.o(x$fpl$fsub)
    _fsub1                                   0x08004a9b   Thumb Code     0  faddsub_clz.o(x$fpl$fsub)
    x$fpl$usenofp                            0x08004b76   Section        0  usenofp.o(x$fpl$usenofp)
    .data                                    0x20000000   Section       84  main.o(.data)
    .data                                    0x20000054   Section        8  stm32f10x_it.o(.data)
    flag                                     0x20000054   Data           4  stm32f10x_it.o(.data)
    time                                     0x20000058   Data           4  stm32f10x_it.o(.data)
    .data                                    0x2000005c   Section       24  syswork.o(.data)
    home_cnt                                 0x2000006c   Data           4  syswork.o(.data)
    i                                        0x20000070   Data           4  syswork.o(.data)
    .data                                    0x20000074   Section      136  17003ui.o(.data)
    edt_rgnt_num                             0x200000f0   Data           4  17003ui.o(.data)
    edt_rgnt_flag                            0x200000f4   Data           4  17003ui.o(.data)
    sample_cnt                               0x200000f8   Data           4  17003ui.o(.data)
    .data                                    0x200000fc   Section        4  delay.o(.data)
    Fac_Us                                   0x200000fc   Data           1  delay.o(.data)
    Fac_Ms                                   0x200000fe   Data           2  delay.o(.data)
    .data                                    0x20000100   Section       20  stm32f10x_rcc.o(.data)
    APBAHBPrescTable                         0x20000100   Data          16  stm32f10x_rcc.o(.data)
    ADCPrescTable                            0x20000110   Data           4  stm32f10x_rcc.o(.data)
    .bss                                     0x20000114   Section    35068  main.o(.bss)
    .bss                                     0x20008a10   Section     5968  17003ui.o(.bss)
    .bss                                     0x2000a160   Section       96  libspace.o(.bss)
    HEAP                                     0x2000a1c0   Section     2048  startup_stm32f10x_cl.o(HEAP)
    Heap_Mem                                 0x2000a1c0   Data        2048  startup_stm32f10x_cl.o(HEAP)
    STACK                                    0x2000a9c0   Section     6144  startup_stm32f10x_cl.o(STACK)
    Stack_Mem                                0x2000a9c0   Data        6144  startup_stm32f10x_cl.o(STACK)
    __initial_sp                             0x2000c1c0   Data           0  startup_stm32f10x_cl.o(STACK)

    Global Symbols

    Symbol Name                              Value     Ov Type        Size  Object(Section)

    BuildAttributes$$THM_ISAv4$P$D$K$B$S$PE$A:L22UL41UL21$X:L11$S22US41US21$IEEE1$IW$USESV6$~STKCKD$USESV7$~SHL$OTIME$ROPI$IEEEX$EBA8$UX$STANDARDLIB$REQ8$PRES8$EABIv2 0x00000000   Number         0  anon$$obj.o ABSOLUTE
    __ARM_use_no_argv                        0x00000000   Number         0  main.o ABSOLUTE
    __ARM_exceptions_init                     - Undefined Weak Reference
    __alloca_initialize                       - Undefined Weak Reference
    __arm_preinit_                            - Undefined Weak Reference
    __cpp_initialize__aeabi_                  - Undefined Weak Reference
    __cxa_finalize                            - Undefined Weak Reference
    __rt_locale                               - Undefined Weak Reference
    __sigvec_lookup                           - Undefined Weak Reference
    __user_heap_extent                        - Undefined Weak Reference
    _atexit_init                              - Undefined Weak Reference
    _call_atexit_fns                          - Undefined Weak Reference
    _clock_init                               - Undefined Weak Reference
    _fp_trap_init                             - Undefined Weak Reference
    _fp_trap_shutdown                         - Undefined Weak Reference
    _get_lc_collate                           - Undefined Weak Reference
    _get_lc_ctype                             - Undefined Weak Reference
    _get_lc_monetary                          - Undefined Weak Reference
    _get_lc_numeric                           - Undefined Weak Reference
    _get_lc_time                              - Undefined Weak Reference
    _getenv_init                              - Undefined Weak Reference
    _handle_redirection                       - Undefined Weak Reference
    _initio                                   - Undefined Weak Reference
    _mutex_acquire                            - Undefined Weak Reference
    _mutex_free                               - Undefined Weak Reference
    _mutex_release                            - Undefined Weak Reference
    _rand_init                                - Undefined Weak Reference
    _signal_finish                            - Undefined Weak Reference
    _signal_init                              - Undefined Weak Reference
    _terminateio                              - Undefined Weak Reference
    __Vectors_Size                           0x00000150   Number         0  startup_stm32f10x_cl.o ABSOLUTE
    __Vectors                                0x08000000   Data           4  startup_stm32f10x_cl.o(RESET)
    __Vectors_End                            0x08000150   Data           0  startup_stm32f10x_cl.o(RESET)
    __main                                   0x08000151   Thumb Code     8  __main.o(!!!main)
    __scatterload                            0x08000159   Thumb Code     0  __scatter.o(!!!scatter)
    __scatterload_rt2                        0x08000159   Thumb Code    44  __scatter.o(!!!scatter)
    __scatterload_rt2_thumb_only             0x08000159   Thumb Code     0  __scatter.o(!!!scatter)
    __scatterload_null                       0x08000167   Thumb Code     0  __scatter.o(!!!scatter)
    __scatterload_copy                       0x0800018d   Thumb Code    26  __scatter_copy.o(!!handler_copy)
    __scatterload_zeroinit                   0x080001a9   Thumb Code    28  __scatter_zi.o(!!handler_zi)
    __rt_lib_init                            0x080001c5   Thumb Code     0  libinit.o(.ARM.Collect$$libinit$$00000000)
    __rt_lib_init_alloca_1                   0x080001c7   Thumb Code     0  libinit2.o(.ARM.Collect$$libinit$$0000002E)
    __rt_lib_init_argv_1                     0x080001c7   Thumb Code     0  libinit2.o(.ARM.Collect$$libinit$$0000002C)
    __rt_lib_init_atexit_1                   0x080001c7   Thumb Code     0  libinit2.o(.ARM.Collect$$libinit$$0000001B)
    __rt_lib_init_clock_1                    0x080001c7   Thumb Code     0  libinit2.o(.ARM.Collect$$libinit$$00000021)
    __rt_lib_init_cpp_1                      0x080001c7   Thumb Code     0  libinit2.o(.ARM.Collect$$libinit$$00000032)
    __rt_lib_init_exceptions_1               0x080001c7   Thumb Code     0  libinit2.o(.ARM.Collect$$libinit$$00000030)
    __rt_lib_init_fp_1                       0x080001c7   Thumb Code     0  libinit2.o(.ARM.Collect$$libinit$$00000002)
    __rt_lib_init_fp_trap_1                  0x080001c7   Thumb Code     0  libinit2.o(.ARM.Collect$$libinit$$0000001F)
    __rt_lib_init_getenv_1                   0x080001c7   Thumb Code     0  libinit2.o(.ARM.Collect$$libinit$$00000023)
    __rt_lib_init_heap_1                     0x080001c7   Thumb Code     0  libinit2.o(.ARM.Collect$$libinit$$0000000A)
    __rt_lib_init_lc_collate_1               0x080001c7   Thumb Code     0  libinit2.o(.ARM.Collect$$libinit$$00000011)
    __rt_lib_init_lc_ctype_1                 0x080001c7   Thumb Code     0  libinit2.o(.ARM.Collect$$libinit$$00000013)
    __rt_lib_init_lc_monetary_1              0x080001c7   Thumb Code     0  libinit2.o(.ARM.Collect$$libinit$$00000015)
    __rt_lib_init_lc_numeric_1               0x080001c7   Thumb Code     0  libinit2.o(.ARM.Collect$$libinit$$00000017)
    __rt_lib_init_lc_time_1                  0x080001c7   Thumb Code     0  libinit2.o(.ARM.Collect$$libinit$$00000019)
    __rt_lib_init_preinit_1                  0x080001c7   Thumb Code     0  libinit2.o(.ARM.Collect$$libinit$$00000004)
    __rt_lib_init_rand_1                     0x080001c7   Thumb Code     0  libinit2.o(.ARM.Collect$$libinit$$0000000E)
    __rt_lib_init_return                     0x080001c7   Thumb Code     0  libinit2.o(.ARM.Collect$$libinit$$00000033)
    __rt_lib_init_signal_1                   0x080001c7   Thumb Code     0  libinit2.o(.ARM.Collect$$libinit$$0000001D)
    __rt_lib_init_stdio_1                    0x080001c7   Thumb Code     0  libinit2.o(.ARM.Collect$$libinit$$00000025)
    __rt_lib_init_user_alloc_1               0x080001c7   Thumb Code     0  libinit2.o(.ARM.Collect$$libinit$$0000000C)
    __rt_lib_shutdown                        0x080001c9   Thumb Code     0  libshutdown.o(.ARM.Collect$$libshutdown$$00000000)
    __rt_lib_shutdown_fp_trap_1              0x080001cb   Thumb Code     0  libshutdown2.o(.ARM.Collect$$libshutdown$$00000006)
    __rt_lib_shutdown_heap_1                 0x080001cb   Thumb Code     0  libshutdown2.o(.ARM.Collect$$libshutdown$$0000000E)
    __rt_lib_shutdown_return                 0x080001cb   Thumb Code     0  libshutdown2.o(.ARM.Collect$$libshutdown$$0000000F)
    __rt_lib_shutdown_signal_1               0x080001cb   Thumb Code     0  libshutdown2.o(.ARM.Collect$$libshutdown$$00000009)
    __rt_lib_shutdown_stdio_1                0x080001cb   Thumb Code     0  libshutdown2.o(.ARM.Collect$$libshutdown$$00000003)
    __rt_lib_shutdown_user_alloc_1           0x080001cb   Thumb Code     0  libshutdown2.o(.ARM.Collect$$libshutdown$$0000000B)
    __rt_entry                               0x080001cd   Thumb Code     0  __rtentry.o(.ARM.Collect$$rtentry$$00000000)
    __rt_entry_presh_1                       0x080001cd   Thumb Code     0  __rtentry2.o(.ARM.Collect$$rtentry$$00000002)
    __rt_entry_sh                            0x080001cd   Thumb Code     0  __rtentry4.o(.ARM.Collect$$rtentry$$00000004)
    __rt_entry_li                            0x080001d3   Thumb Code     0  __rtentry2.o(.ARM.Collect$$rtentry$$0000000A)
    __rt_entry_postsh_1                      0x080001d3   Thumb Code     0  __rtentry2.o(.ARM.Collect$$rtentry$$00000009)
    __rt_entry_main                          0x080001d7   Thumb Code     0  __rtentry2.o(.ARM.Collect$$rtentry$$0000000D)
    __rt_entry_postli_1                      0x080001d7   Thumb Code     0  __rtentry2.o(.ARM.Collect$$rtentry$$0000000C)
    __rt_exit                                0x080001df   Thumb Code     0  rtexit.o(.ARM.Collect$$rtexit$$00000000)
    __rt_exit_ls                             0x080001e1   Thumb Code     0  rtexit2.o(.ARM.Collect$$rtexit$$00000003)
    __rt_exit_prels_1                        0x080001e1   Thumb Code     0  rtexit2.o(.ARM.Collect$$rtexit$$00000002)
    __rt_exit_exit                           0x080001e5   Thumb Code     0  rtexit2.o(.ARM.Collect$$rtexit$$00000004)
    Reset_Handler                            0x080001ed   Thumb Code     8  startup_stm32f10x_cl.o(.text)
    NMI_Handler                              0x080001f5   Thumb Code     2  startup_stm32f10x_cl.o(.text)
    MemManage_Handler                        0x080001f9   Thumb Code     2  startup_stm32f10x_cl.o(.text)
    BusFault_Handler                         0x080001fb   Thumb Code     2  startup_stm32f10x_cl.o(.text)
    UsageFault_Handler                       0x080001fd   Thumb Code     2  startup_stm32f10x_cl.o(.text)
    SVC_Handler                              0x080001ff   Thumb Code     2  startup_stm32f10x_cl.o(.text)
    DebugMon_Handler                         0x08000201   Thumb Code     2  startup_stm32f10x_cl.o(.text)
    PendSV_Handler                           0x08000203   Thumb Code     2  startup_stm32f10x_cl.o(.text)
    SysTick_Handler                          0x08000205   Thumb Code     2  startup_stm32f10x_cl.o(.text)
    ADC1_2_IRQHandler                        0x08000207   Thumb Code     0  startup_stm32f10x_cl.o(.text)
    CAN1_RX1_IRQHandler                      0x08000207   Thumb Code     0  startup_stm32f10x_cl.o(.text)
    CAN1_SCE_IRQHandler                      0x08000207   Thumb Code     0  startup_stm32f10x_cl.o(.text)
    CAN1_TX_IRQHandler                       0x08000207   Thumb Code     0  startup_stm32f10x_cl.o(.text)
    CAN2_RX0_IRQHandler                      0x08000207   Thumb Code     0  startup_stm32f10x_cl.o(.text)
    CAN2_RX1_IRQHandler                      0x08000207   Thumb Code     0  startup_stm32f10x_cl.o(.text)
    CAN2_SCE_IRQHandler                      0x08000207   Thumb Code     0  startup_stm32f10x_cl.o(.text)
    CAN2_TX_IRQHandler                       0x08000207   Thumb Code     0  startup_stm32f10x_cl.o(.text)
    DMA1_Channel1_IRQHandler                 0x08000207   Thumb Code     0  startup_stm32f10x_cl.o(.text)
    DMA1_Channel2_IRQHandler                 0x08000207   Thumb Code     0  startup_stm32f10x_cl.o(.text)
    DMA1_Channel3_IRQHandler                 0x08000207   Thumb Code     0  startup_stm32f10x_cl.o(.text)
    DMA1_Channel4_IRQHandler                 0x08000207   Thumb Code     0  startup_stm32f10x_cl.o(.text)
    DMA1_Channel5_IRQHandler                 0x08000207   Thumb Code     0  startup_stm32f10x_cl.o(.text)
    DMA1_Channel6_IRQHandler                 0x08000207   Thumb Code     0  startup_stm32f10x_cl.o(.text)
    DMA1_Channel7_IRQHandler                 0x08000207   Thumb Code     0  startup_stm32f10x_cl.o(.text)
    DMA2_Channel1_IRQHandler                 0x08000207   Thumb Code     0  startup_stm32f10x_cl.o(.text)
    DMA2_Channel2_IRQHandler                 0x08000207   Thumb Code     0  startup_stm32f10x_cl.o(.text)
    DMA2_Channel3_IRQHandler                 0x08000207   Thumb Code     0  startup_stm32f10x_cl.o(.text)
    DMA2_Channel4_IRQHandler                 0x08000207   Thumb Code     0  startup_stm32f10x_cl.o(.text)
    DMA2_Channel5_IRQHandler                 0x08000207   Thumb Code     0  startup_stm32f10x_cl.o(.text)
    ETH_IRQHandler                           0x08000207   Thumb Code     0  startup_stm32f10x_cl.o(.text)
    ETH_WKUP_IRQHandler                      0x08000207   Thumb Code     0  startup_stm32f10x_cl.o(.text)
    EXTI0_IRQHandler                         0x08000207   Thumb Code     0  startup_stm32f10x_cl.o(.text)
    EXTI1_IRQHandler                         0x08000207   Thumb Code     0  startup_stm32f10x_cl.o(.text)
    FLASH_IRQHandler                         0x08000207   Thumb Code     0  startup_stm32f10x_cl.o(.text)
    I2C1_ER_IRQHandler                       0x08000207   Thumb Code     0  startup_stm32f10x_cl.o(.text)
    I2C1_EV_IRQHandler                       0x08000207   Thumb Code     0  startup_stm32f10x_cl.o(.text)
    I2C2_ER_IRQHandler                       0x08000207   Thumb Code     0  startup_stm32f10x_cl.o(.text)
    I2C2_EV_IRQHandler                       0x08000207   Thumb Code     0  startup_stm32f10x_cl.o(.text)
    OTG_FS_IRQHandler                        0x08000207   Thumb Code     0  startup_stm32f10x_cl.o(.text)
    OTG_FS_WKUP_IRQHandler                   0x08000207   Thumb Code     0  startup_stm32f10x_cl.o(.text)
    PVD_IRQHandler                           0x08000207   Thumb Code     0  startup_stm32f10x_cl.o(.text)
    RCC_IRQHandler                           0x08000207   Thumb Code     0  startup_stm32f10x_cl.o(.text)
    RTCAlarm_IRQHandler                      0x08000207   Thumb Code     0  startup_stm32f10x_cl.o(.text)
    RTC_IRQHandler                           0x08000207   Thumb Code     0  startup_stm32f10x_cl.o(.text)
    SPI1_IRQHandler                          0x08000207   Thumb Code     0  startup_stm32f10x_cl.o(.text)
    SPI2_IRQHandler                          0x08000207   Thumb Code     0  startup_stm32f10x_cl.o(.text)
    SPI3_IRQHandler                          0x08000207   Thumb Code     0  startup_stm32f10x_cl.o(.text)
    TAMPER_IRQHandler                        0x08000207   Thumb Code     0  startup_stm32f10x_cl.o(.text)
    TIM1_BRK_IRQHandler                      0x08000207   Thumb Code     0  startup_stm32f10x_cl.o(.text)
    TIM1_CC_IRQHandler                       0x08000207   Thumb Code     0  startup_stm32f10x_cl.o(.text)
    TIM1_TRG_COM_IRQHandler                  0x08000207   Thumb Code     0  startup_stm32f10x_cl.o(.text)
    TIM1_UP_IRQHandler                       0x08000207   Thumb Code     0  startup_stm32f10x_cl.o(.text)
    TIM2_IRQHandler                          0x08000207   Thumb Code     0  startup_stm32f10x_cl.o(.text)
    TIM3_IRQHandler                          0x08000207   Thumb Code     0  startup_stm32f10x_cl.o(.text)
    TIM4_IRQHandler                          0x08000207   Thumb Code     0  startup_stm32f10x_cl.o(.text)
    TIM6_IRQHandler                          0x08000207   Thumb Code     0  startup_stm32f10x_cl.o(.text)
    TIM7_IRQHandler                          0x08000207   Thumb Code     0  startup_stm32f10x_cl.o(.text)
    WWDG_IRQHandler                          0x08000207   Thumb Code     0  startup_stm32f10x_cl.o(.text)
    __user_initial_stackheap                 0x08000209   Thumb Code     0  startup_stm32f10x_cl.o(.text)
    strcat                                   0x0800022d   Thumb Code    24  strcat.o(.text)
    __aeabi_memcpy4                          0x08000245   Thumb Code     0  rt_memcpy_w.o(.text)
    __aeabi_memcpy8                          0x08000245   Thumb Code     0  rt_memcpy_w.o(.text)
    __rt_memcpy_w                            0x08000245   Thumb Code   100  rt_memcpy_w.o(.text)
    _memcpy_lastbytes_aligned                0x0800028d   Thumb Code     0  rt_memcpy_w.o(.text)
    __aeabi_memclr4                          0x080002a9   Thumb Code     0  rt_memclr_w.o(.text)
    __aeabi_memclr8                          0x080002a9   Thumb Code     0  rt_memclr_w.o(.text)
    __rt_memclr_w                            0x080002a9   Thumb Code    78  rt_memclr_w.o(.text)
    _memset_w                                0x080002ad   Thumb Code     0  rt_memclr_w.o(.text)
    strncpy                                  0x080002f7   Thumb Code    86  strncpy.o(.text)
    __use_two_region_memory                  0x0800034d   Thumb Code     2  heapauxi.o(.text)
    __rt_heap_escrow                         0x0800034f   Thumb Code     2  heapauxi.o(.text)
    __rt_heap_expand                         0x08000351   Thumb Code     2  heapauxi.o(.text)
    __aeabi_memclr                           0x08000353   Thumb Code     0  rt_memclr.o(.text)
    __rt_memclr                              0x08000353   Thumb Code    68  rt_memclr.o(.text)
    _memset                                  0x08000357   Thumb Code     0  rt_memclr.o(.text)
    __user_libspace                          0x08000399   Thumb Code     8  libspace.o(.text)
    __user_perproc_libspace                  0x08000399   Thumb Code     0  libspace.o(.text)
    __user_perthread_libspace                0x08000399   Thumb Code     0  libspace.o(.text)
    __I$use$semihosting                      0x080003a1   Thumb Code     0  use_no_semi.o(.text)
    __use_no_semihosting_swi                 0x080003a1   Thumb Code     2  use_no_semi.o(.text)
    __semihosting_library_function           0x080003a3   Thumb Code     0  indicate_semi.o(.text)
    __user_setup_stackheap                   0x080003a3   Thumb Code    74  sys_stackheap_outer.o(.text)
    exit                                     0x080003ed   Thumb Code    12  exit.o(.text)
    _sys_exit                                0x080003f9   Thumb Code     8  sys_exit.o(.text)
    AxisRun2Pos                              0x08000405   Thumb Code   178  syswork.o(i.AxisRun2Pos)
    BC_GetCode                               0x080004c1   Thumb Code   116  barcode_v0.1.o(i.BC_GetCode)
    CAN1_RX0_IRQHandler                      0x08000535   Thumb Code    10  stm32f10x_it.o(i.CAN1_RX0_IRQHandler)
    CAN_AxisAbsolute                         0x08000545   Thumb Code   166  mntc_canprotocol.o(i.CAN_AxisAbsolute)
    CAN_DeInit                               0x080005f1   Thumb Code    50  stm32f10x_can.o(i.CAN_DeInit)
    CAN_Decode                               0x08000629   Thumb Code   230  syswork.o(i.CAN_Decode)
    CAN_FilterInit                           0x08000719   Thumb Code   258  stm32f10x_can.o(i.CAN_FilterInit)
    CAN_GetRxSourceId                        0x08000821   Thumb Code    12  mntc_canprotocol.o(i.CAN_GetRxSourceId)
    CAN_GetRxTargetId                        0x0800082d   Thumb Code    12  mntc_canprotocol.o(i.CAN_GetRxTargetId)
    CAN_ITConfig                             0x08000839   Thumb Code    18  stm32f10x_can.o(i.CAN_ITConfig)
    CAN_Init                                 0x0800084b   Thumb Code   276  stm32f10x_can.o(i.CAN_Init)
    CAN_IsAxisAbsolute                       0x08000961   Thumb Code    98  mntc_canprotocol.o(i.CAN_IsAxisAbsolute)
    CAN_IsPeristalticPumpRun                 0x080009c9   Thumb Code    76  mntc_canprotocol.o(i.CAN_IsPeristalticPumpRun)
    CAN_PeristalticPumpRun                   0x08000a19   Thumb Code   116  mntc_canprotocol.o(i.CAN_PeristalticPumpRun)
    CAN_ProtocolInit                         0x08000a91   Thumb Code     8  mntc_canprotocol.o(i.CAN_ProtocolInit)
    CAN_Receive                              0x08000a99   Thumb Code   240  stm32f10x_can.o(i.CAN_Receive)
    CAN_SendData                             0x08000b89   Thumb Code    14  mntc_canprotocol.o(i.CAN_SendData)
    CAN_SetTxSourceId                        0x08000b97   Thumb Code    18  mntc_canprotocol.o(i.CAN_SetTxSourceId)
    CAN_SetTxTargetId                        0x08000ba9   Thumb Code    18  mntc_canprotocol.o(i.CAN_SetTxTargetId)
    CAN_StructInit                           0x08000bbb   Thumb Code    32  stm32f10x_can.o(i.CAN_StructInit)
    CAN_Transmit                             0x08000bdb   Thumb Code   294  stm32f10x_can.o(i.CAN_Transmit)
    ClearSoftTimer                           0x08000d01   Thumb Code    10  syswork.o(i.ClearSoftTimer)
    DW_GetCode                               0x08000d0b   Thumb Code   130  dw_agreement.o(i.DW_GetCode)
    DW_JumpPage                              0x08000d8d   Thumb Code    44  dw_agreement.o(i.DW_JumpPage)
    DW_SendCode                              0x08000db9   Thumb Code    78  dw_agreement.o(i.DW_SendCode)
    DW_Write2Buf                             0x08000e07   Thumb Code    48  dw_agreement.o(i.DW_Write2Buf)
    DW_WriteBuf                              0x08000e37   Thumb Code    24  dw_agreement.o(i.DW_WriteBuf)
    DW_WriteData                             0x08000e4f   Thumb Code    66  dw_agreement.o(i.DW_WriteData)
    DW_WriteStr                              0x08000e91   Thumb Code    74  dw_agreement.o(i.DW_WriteStr)
    Delay_Init                               0x08000edd   Thumb Code    56  delay.o(i.Delay_Init)
    EXTI15_10_IRQHandler                     0x08000f1d   Thumb Code    32  stm32f10x_it.o(i.EXTI15_10_IRQHandler)
    EXTI2_IRQHandler                         0x08000f41   Thumb Code    18  stm32f10x_it.o(i.EXTI2_IRQHandler)
    EXTI3_IRQHandler                         0x08000f53   Thumb Code    18  stm32f10x_it.o(i.EXTI3_IRQHandler)
    EXTI4_IRQHandler                         0x08000f65   Thumb Code    18  stm32f10x_it.o(i.EXTI4_IRQHandler)
    EXTI9_5_IRQHandler                       0x08000f77   Thumb Code    38  stm32f10x_it.o(i.EXTI9_5_IRQHandler)
    EXTI_ClearITPendingBit                   0x08000f9d   Thumb Code     6  stm32f10x_exti.o(i.EXTI_ClearITPendingBit)
    EXTI_GetITStatus                         0x08000fa9   Thumb Code    34  stm32f10x_exti.o(i.EXTI_GetITStatus)
    EXTI_Init                                0x08000fd1   Thumb Code   142  stm32f10x_exti.o(i.EXTI_Init)
    EXTI_PauseConfiguration                  0x08001065   Thumb Code    94  exti_configuration.o(i.EXTI_PauseConfiguration)
    EXTI_PauseEnable                         0x080010c3   Thumb Code    26  exti_configuration.o(i.EXTI_PauseEnable)
    GPIO_EXTILineConfig                      0x080010dd   Thumb Code    60  stm32f10x_gpio.o(i.GPIO_EXTILineConfig)
    GPIO_Init                                0x0800111d   Thumb Code   278  stm32f10x_gpio.o(i.GPIO_Init)
    GPIO_PinRemapConfig                      0x08001235   Thumb Code   138  stm32f10x_gpio.o(i.GPIO_PinRemapConfig)
    GPIO_ReadInputDataBit                    0x080012c5   Thumb Code    18  stm32f10x_gpio.o(i.GPIO_ReadInputDataBit)
    GPIO_ResetBits                           0x080012d7   Thumb Code     4  stm32f10x_gpio.o(i.GPIO_ResetBits)
    GPIO_SetBits                             0x080012db   Thumb Code     4  stm32f10x_gpio.o(i.GPIO_SetBits)
    HardFault_Handler                        0x080012df   Thumb Code     4  stm32f10x_it.o(i.HardFault_Handler)
    LCD_CupSeatEdit                          0x080012e5   Thumb Code   152  17003ui.o(i.LCD_CupSeatEdit)
    LCD_Decode                               0x08001381   Thumb Code   148  17003ui.o(i.LCD_Decode)
    LCD_DeletTestList                        0x08001421   Thumb Code   110  17003ui.o(i.LCD_DeletTestList)
    LCD_ReagentEdit                          0x08001499   Thumb Code   750  17003ui.o(i.LCD_ReagentEdit)
    LCD_RefreshCupSeat                       0x0800180d   Thumb Code    22  17003ui.o(i.LCD_RefreshCupSeat)
    LCD_RefreshEditSampleSeat                0x0800182d   Thumb Code   206  17003ui.o(i.LCD_RefreshEditSampleSeat)
    LCD_RefreshEditTestList                  0x08001905   Thumb Code   188  17003ui.o(i.LCD_RefreshEditTestList)
    LCD_RefreshReagentSeat                   0x08001a09   Thumb Code   374  17003ui.o(i.LCD_RefreshReagentSeat)
    LCD_RefreshResultName                    0x08001bf1   Thumb Code    40  17003ui.o(i.LCD_RefreshResultName)
    LCD_RefreshResultTabe                    0x08001c25   Thumb Code   128  17003ui.o(i.LCD_RefreshResultTabe)
    LCD_RefreshTestCurve                     0x08001cb9   Thumb Code   342  17003ui.o(i.LCD_RefreshTestCurve)
    LCD_ResultEdit                           0x08001ea5   Thumb Code    72  17003ui.o(i.LCD_ResultEdit)
    LCD_SampleEdit                           0x08001ef5   Thumb Code   926  17003ui.o(i.LCD_SampleEdit)
    LCD_TestCurveCtrl                        0x080022b1   Thumb Code   152  17003ui.o(i.LCD_TestCurveCtrl)
    LED_Init                                 0x08002361   Thumb Code    60  syswork.o(i.LED_Init)
    LabviewDecod                             0x080023a1   Thumb Code    82  syswork.o(i.LabviewDecod)
    MNTC_CanConfig                           0x08002405   Thumb Code    22  mntc_canconfig.o(i.MNTC_CanConfig)
    MNTC_CanDeviceConfig                     0x0800241d   Thumb Code   234  mntc_canconfig.o(i.MNTC_CanDeviceConfig)
    MNTC_CanPinConfig                        0x08002511   Thumb Code   268  mntc_canconfig.o(i.MNTC_CanPinConfig)
    NVIC_Init                                0x08002631   Thumb Code   100  misc.o(i.NVIC_Init)
    NVIC_PriorityGroupConfig                 0x080026a1   Thumb Code    10  misc.o(i.NVIC_PriorityGroupConfig)
    NVIC_SetVectorTable                      0x080026b5   Thumb Code    12  misc.o(i.NVIC_SetVectorTable)
    RCC_APB1PeriphClockCmd                   0x080026c9   Thumb Code    26  stm32f10x_rcc.o(i.RCC_APB1PeriphClockCmd)
    RCC_APB1PeriphResetCmd                   0x080026e9   Thumb Code    26  stm32f10x_rcc.o(i.RCC_APB1PeriphResetCmd)
    RCC_APB2PeriphClockCmd                   0x08002709   Thumb Code    26  stm32f10x_rcc.o(i.RCC_APB2PeriphClockCmd)
    RCC_GetClocksFreq                        0x08002729   Thumb Code   374  stm32f10x_rcc.o(i.RCC_GetClocksFreq)
    SampleInfoInit                           0x080028b9   Thumb Code   208  syswork.o(i.SampleInfoInit)
    ScanerDecode                             0x0800299d   Thumb Code   444  syswork.o(i.ScanerDecode)
    SeatInfoInit                             0x08002bd1   Thumb Code   350  syswork.o(i.SeatInfoInit)
    SystemInit                               0x08002ea9   Thumb Code    92  system_stm32f10x.o(i.SystemInit)
    TIM5_IRQHandler                          0x08002f15   Thumb Code   736  stm32f10x_it.o(i.TIM5_IRQHandler)
    TIM_ClearITPendingBit                    0x0800322d   Thumb Code     6  stm32f10x_tim.o(i.TIM_ClearITPendingBit)
    TIM_Cmd                                  0x08003233   Thumb Code    24  stm32f10x_tim.o(i.TIM_Cmd)
    TIM_GetITStatus                          0x0800324b   Thumb Code    34  stm32f10x_tim.o(i.TIM_GetITStatus)
    TIM_ITConfig                             0x0800326d   Thumb Code    18  stm32f10x_tim.o(i.TIM_ITConfig)
    TIM_TIM5_Configuration                   0x08003281   Thumb Code    72  tim.o(i.TIM_TIM5_Configuration)
    TIM_TIM5_Open                            0x080032cd   Thumb Code    50  tim.o(i.TIM_TIM5_Open)
    TIM_TimeBaseInit                         0x08003301   Thumb Code   122  stm32f10x_tim.o(i.TIM_TimeBaseInit)
    TestMethodInit                           0x080033a5   Thumb Code   178  syswork.o(i.TestMethodInit)
    UART4_IRQHandler                         0x0800345d   Thumb Code    82  stm32f10x_it.o(i.UART4_IRQHandler)
    UART5_IRQHandler                         0x080034b9   Thumb Code    82  stm32f10x_it.o(i.UART5_IRQHandler)
    USART1_IRQHandler                        0x08003515   Thumb Code    50  stm32f10x_it.o(i.USART1_IRQHandler)
    USART2_IRQHandler                        0x0800354d   Thumb Code   130  stm32f10x_it.o(i.USART2_IRQHandler)
    USART3_IRQHandler                        0x080035d9   Thumb Code   198  stm32f10x_it.o(i.USART3_IRQHandler)
    USART_Cmd                                0x080036ad   Thumb Code    24  stm32f10x_usart.o(i.USART_Cmd)
    USART_GetFlagStatus                      0x080036c5   Thumb Code    26  stm32f10x_usart.o(i.USART_GetFlagStatus)
    USART_GetITStatus                        0x080036df   Thumb Code    84  stm32f10x_usart.o(i.USART_GetITStatus)
    USART_ITConfig                           0x08003733   Thumb Code    74  stm32f10x_usart.o(i.USART_ITConfig)
    USART_Init                               0x0800377d   Thumb Code   210  stm32f10x_usart.o(i.USART_Init)
    USART_ReceiveData                        0x08003855   Thumb Code    10  stm32f10x_usart.o(i.USART_ReceiveData)
    USART_SendBuf                            0x0800385f   Thumb Code    50  usart_configuration.o(i.USART_SendBuf)
    USART_SendData                           0x08003891   Thumb Code     8  stm32f10x_usart.o(i.USART_SendData)
    Uart4_Configuration                      0x08003899   Thumb Code   140  usart_configuration.o(i.Uart4_Configuration)
    Uart4_Nvic_Configuration                 0x0800392d   Thumb Code    48  usart_configuration.o(i.Uart4_Nvic_Configuration)
    Uart5_Configuration                      0x0800395d   Thumb Code   138  usart_configuration.o(i.Uart5_Configuration)
    Uart5_Nvic_Configuration                 0x080039f5   Thumb Code    48  usart_configuration.o(i.Uart5_Nvic_Configuration)
    Usart1_Configuration                     0x08003a25   Thumb Code   112  usart_configuration.o(i.Usart1_Configuration)
    Usart1_Nvic_Configuration                0x08003a9d   Thumb Code    48  usart_configuration.o(i.Usart1_Nvic_Configuration)
    Usart2_Configuration                     0x08003acd   Thumb Code   118  usart_configuration.o(i.Usart2_Configuration)
    Usart2_Nvic_Configuration                0x08003b4d   Thumb Code    48  usart_configuration.o(i.Usart2_Nvic_Configuration)
    Usart3_Configuration                     0x08003b7d   Thumb Code   150  usart_configuration.o(i.Usart3_Configuration)
    Usart3_Nvic_Configuration                0x08003c21   Thumb Code    48  usart_configuration.o(i.Usart3_Nvic_Configuration)
    main                                     0x08003c51   Thumb Code   188  main.o(i.main)
    __aeabi_d2f                              0x08003d29   Thumb Code     0  d2f.o(x$fpl$d2f)
    _d2f                                     0x08003d29   Thumb Code    98  d2f.o(x$fpl$d2f)
    __aeabi_dadd                             0x08003d8d   Thumb Code     0  daddsub_clz.o(x$fpl$dadd)
    _dadd                                    0x08003d8d   Thumb Code   332  daddsub_clz.o(x$fpl$dadd)
    __fpl_dcmp_Inf                           0x08003edd   Thumb Code    24  dcmpi.o(x$fpl$dcmpinf)
    __aeabi_ddiv                             0x08003ef5   Thumb Code     0  ddiv.o(x$fpl$ddiv)
    _ddiv                                    0x08003ef5   Thumb Code   552  ddiv.o(x$fpl$ddiv)
    __aeabi_d2uiz                            0x080041a5   Thumb Code     0  dfixu.o(x$fpl$dfixu)
    _dfixu                                   0x080041a5   Thumb Code    90  dfixu.o(x$fpl$dfixu)
    __aeabi_ui2d                             0x080041ff   Thumb Code     0  dflt_clz.o(x$fpl$dfltu)
    _dfltu                                   0x080041ff   Thumb Code    38  dflt_clz.o(x$fpl$dfltu)
    __aeabi_cdcmple                          0x08004225   Thumb Code     0  dleqf.o(x$fpl$dleqf)
    _dcmple                                  0x08004225   Thumb Code   120  dleqf.o(x$fpl$dleqf)
    __fpl_dcmple_InfNaN                      0x08004287   Thumb Code     0  dleqf.o(x$fpl$dleqf)
    __aeabi_dmul                             0x0800429d   Thumb Code     0  dmul.o(x$fpl$dmul)
    _dmul                                    0x0800429d   Thumb Code   332  dmul.o(x$fpl$dmul)
    __fpl_dnaninf                            0x080043f1   Thumb Code   156  dnaninf.o(x$fpl$dnaninf)
    __fpl_dretinf                            0x0800448d   Thumb Code    12  dretinf.o(x$fpl$dretinf)
    __aeabi_cdrcmple                         0x08004499   Thumb Code     0  drleqf.o(x$fpl$drleqf)
    _drcmple                                 0x08004499   Thumb Code   108  drleqf.o(x$fpl$drleqf)
    __aeabi_drsub                            0x08004505   Thumb Code     0  daddsub_clz.o(x$fpl$drsb)
    _drsb                                    0x08004505   Thumb Code    22  daddsub_clz.o(x$fpl$drsb)
    __aeabi_dsub                             0x0800451d   Thumb Code     0  daddsub_clz.o(x$fpl$dsub)
    _dsub                                    0x0800451d   Thumb Code   464  daddsub_clz.o(x$fpl$dsub)
    __aeabi_f2d                              0x080046f1   Thumb Code     0  f2d.o(x$fpl$f2d)
    _f2d                                     0x080046f1   Thumb Code    86  f2d.o(x$fpl$f2d)
    __aeabi_fadd                             0x08004749   Thumb Code     0  faddsub_clz.o(x$fpl$fadd)
    _fadd                                    0x08004749   Thumb Code   196  faddsub_clz.o(x$fpl$fadd)
    __fpl_fcmp_Inf                           0x0800480d   Thumb Code    24  fcmpi.o(x$fpl$fcmpinf)
    __aeabi_cfcmpeq                          0x08004825   Thumb Code     0  feqf.o(x$fpl$feqf)
    _fcmpeq                                  0x08004825   Thumb Code   104  feqf.o(x$fpl$feqf)
    __aeabi_f2iz                             0x0800488d   Thumb Code     0  ffix.o(x$fpl$ffix)
    _ffix                                    0x0800488d   Thumb Code    54  ffix.o(x$fpl$ffix)
    __aeabi_i2f                              0x080048c5   Thumb Code     0  fflt_clz.o(x$fpl$fflt)
    _fflt                                    0x080048c5   Thumb Code    48  fflt_clz.o(x$fpl$fflt)
    __aeabi_fmul                             0x080048f5   Thumb Code     0  fmul.o(x$fpl$fmul)
    _fmul                                    0x080048f5   Thumb Code   258  fmul.o(x$fpl$fmul)
    __fpl_fnaninf                            0x080049f7   Thumb Code   140  fnaninf.o(x$fpl$fnaninf)
    __fpl_fretinf                            0x08004a83   Thumb Code    10  fretinf.o(x$fpl$fretinf)
    __aeabi_fsub                             0x08004a8d   Thumb Code     0  faddsub_clz.o(x$fpl$fsub)
    _fsub                                    0x08004a8d   Thumb Code   234  faddsub_clz.o(x$fpl$fsub)
    __I$use$fp                               0x08004b76   Number         0  usenofp.o(x$fpl$usenofp)
    Region$$Table$$Base                      0x08004b78   Number         0  anon$$obj.o(Region$$Table)
    Region$$Table$$Limit                     0x08004b98   Number         0  anon$$obj.o(Region$$Table)
    MaxRackNum                               0x20000000   Data           4  main.o(.data)
    RunState                                 0x20000004   Data           4  main.o(.data)
    CupPosBase                               0x20000008   Data           8  main.o(.data)
    ReagentPosBase                           0x20000010   Data           8  main.o(.data)
    WashPosBase                              0x20000018   Data           8  main.o(.data)
    DiscardPosBase                           0x20000020   Data           8  main.o(.data)
    Pump                                     0x20000028   Data           8  main.o(.data)
    NowPageNum                               0x20000030   Data           4  main.o(.data)
    ReturnPagNum                             0x20000034   Data           4  main.o(.data)
    TestCnt                                  0x20000038   Data           4  main.o(.data)
    Hour                                     0x2000003c   Data           4  main.o(.data)
    Minute                                   0x20000040   Data           4  main.o(.data)
    Second                                   0x20000044   Data           4  main.o(.data)
    LabviewFlag                              0x20000048   Data           4  main.o(.data)
    fib_result2                              0x2000004c   Data           4  main.o(.data)
    rr                                       0x20000050   Data           4  main.o(.data)
    GetCupState                              0x2000005c   Data           4  syswork.o(.data)
    Temp1                                    0x20000060   Data           4  syswork.o(.data)
    Temp2                                    0x20000064   Data           4  syswork.o(.data)
    Action_Flag                              0x20000068   Data           4  syswork.o(.data)
    EditTestListNum                          0x20000074   Data           4  17003ui.o(.data)
    ResultName                               0x20000078   Data         104  17003ui.o(.data)
    FirstColNum                              0x200000e0   Data           4  17003ui.o(.data)
    FirstRowNum                              0x200000e4   Data           4  17003ui.o(.data)
    seat_str                                 0x200000e8   Data           5  17003ui.o(.data)
    CanCom                                   0x20000114   Data          48  main.o(.bss)
    LCD                                      0x20000144   Data         528  main.o(.bss)
    Sample                                   0x20000354   Data       31600  main.o(.bss)
    Reagent                                  0x20007ec4   Data         760  main.o(.bss)
    CupSeat                                  0x200081bc   Data         360  main.o(.bss)
    DetectSeatState                          0x20008324   Data          48  main.o(.bss)
    TestMethod                               0x20008354   Data         352  main.o(.bss)
    Calibration                              0x200084b4   Data         672  main.o(.bss)
    EditCalibration                          0x20008754   Data         168  main.o(.bss)
    SamplePosBase                            0x200087fc   Data          16  main.o(.bss)
    DetectPosBase                            0x2000880c   Data          48  main.o(.bss)
    Axis                                     0x2000883c   Data          48  main.o(.bss)
    DetectDelay                              0x2000886c   Data         144  main.o(.bss)
    Err                                      0x200088fc   Data          16  main.o(.bss)
    Barcode                                  0x2000890c   Data         164  main.o(.bss)
    LabviewBuf                               0x200089b0   Data          80  main.o(.bss)
    fib_result1                              0x20008a00   Data          16  main.o(.bss)
    EditSample                               0x20008a10   Data        5688  17003ui.o(.bss)
    EditTestList                             0x2000a048   Data         240  17003ui.o(.bss)
    EditReagent                              0x2000a138   Data          40  17003ui.o(.bss)
    __libspace_start                         0x2000a160   Data          96  libspace.o(.bss)
    __temporary_stack_top$libspace           0x2000a1c0   Data           0  libspace.o(.bss)



==============================================================================

Memory Map of the image

  Image Entry point : 0x08000151

  Load Region LR_IROM1 (Base: 0x08000000, Size: 0x00004cac, Max: 0x00040000, ABSOLUTE)

    Execution Region ER_IROM1 (Base: 0x08000000, Size: 0x00004b98, Max: 0x00040000, ABSOLUTE)

    Base Addr    Size         Type   Attr      Idx    E Section Name        Object

    0x08000000   0x00000150   Data   RO         2958    RESET               startup_stm32f10x_cl.o
    0x08000150   0x00000008   Code   RO         3037  * !!!main             c_w.l(__main.o)
    0x08000158   0x00000034   Code   RO         3384    !!!scatter          c_w.l(__scatter.o)
    0x0800018c   0x0000001a   Code   RO         3386    !!handler_copy      c_w.l(__scatter_copy.o)
    0x080001a6   0x00000002   PAD
    0x080001a8   0x0000001c   Code   RO         3388    !!handler_zi        c_w.l(__scatter_zi.o)
    0x080001c4   0x00000002   Code   RO         3320    .ARM.Collect$$libinit$$00000000  c_w.l(libinit.o)
    0x080001c6   0x00000000   Code   RO         3150    .ARM.Collect$$libinit$$00000002  c_w.l(libinit2.o)
    0x080001c6   0x00000000   Code   RO         3152    .ARM.Collect$$libinit$$00000004  c_w.l(libinit2.o)
    0x080001c6   0x00000000   Code   RO         3155    .ARM.Collect$$libinit$$0000000A  c_w.l(libinit2.o)
    0x080001c6   0x00000000   Code   RO         3157    .ARM.Collect$$libinit$$0000000C  c_w.l(libinit2.o)
    0x080001c6   0x00000000   Code   RO         3159    .ARM.Collect$$libinit$$0000000E  c_w.l(libinit2.o)
    0x080001c6   0x00000000   Code   RO         3162    .ARM.Collect$$libinit$$00000011  c_w.l(libinit2.o)
    0x080001c6   0x00000000   Code   RO         3164    .ARM.Collect$$libinit$$00000013  c_w.l(libinit2.o)
    0x080001c6   0x00000000   Code   RO         3166    .ARM.Collect$$libinit$$00000015  c_w.l(libinit2.o)
    0x080001c6   0x00000000   Code   RO         3168    .ARM.Collect$$libinit$$00000017  c_w.l(libinit2.o)
    0x080001c6   0x00000000   Code   RO         3170    .ARM.Collect$$libinit$$00000019  c_w.l(libinit2.o)
    0x080001c6   0x00000000   Code   RO         3172    .ARM.Collect$$libinit$$0000001B  c_w.l(libinit2.o)
    0x080001c6   0x00000000   Code   RO         3174    .ARM.Collect$$libinit$$0000001D  c_w.l(libinit2.o)
    0x080001c6   0x00000000   Code   RO         3176    .ARM.Collect$$libinit$$0000001F  c_w.l(libinit2.o)
    0x080001c6   0x00000000   Code   RO         3178    .ARM.Collect$$libinit$$00000021  c_w.l(libinit2.o)
    0x080001c6   0x00000000   Code   RO         3180    .ARM.Collect$$libinit$$00000023  c_w.l(libinit2.o)
    0x080001c6   0x00000000   Code   RO         3182    .ARM.Collect$$libinit$$00000025  c_w.l(libinit2.o)
    0x080001c6   0x00000000   Code   RO         3186    .ARM.Collect$$libinit$$0000002C  c_w.l(libinit2.o)
    0x080001c6   0x00000000   Code   RO         3188    .ARM.Collect$$libinit$$0000002E  c_w.l(libinit2.o)
    0x080001c6   0x00000000   Code   RO         3190    .ARM.Collect$$libinit$$00000030  c_w.l(libinit2.o)
    0x080001c6   0x00000000   Code   RO         3192    .ARM.Collect$$libinit$$00000032  c_w.l(libinit2.o)
    0x080001c6   0x00000002   Code   RO         3193    .ARM.Collect$$libinit$$00000033  c_w.l(libinit2.o)
    0x080001c8   0x00000002   Code   RO         3381    .ARM.Collect$$libshutdown$$00000000  c_w.l(libshutdown.o)
    0x080001ca   0x00000000   Code   RO         3337    .ARM.Collect$$libshutdown$$00000003  c_w.l(libshutdown2.o)
    0x080001ca   0x00000000   Code   RO         3340    .ARM.Collect$$libshutdown$$00000006  c_w.l(libshutdown2.o)
    0x080001ca   0x00000000   Code   RO         3343    .ARM.Collect$$libshutdown$$00000009  c_w.l(libshutdown2.o)
    0x080001ca   0x00000000   Code   RO         3345    .ARM.Collect$$libshutdown$$0000000B  c_w.l(libshutdown2.o)
    0x080001ca   0x00000000   Code   RO         3348    .ARM.Collect$$libshutdown$$0000000E  c_w.l(libshutdown2.o)
    0x080001ca   0x00000002   Code   RO         3349    .ARM.Collect$$libshutdown$$0000000F  c_w.l(libshutdown2.o)
    0x080001cc   0x00000000   Code   RO         3117    .ARM.Collect$$rtentry$$00000000  c_w.l(__rtentry.o)
    0x080001cc   0x00000000   Code   RO         3252    .ARM.Collect$$rtentry$$00000002  c_w.l(__rtentry2.o)
    0x080001cc   0x00000006   Code   RO         3264    .ARM.Collect$$rtentry$$00000004  c_w.l(__rtentry4.o)
    0x080001d2   0x00000000   Code   RO         3254    .ARM.Collect$$rtentry$$00000009  c_w.l(__rtentry2.o)
    0x080001d2   0x00000004   Code   RO         3255    .ARM.Collect$$rtentry$$0000000A  c_w.l(__rtentry2.o)
    0x080001d6   0x00000000   Code   RO         3257    .ARM.Collect$$rtentry$$0000000C  c_w.l(__rtentry2.o)
    0x080001d6   0x00000008   Code   RO         3258    .ARM.Collect$$rtentry$$0000000D  c_w.l(__rtentry2.o)
    0x080001de   0x00000002   Code   RO         3325    .ARM.Collect$$rtexit$$00000000  c_w.l(rtexit.o)
    0x080001e0   0x00000000   Code   RO         3355    .ARM.Collect$$rtexit$$00000002  c_w.l(rtexit2.o)
    0x080001e0   0x00000004   Code   RO         3356    .ARM.Collect$$rtexit$$00000003  c_w.l(rtexit2.o)
    0x080001e4   0x00000006   Code   RO         3357    .ARM.Collect$$rtexit$$00000004  c_w.l(rtexit2.o)
    0x080001ea   0x00000002   PAD
    0x080001ec   0x00000040   Code   RO         2959    .text               startup_stm32f10x_cl.o
    0x0800022c   0x00000018   Code   RO         3027    .text               c_w.l(strcat.o)
    0x08000244   0x00000064   Code   RO         3029    .text               c_w.l(rt_memcpy_w.o)
    0x080002a8   0x0000004e   Code   RO         3031    .text               c_w.l(rt_memclr_w.o)
    0x080002f6   0x00000056   Code   RO         3033    .text               c_w.l(strncpy.o)
    0x0800034c   0x00000006   Code   RO         3035    .text               c_w.l(heapauxi.o)
    0x08000352   0x00000044   Code   RO         3145    .text               c_w.l(rt_memclr.o)
    0x08000396   0x00000002   PAD
    0x08000398   0x00000008   Code   RO         3248    .text               c_w.l(libspace.o)
    0x080003a0   0x00000002   Code   RO         3296    .text               c_w.l(use_no_semi.o)
    0x080003a2   0x00000000   Code   RO         3298    .text               c_w.l(indicate_semi.o)
    0x080003a2   0x0000004a   Code   RO         3299    .text               c_w.l(sys_stackheap_outer.o)
    0x080003ec   0x0000000c   Code   RO         3305    .text               c_w.l(exit.o)
    0x080003f8   0x0000000c   Code   RO         3323    .text               c_w.l(sys_exit.o)
    0x08000404   0x000000bc   Code   RO          242    i.AxisRun2Pos       syswork.o
    0x080004c0   0x00000074   Code   RO          960    i.BC_GetCode        barcode_v0.1.o
    0x08000534   0x00000010   Code   RO          124    i.CAN1_RX0_IRQHandler  stm32f10x_it.o
    0x08000544   0x000000ac   Code   RO         1149    i.CAN_AxisAbsolute  mntc_canprotocol.o
    0x080005f0   0x00000038   Code   RO         2805    i.CAN_DeInit        stm32f10x_can.o
    0x08000628   0x000000f0   Code   RO          245    i.CAN_Decode        syswork.o
    0x08000718   0x00000108   Code   RO         2807    i.CAN_FilterInit    stm32f10x_can.o
    0x08000820   0x0000000c   Code   RO         1155    i.CAN_GetRxSourceId  mntc_canprotocol.o
    0x0800082c   0x0000000c   Code   RO         1156    i.CAN_GetRxTargetId  mntc_canprotocol.o
    0x08000838   0x00000012   Code   RO         2813    i.CAN_ITConfig      stm32f10x_can.o
    0x0800084a   0x00000114   Code   RO         2814    i.CAN_Init          stm32f10x_can.o
    0x0800095e   0x00000002   PAD
    0x08000960   0x00000068   Code   RO         1157    i.CAN_IsAxisAbsolute  mntc_canprotocol.o
    0x080009c8   0x00000050   Code   RO         1164    i.CAN_IsPeristalticPumpRun  mntc_canprotocol.o
    0x08000a18   0x00000078   Code   RO         1171    i.CAN_PeristalticPumpRun  mntc_canprotocol.o
    0x08000a90   0x00000008   Code   RO         1179    i.CAN_ProtocolInit  mntc_canprotocol.o
    0x08000a98   0x000000f0   Code   RO         2817    i.CAN_Receive       stm32f10x_can.o
    0x08000b88   0x0000000e   Code   RO         1183    i.CAN_SendData      mntc_canprotocol.o
    0x08000b96   0x00000012   Code   RO         1184    i.CAN_SetTxSourceId  mntc_canprotocol.o
    0x08000ba8   0x00000012   Code   RO         1185    i.CAN_SetTxTargetId  mntc_canprotocol.o
    0x08000bba   0x00000020   Code   RO         2820    i.CAN_StructInit    stm32f10x_can.o
    0x08000bda   0x00000126   Code   RO         2822    i.CAN_Transmit      stm32f10x_can.o
    0x08000d00   0x0000000a   Code   RO          251    i.ClearSoftTimer    syswork.o
    0x08000d0a   0x00000082   Code   RO          874    i.DW_GetCode        dw_agreement.o
    0x08000d8c   0x0000002c   Code   RO          875    i.DW_JumpPage       dw_agreement.o
    0x08000db8   0x0000004e   Code   RO          878    i.DW_SendCode       dw_agreement.o
    0x08000e06   0x00000030   Code   RO          880    i.DW_Write2Buf      dw_agreement.o
    0x08000e36   0x00000018   Code   RO          881    i.DW_WriteBuf       dw_agreement.o
    0x08000e4e   0x00000042   Code   RO          883    i.DW_WriteData      dw_agreement.o
    0x08000e90   0x0000004a   Code   RO          885    i.DW_WriteStr       dw_agreement.o
    0x08000eda   0x00000002   PAD
    0x08000edc   0x00000040   Code   RO          976    i.Delay_Init        delay.o
    0x08000f1c   0x00000024   Code   RO          125    i.EXTI15_10_IRQHandler  stm32f10x_it.o
    0x08000f40   0x00000012   Code   RO          126    i.EXTI2_IRQHandler  stm32f10x_it.o
    0x08000f52   0x00000012   Code   RO          127    i.EXTI3_IRQHandler  stm32f10x_it.o
    0x08000f64   0x00000012   Code   RO          128    i.EXTI4_IRQHandler  stm32f10x_it.o
    0x08000f76   0x00000026   Code   RO          129    i.EXTI9_5_IRQHandler  stm32f10x_it.o
    0x08000f9c   0x0000000c   Code   RO         1478    i.EXTI_ClearITPendingBit  stm32f10x_exti.o
    0x08000fa8   0x00000028   Code   RO         1482    i.EXTI_GetITStatus  stm32f10x_exti.o
    0x08000fd0   0x00000094   Code   RO         1483    i.EXTI_Init         stm32f10x_exti.o
    0x08001064   0x0000005e   Code   RO         1016    i.EXTI_PauseConfiguration  exti_configuration.o
    0x080010c2   0x0000001a   Code   RO         1018    i.EXTI_PauseEnable  exti_configuration.o
    0x080010dc   0x00000040   Code   RO         1708    i.GPIO_EXTILineConfig  stm32f10x_gpio.o
    0x0800111c   0x00000116   Code   RO         1711    i.GPIO_Init         stm32f10x_gpio.o
    0x08001232   0x00000002   PAD
    0x08001234   0x00000090   Code   RO         1713    i.GPIO_PinRemapConfig  stm32f10x_gpio.o
    0x080012c4   0x00000012   Code   RO         1715    i.GPIO_ReadInputDataBit  stm32f10x_gpio.o
    0x080012d6   0x00000004   Code   RO         1718    i.GPIO_ResetBits    stm32f10x_gpio.o
    0x080012da   0x00000004   Code   RO         1719    i.GPIO_SetBits      stm32f10x_gpio.o
    0x080012de   0x00000004   Code   RO          130    i.HardFault_Handler  stm32f10x_it.o
    0x080012e2   0x00000002   PAD
    0x080012e4   0x0000009c   Code   RO          569    i.LCD_CupSeatEdit   17003ui.o
    0x08001380   0x000000a0   Code   RO          570    i.LCD_Decode        17003ui.o
    0x08001420   0x00000078   Code   RO          571    i.LCD_DeletTestList  17003ui.o
    0x08001498   0x00000374   Code   RO          572    i.LCD_ReagentEdit   17003ui.o
    0x0800180c   0x00000020   Code   RO          574    i.LCD_RefreshCupSeat  17003ui.o
    0x0800182c   0x000000d8   Code   RO          575    i.LCD_RefreshEditSampleSeat  17003ui.o
    0x08001904   0x00000104   Code   RO          576    i.LCD_RefreshEditTestList  17003ui.o
    0x08001a08   0x000001e8   Code   RO          577    i.LCD_RefreshReagentSeat  17003ui.o
    0x08001bf0   0x00000034   Code   RO          578    i.LCD_RefreshResultName  17003ui.o
    0x08001c24   0x00000094   Code   RO          579    i.LCD_RefreshResultTabe  17003ui.o
    0x08001cb8   0x000001ec   Code   RO          581    i.LCD_RefreshTestCurve  17003ui.o
    0x08001ea4   0x00000050   Code   RO          582    i.LCD_ResultEdit    17003ui.o
    0x08001ef4   0x000003bc   Code   RO          583    i.LCD_SampleEdit    17003ui.o
    0x080022b0   0x000000b0   Code   RO          585    i.LCD_TestCurveCtrl  17003ui.o
    0x08002360   0x00000040   Code   RO          269    i.LED_Init          syswork.o
    0x080023a0   0x00000064   Code   RO          270    i.LabviewDecod      syswork.o
    0x08002404   0x00000016   Code   RO         1116    i.MNTC_CanConfig    mntc_canconfig.o
    0x0800241a   0x00000002   PAD
    0x0800241c   0x000000f4   Code   RO         1117    i.MNTC_CanDeviceConfig  mntc_canconfig.o
    0x08002510   0x00000120   Code   RO         1118    i.MNTC_CanPinConfig  mntc_canconfig.o
    0x08002630   0x00000070   Code   RO         1441    i.NVIC_Init         misc.o
    0x080026a0   0x00000014   Code   RO         1442    i.NVIC_PriorityGroupConfig  misc.o
    0x080026b4   0x00000014   Code   RO         1443    i.NVIC_SetVectorTable  misc.o
    0x080026c8   0x00000020   Code   RO         1822    i.RCC_APB1PeriphClockCmd  stm32f10x_rcc.o
    0x080026e8   0x00000020   Code   RO         1823    i.RCC_APB1PeriphResetCmd  stm32f10x_rcc.o
    0x08002708   0x00000020   Code   RO         1824    i.RCC_APB2PeriphClockCmd  stm32f10x_rcc.o
    0x08002728   0x00000190   Code   RO         1832    i.RCC_GetClocksFreq  stm32f10x_rcc.o
    0x080028b8   0x000000e4   Code   RO          281    i.SampleInfoInit    syswork.o
    0x0800299c   0x00000234   Code   RO          282    i.ScanerDecode      syswork.o
    0x08002bd0   0x000001b8   Code   RO          283    i.SeatInfoInit      syswork.o
    0x08002d88   0x00000008   Code   RO         1391    i.SetSysClock       system_stm32f10x.o
    0x08002d90   0x00000118   Code   RO         1392    i.SetSysClockTo72   system_stm32f10x.o
    0x08002ea8   0x0000006c   Code   RO         1394    i.SystemInit        system_stm32f10x.o
    0x08002f14   0x00000318   Code   RO          131    i.TIM5_IRQHandler   stm32f10x_it.o
    0x0800322c   0x00000006   Code   RO         2264    i.TIM_ClearITPendingBit  stm32f10x_tim.o
    0x08003232   0x00000018   Code   RO         2269    i.TIM_Cmd           stm32f10x_tim.o
    0x0800324a   0x00000022   Code   RO         2290    i.TIM_GetITStatus   stm32f10x_tim.o
    0x0800326c   0x00000012   Code   RO         2294    i.TIM_ITConfig      stm32f10x_tim.o
    0x0800327e   0x00000002   PAD
    0x08003280   0x0000004c   Code   RO         1055    i.TIM_TIM5_Configuration  tim.o
    0x080032cc   0x00000032   Code   RO         1056    i.TIM_TIM5_Open     tim.o
    0x080032fe   0x00000002   PAD
    0x08003300   0x000000a4   Code   RO         2340    i.TIM_TimeBaseInit  stm32f10x_tim.o
    0x080033a4   0x000000b8   Code   RO          286    i.TestMethodInit    syswork.o
    0x0800345c   0x0000005c   Code   RO          132    i.UART4_IRQHandler  stm32f10x_it.o
    0x080034b8   0x0000005c   Code   RO          133    i.UART5_IRQHandler  stm32f10x_it.o
    0x08003514   0x00000038   Code   RO          134    i.USART1_IRQHandler  stm32f10x_it.o
    0x0800354c   0x0000008c   Code   RO          135    i.USART2_IRQHandler  stm32f10x_it.o
    0x080035d8   0x000000d4   Code   RO          136    i.USART3_IRQHandler  stm32f10x_it.o
    0x080036ac   0x00000018   Code   RO         2077    i.USART_Cmd         stm32f10x_usart.o
    0x080036c4   0x0000001a   Code   RO         2080    i.USART_GetFlagStatus  stm32f10x_usart.o
    0x080036de   0x00000054   Code   RO         2081    i.USART_GetITStatus  stm32f10x_usart.o
    0x08003732   0x0000004a   Code   RO         2083    i.USART_ITConfig    stm32f10x_usart.o
    0x0800377c   0x000000d8   Code   RO         2084    i.USART_Init        stm32f10x_usart.o
    0x08003854   0x0000000a   Code   RO         2091    i.USART_ReceiveData  stm32f10x_usart.o
    0x0800385e   0x00000032   Code   RO          798    i.USART_SendBuf     usart_configuration.o
    0x08003890   0x00000008   Code   RO         2094    i.USART_SendData    stm32f10x_usart.o
    0x08003898   0x00000094   Code   RO          799    i.Uart4_Configuration  usart_configuration.o
    0x0800392c   0x00000030   Code   RO          800    i.Uart4_Nvic_Configuration  usart_configuration.o
    0x0800395c   0x00000098   Code   RO          801    i.Uart5_Configuration  usart_configuration.o
    0x080039f4   0x00000030   Code   RO          802    i.Uart5_Nvic_Configuration  usart_configuration.o
    0x08003a24   0x00000078   Code   RO          803    i.Usart1_Configuration  usart_configuration.o
    0x08003a9c   0x00000030   Code   RO          804    i.Usart1_Nvic_Configuration  usart_configuration.o
    0x08003acc   0x00000080   Code   RO          805    i.Usart2_Configuration  usart_configuration.o
    0x08003b4c   0x00000030   Code   RO          806    i.Usart2_Nvic_Configuration  usart_configuration.o
    0x08003b7c   0x000000a4   Code   RO          807    i.Usart3_Configuration  usart_configuration.o
    0x08003c20   0x00000030   Code   RO          808    i.Usart3_Nvic_Configuration  usart_configuration.o
    0x08003c50   0x000000d8   Code   RO            1    i.main              main.o
    0x08003d28   0x00000062   Code   RO         3039    x$fpl$d2f           fz_ws.l(d2f.o)
    0x08003d8a   0x00000002   PAD
    0x08003d8c   0x00000150   Code   RO         3041    x$fpl$dadd          fz_ws.l(daddsub_clz.o)
    0x08003edc   0x00000018   Code   RO         3194    x$fpl$dcmpinf       fz_ws.l(dcmpi.o)
    0x08003ef4   0x000002b0   Code   RO         3048    x$fpl$ddiv          fz_ws.l(ddiv.o)
    0x080041a4   0x0000005a   Code   RO         3051    x$fpl$dfixu         fz_ws.l(dfixu.o)
    0x080041fe   0x00000026   Code   RO         3055    x$fpl$dfltu         fz_ws.l(dflt_clz.o)
    0x08004224   0x00000078   Code   RO         3061    x$fpl$dleqf         fz_ws.l(dleqf.o)
    0x0800429c   0x00000154   Code   RO         3063    x$fpl$dmul          fz_ws.l(dmul.o)
    0x080043f0   0x0000009c   Code   RO         3196    x$fpl$dnaninf       fz_ws.l(dnaninf.o)
    0x0800448c   0x0000000c   Code   RO         3198    x$fpl$dretinf       fz_ws.l(dretinf.o)
    0x08004498   0x0000006c   Code   RO         3065    x$fpl$drleqf        fz_ws.l(drleqf.o)
    0x08004504   0x00000016   Code   RO         3042    x$fpl$drsb          fz_ws.l(daddsub_clz.o)
    0x0800451a   0x00000002   PAD
    0x0800451c   0x000001d4   Code   RO         3043    x$fpl$dsub          fz_ws.l(daddsub_clz.o)
    0x080046f0   0x00000056   Code   RO         3067    x$fpl$f2d           fz_ws.l(f2d.o)
    0x08004746   0x00000002   PAD
    0x08004748   0x000000c4   Code   RO         3069    x$fpl$fadd          fz_ws.l(faddsub_clz.o)
    0x0800480c   0x00000018   Code   RO         3200    x$fpl$fcmpinf       fz_ws.l(fcmpi.o)
    0x08004824   0x00000068   Code   RO         3079    x$fpl$feqf          fz_ws.l(feqf.o)
    0x0800488c   0x00000036   Code   RO         3081    x$fpl$ffix          fz_ws.l(ffix.o)
    0x080048c2   0x00000002   PAD
    0x080048c4   0x00000030   Code   RO         3086    x$fpl$fflt          fz_ws.l(fflt_clz.o)
    0x080048f4   0x00000102   Code   RO         3093    x$fpl$fmul          fz_ws.l(fmul.o)
    0x080049f6   0x0000008c   Code   RO         3202    x$fpl$fnaninf       fz_ws.l(fnaninf.o)
    0x08004a82   0x0000000a   Code   RO         3204    x$fpl$fretinf       fz_ws.l(fretinf.o)
    0x08004a8c   0x000000ea   Code   RO         3071    x$fpl$fsub          fz_ws.l(faddsub_clz.o)
    0x08004b76   0x00000000   Code   RO         3208    x$fpl$usenofp       fz_ws.l(usenofp.o)
    0x08004b76   0x00000002   PAD
    0x08004b78   0x00000020   Data   RO         3382    Region$$Table       anon$$obj.o


    Execution Region RW_IRAM1 (Base: 0x20000000, Size: 0x0000c1c0, Max: 0x00010000, ABSOLUTE)

    Base Addr    Size         Type   Attr      Idx    E Section Name        Object

    0x20000000   0x00000054   Data   RW            3    .data               main.o
    0x20000054   0x00000008   Data   RW          137    .data               stm32f10x_it.o
    0x2000005c   0x00000018   Data   RW          290    .data               syswork.o
    0x20000074   0x00000088   Data   RW          587    .data               17003ui.o
    0x200000fc   0x00000004   Data   RW          980    .data               delay.o
    0x20000100   0x00000014   Data   RW         1860    .data               stm32f10x_rcc.o
    0x20000114   0x000088fc   Zero   RW            2    .bss                main.o
    0x20008a10   0x00001750   Zero   RW          586    .bss                17003ui.o
    0x2000a160   0x00000060   Zero   RW         3249    .bss                c_w.l(libspace.o)
    0x2000a1c0   0x00000800   Zero   RW         2957    HEAP                startup_stm32f10x_cl.o
    0x2000a9c0   0x00001800   Zero   RW         2956    STACK               startup_stm32f10x_cl.o


==============================================================================

Image component sizes


      Code (inc. data)   RO Data    RW Data    ZI Data      Debug   Object Name

      4220        668          0        136       5968      17612   17003ui.o
       116          0          0          0          0       1593   barcode_v0.1.o
         0          0          0          0          0         32   core_cm3.o
        64          8          0          4          0        793   delay.o
       464          0          0          0          0       5623   dw_agreement.o
       120          0          0          0          0      16416   exti_configuration.o
       216         28          0         84      35068     296051   main.o
       152         30          0          0          0       2465   misc.o
       554         30          0          0          0       2856   mntc_canconfig.o
       558         20          0          0          0       8682   mntc_canprotocol.o
        64         26        336          0       8192        860   startup_stm32f10x_cl.o
      1180         12          0          0          0       6182   stm32f10x_can.o
       200         18          0          0          0       2496   stm32f10x_exti.o
       512         10          0          0          0       5764   stm32f10x_gpio.o
      1532        116          0          8          0       7643   stm32f10x_it.o
       496         44          0         20          0       6375   stm32f10x_rcc.o
       246         42          0          0          0       4130   stm32f10x_tim.o
       442          6          0          0          0       6893   stm32f10x_usart.o
       396         32          0          0          0       2249   system_stm32f10x.o
      2018        298          0         24          0      13947   syswork.o
       126          4          0          0          0       1133   tim.o
      1002         54          0          0          0       7787   usart_configuration.o

    ----------------------------------------------------------------------
     14692       1446        368        276      49228     417582   Object Totals
         0          0         32          0          0          0   (incl. Generated)
        14          0          0          0          0          0   (incl. Padding)

    ----------------------------------------------------------------------

      Code (inc. data)   RO Data    RW Data    ZI Data      Debug   Library Member Name

         8          0          0          0          0         68   __main.o
         0          0          0          0          0          0   __rtentry.o
        12          0          0          0          0          0   __rtentry2.o
         6          0          0          0          0          0   __rtentry4.o
        52          8          0          0          0          0   __scatter.o
        26          0          0          0          0          0   __scatter_copy.o
        28          0          0          0          0          0   __scatter_zi.o
        12          0          0          0          0         72   exit.o
         6          0          0          0          0        152   heapauxi.o
         0          0          0          0          0          0   indicate_semi.o
         2          0          0          0          0          0   libinit.o
         2          0          0          0          0          0   libinit2.o
         2          0          0          0          0          0   libshutdown.o
         2          0          0          0          0          0   libshutdown2.o
         8          4          0          0         96         68   libspace.o
        68          0          0          0          0         68   rt_memclr.o
        78          0          0          0          0         80   rt_memclr_w.o
       100          0          0          0          0         80   rt_memcpy_w.o
         2          0          0          0          0          0   rtexit.o
        10          0          0          0          0          0   rtexit2.o
        24          0          0          0          0         68   strcat.o
        86          0          0          0          0         76   strncpy.o
        12          4          0          0          0         68   sys_exit.o
        74          0          0          0          0         80   sys_stackheap_outer.o
         2          0          0          0          0         68   use_no_semi.o
        98          4          0          0          0         92   d2f.o
       826         16          0          0          0        348   daddsub_clz.o
        24          0          0          0          0         68   dcmpi.o
       688        140          0          0          0        208   ddiv.o
        90          4          0          0          0         92   dfixu.o
        38          0          0          0          0         68   dflt_clz.o
       120          4          0          0          0         92   dleqf.o
       340         12          0          0          0        104   dmul.o
       156          4          0          0          0         92   dnaninf.o
        12          0          0          0          0         68   dretinf.o
       108          0          0          0          0         80   drleqf.o
        86          4          0          0          0         84   f2d.o
       430          8          0          0          0        168   faddsub_clz.o
        24          0          0          0          0         68   fcmpi.o
       104          4          0          0          0         84   feqf.o
        54          4          0          0          0         84   ffix.o
        48          0          0          0          0         68   fflt_clz.o
       258          4          0          0          0         84   fmul.o
       140          4          0          0          0         84   fnaninf.o
        10          0          0          0          0         68   fretinf.o
         0          0          0          0          0          0   usenofp.o

    ----------------------------------------------------------------------
      4292        228          0          0         96       3052   Library Totals
        16          0          0          0          0          0   (incl. Padding)

    ----------------------------------------------------------------------

      Code (inc. data)   RO Data    RW Data    ZI Data      Debug   Library Name

       622         16          0          0         96        948   c_w.l
      3654        212          0          0          0       2104   fz_ws.l

    ----------------------------------------------------------------------
      4292        228          0          0         96       3052   Library Totals

    ----------------------------------------------------------------------

==============================================================================


      Code (inc. data)   RO Data    RW Data    ZI Data      Debug   

     18984       1674        368        276      49324     413402   Grand Totals
     18984       1674        368        276      49324     413402   ELF Image Totals
     18984       1674        368        276          0          0   ROM Totals

==============================================================================

    Total RO  Size (Code + RO Data)                19352 (  18.90kB)
    Total RW  Size (RW Data + ZI Data)             49600 (  48.44kB)
    Total ROM Size (Code + RO Data + RW Data)      19628 (  19.17kB)

==============================================================================

