Component: ARM Compiler 5.05 update 2 (build 169) Tool: armlink [4d0f33]

==============================================================================

Section Cross References

    system_stm32f10x.o(.text) refers to system_stm32f10x.o(.data) for .data
    actiontask.o(.text) refers to os_task.o(.text) for OSTaskQPend
    main.o(.text) refers to cpu_core.o(.text) for CPU_Init
    main.o(.text) refers to os_stat.o(.text) for OSStatTaskCPUUsageInit
    main.o(.text) refers to os_app_hooks.o(.text) for App_OS_SetAllHooks
    main.o(.text) refers to os_core.o(.text) for OSSchedRoundRobinCfg
    main.o(.text) refers to cpu_a.o(.text) for CPU_SR_Save
    main.o(.text) refers to delay.o(.text) for delay_init
    main.o(.text) refers to misc.o(.text) for NVIC_PriorityGroupConfig
    main.o(.text) refers to usart.o(.text) for uart_init
    main.o(.text) refers to led.o(.text) for LED_Init
    main.o(.text) refers to os_task.o(.text) for OSTaskCreate
    main.o(.text) refers to stm32f10x_usart.o(.text) for USART_GetITStatus
    main.o(.text) refers to os_var.o(.data) for OSSchedLockNestingCtr
    main.o(.text) refers to os_var.o(.data) for OSIntQNbrEntries
    main.o(.text) refers to main.o(.bss) for .bss
    testtask.o(.text) refers to testmanagetask.o(.text) for ApplyCup
    testtask.o(.text) refers to os_task.o(.text) for OSTaskQPost
    testtask.o(.text) refers to os_time.o(.text) for OSTimeDlyHMSM
    testtask.o(.text) refers to os_q.o(.text) for OSQPend
    testtask.o(.text) refers to testtask.o(.bss) for .bss
    testtask.o(.text) refers to actiontask.o(.bss) for ActionTaskTCB
    led.o(.text) refers to stm32f10x_rcc.o(.text) for RCC_APB2PeriphClockCmd
    led.o(.text) refers to stm32f10x_gpio.o(.text) for GPIO_Init
    ili93xx.o(.text) refers to _printf_percent.o(.ARM.Collect$$_printf_percent$$00000000) for _printf_percent
    ili93xx.o(.text) refers to _printf_x.o(.ARM.Collect$$_printf_percent$$0000000C) for _printf_x
    ili93xx.o(.text) refers to _printf_hex_int.o(.text) for _printf_longlong_hex
    ili93xx.o(.text) refers to delay.o(.text) for delay_us
    ili93xx.o(.text) refers to ili93xx.o(.bss) for .bss
    ili93xx.o(.text) refers to dflt_clz.o(x$fpl$dfltu) for __aeabi_ui2d
    ili93xx.o(.text) refers to dmul.o(x$fpl$dmul) for __aeabi_dmul
    ili93xx.o(.text) refers to dfixu.o(x$fpl$dfixu) for __aeabi_d2uiz
    ili93xx.o(.text) refers to ili93xx.o(.data) for .data
    ili93xx.o(.text) refers to noretval__2printf.o(.text) for __2printf
    ili93xx.o(.text) refers to ili93xx.o(.constdata) for .constdata
    usart_dma_config.o(.text) refers to stm32f10x_rcc.o(.text) for RCC_APB2PeriphClockCmd
    usart_dma_config.o(.text) refers to stm32f10x_usart.o(.text) for USART_DeInit
    usart_dma_config.o(.text) refers to stm32f10x_gpio.o(.text) for GPIO_PinRemapConfig
    usart_dma_config.o(.text) refers to misc.o(.text) for NVIC_Init
    usart_dma_config.o(.text) refers to stm32f10x_dma.o(.text) for DMA_DeInit
    mntc_canconfig.o(.text) refers to misc.o(.text) for NVIC_PriorityGroupConfig
    mntc_canconfig.o(.text) refers to stm32f10x_rcc.o(.text) for RCC_APB1PeriphClockCmd
    mntc_canconfig.o(.text) refers to stm32f10x_can.o(.text) for CAN_DeInit
    mntc_canconfig.o(.text) refers to stm32f10x_gpio.o(.text) for GPIO_PinRemapConfig
    mntc_canprotocol.o(.text) refers to stm32f10x_can.o(.text) for CAN_Transmit
    mntc_canprotocol.o(.text) refers to dflt_clz.o(x$fpl$dfltu) for __aeabi_ui2d
    mntc_canprotocol.o(.text) refers to dmul.o(x$fpl$dmul) for __aeabi_dmul
    mntc_canprotocol.o(.text) refers to dfixu.o(x$fpl$dfixu) for __aeabi_d2uiz
    mntc_canprotocol.o(.text) refers to ddiv.o(x$fpl$ddiv) for __aeabi_ddiv
    mntc_canprotocol.o(.text) refers to f2d.o(x$fpl$f2d) for __aeabi_f2d
    mntc_canprotocol.o(.text) refers to fflt_clz.o(x$fpl$ffltu) for __aeabi_ui2f
    mntc_canprotocol.o(.text) refers to fdiv.o(x$fpl$fdiv) for __aeabi_fdiv
    mntc_canprotocol.o(.text) refers to dflt_clz.o(x$fpl$dflt) for __aeabi_i2d
    mntc_ioctrl.o(.text) refers to stm32f10x_rcc.o(.text) for RCC_APB2PeriphClockCmd
    mntc_ioctrl.o(.text) refers to stm32f10x_gpio.o(.text) for GPIO_Init
    mntc_ioctrl.o(.text) refers to stm32f10x_exti.o(.text) for EXTI_Init
    mntc_ioctrl.o(.text) refers to misc.o(.text) for NVIC_PriorityGroupConfig
    delay.o(.text) refers to os_core.o(.text) for OSSchedLock
    delay.o(.text) refers to os_time.o(.text) for OSTimeDly
    delay.o(.text) refers to misc.o(.text) for SysTick_CLKSourceConfig
    delay.o(.text) refers to os_var.o(.data) for OSRunning
    delay.o(.text) refers to system_stm32f10x.o(.data) for SystemCoreClock
    delay.o(.text) refers to delay.o(.data) for .data
    delay.o(.text) refers to os_cfg_app.o(.constdata) for OSCfg_TickRate_Hz
    delay.o(.text) refers to os_var.o(.data) for OSIntNestingCtr
    usart.o(.text) refers (Special) to use_no_semi_2.o(.text) for __use_no_semihosting
    usart.o(.text) refers to stm32f10x_rcc.o(.text) for RCC_APB2PeriphClockCmd
[...]
    .bss                                     0x20001438   Section      512  os_cfg_app.o(.bss)
    .bss                                     0x20001638   Section     1600  os_cfg_app.o(.bss)
    .bss                                     0x20001c78   Section      512  os_cfg_app.o(.bss)
    .bss                                     0x20001e78   Section      512  os_cfg_app.o(.bss)
    .bss                                     0x20002078   Section      136  os_cfg_app.o(.bss)
    .bss                                     0x20002100   Section      512  os_cfg_app.o(.bss)
    .bss                                     0x20002300   Section      136  os_cfg_app.o(.bss)
    .bss                                     0x20002388   Section      196  os_var.o(.bss)
    .bss                                     0x2000244c   Section      196  os_var.o(.bss)
    .bss                                     0x20002510   Section       12  os_var.o(.bss)
    .bss                                     0x2000251c   Section      768  os_var.o(.bss)
    .bss                                     0x2000281c   Section      196  os_var.o(.bss)
    .bss                                     0x200028e0   Section      196  os_var.o(.bss)
    .bss                                     0x200029a4   Section      196  os_var.o(.bss)
    .bss                                     0x20002a68   Section       96  libspace.o(.bss)
    HEAP                                     0x20002ac8   Section     2048  startup_stm32f10x_cl.o(HEAP)
    Heap_Mem                                 0x20002ac8   Data        2048  startup_stm32f10x_cl.o(HEAP)
    STACK                                    0x200032c8   Section     6144  startup_stm32f10x_cl.o(STACK)
    Stack_Mem                                0x200032c8   Data        6144  startup_stm32f10x_cl.o(STACK)
    __initial_sp                             0x20004ac8   Data           0  startup_stm32f10x_cl.o(STACK)

    Global Symbols

    Symbol Name                              Value     Ov Type        Size  Object(Section)

    BuildAttributes$$THM_ISAv4$P$D$K$B$S$PE$A:L22UL41UL21$X:L11$S22US41US21$IEEE1$IW$USESV6$~STKCKD$USESV7$~SHL$OSPACE$ROPI$EBA8$UX$STANDARDLIB$REQ8$PRES8$EABIv2 0x00000000   Number         0  anon$$obj.o ABSOLUTE
    __ARM_use_no_argv                        0x00000000   Number         0  main.o ABSOLUTE
    __ARM_exceptions_init                     - Undefined Weak Reference
    __alloca_initialize                       - Undefined Weak Reference
    __arm_preinit_                            - Undefined Weak Reference
    __cpp_initialize__aeabi_                  - Undefined Weak Reference
    __cxa_finalize                            - Undefined Weak Reference
    __rt_locale                               - Undefined Weak Reference
    __sigvec_lookup                           - Undefined Weak Reference
    _atexit_init                              - Undefined Weak Reference
    _call_atexit_fns                          - Undefined Weak Reference
    _clock_init                               - Undefined Weak Reference
    _fp_trap_init                             - Undefined Weak Reference
    _fp_trap_shutdown                         - Undefined Weak Reference
    _get_lc_collate                           - Undefined Weak Reference
    _get_lc_ctype                             - Undefined Weak Reference
    _get_lc_monetary                          - Undefined Weak Reference
    _get_lc_numeric                           - Undefined Weak Reference
    _get_lc_time                              - Undefined Weak Reference
    _getenv_init                              - Undefined Weak Reference
    _handle_redirection                       - Undefined Weak Reference
    _init_alloc                               - Undefined Weak Reference
    _init_user_alloc                          - Undefined Weak Reference
    _initio                                   - Undefined Weak Reference
    _mutex_acquire                            - Undefined Weak Reference
    _mutex_release                            - Undefined Weak Reference
    _printf_post_padding                      - Undefined Weak Reference
    _printf_pre_padding                       - Undefined Weak Reference
    _printf_truncate_unsigned                 - Undefined Weak Reference
    _rand_init                                - Undefined Weak Reference
    _signal_finish                            - Undefined Weak Reference
    _signal_init                              - Undefined Weak Reference
    _terminate_alloc                          - Undefined Weak Reference
    _terminate_user_alloc                     - Undefined Weak Reference
    _terminateio                              - Undefined Weak Reference
    __Vectors_Size                           0x00000150   Number         0  startup_stm32f10x_cl.o ABSOLUTE
    __Vectors                                0x08000000   Data           4  startup_stm32f10x_cl.o(RESET)
    __Vectors_End                            0x08000150   Data           0  startup_stm32f10x_cl.o(RESET)
    __main                                   0x08000151   Thumb Code     8  __main.o(!!!main)
    __scatterload                            0x08000159   Thumb Code     0  __scatter.o(!!!scatter)
    __scatterload_rt2                        0x08000159   Thumb Code    44  __scatter.o(!!!scatter)
    __scatterload_rt2_thumb_only             0x08000159   Thumb Code     0  __scatter.o(!!!scatter)
    __scatterload_null                       0x08000167   Thumb Code     0  __scatter.o(!!!scatter)
    __scatterload_copy                       0x0800018d   Thumb Code    26  __scatter_copy.o(!!handler_copy)
    __scatterload_zeroinit                   0x080001a9   Thumb Code    28  __scatter_zi.o(!!handler_zi)
    _printf_percent                          0x080001c5   Thumb Code     0  _printf_percent.o(.ARM.Collect$$_printf_percent$$00000000)
    _printf_percent_end                      0x080001c5   Thumb Code     0  _printf_percent_end.o(.ARM.Collect$$_printf_percent$$00000017)
    __rt_lib_init                            0x080001c9   Thumb Code     0  libinit.o(.ARM.Collect$$libinit$$00000000)
    __rt_lib_init_alloca_1                   0x080001cb   Thumb Code     0  libinit2.o(.ARM.Collect$$libinit$$0000002E)
    __rt_lib_init_argv_1                     0x080001cb   Thumb Code     0  libinit2.o(.ARM.Collect$$libinit$$0000002C)
    __rt_lib_init_atexit_1                   0x080001cb   Thumb Code     0  libinit2.o(.ARM.Collect$$libinit$$0000001B)
    __rt_lib_init_clock_1                    0x080001cb   Thumb Code     0  libinit2.o(.ARM.Collect$$libinit$$00000021)
    __rt_lib_init_cpp_1                      0x080001cb   Thumb Code     0  libinit2.o(.ARM.Collect$$libinit$$00000032)
    __rt_lib_init_exceptions_1               0x080001cb   Thumb Code     0  libinit2.o(.ARM.Collect$$libinit$$00000030)
    __rt_lib_init_fp_1                       0x080001cb   Thumb Code     0  libinit2.o(.ARM.Collect$$libinit$$00000002)
    __rt_lib_init_fp_trap_1                  0x080001cb   Thumb Code     0  libinit2.o(.ARM.Collect$$libinit$$0000001F)
    __rt_lib_init_getenv_1                   0x080001cb   Thumb Code     0  libinit2.o(.ARM.Collect$$libinit$$00000023)
    __rt_lib_init_heap_1                     0x080001cb   Thumb Code     0  libinit2.o(.ARM.Collect$$libinit$$0000000A)
    __rt_lib_init_lc_collate_1               0x080001cb   Thumb Code     0  libinit2.o(.ARM.Collect$$libinit$$00000011)
    __rt_lib_init_lc_ctype_1                 0x080001cb   Thumb Code     0  libinit2.o(.ARM.Collect$$libinit$$00000013)
    __rt_lib_init_lc_monetary_1              0x080001cb   Thumb Code     0  libinit2.o(.ARM.Collect$$libinit$$00000015)
    __rt_lib_init_lc_numeric_1               0x080001cb   Thumb Code     0  libinit2.o(.ARM.Collect$$libinit$$00000017)
    __rt_lib_init_lc_time_1                  0x080001cb   Thumb Code     0  libinit2.o(.ARM.Collect$$libinit$$00000019)
    __rt_lib_init_preinit_1                  0x080001cb   Thumb Code     0  libinit2.o(.ARM.Collect$$libinit$$00000004)
    __rt_lib_init_rand_1                     0x080001cb   Thumb Code     0  libinit2.o(.ARM.Collect$$libinit$$0000000E)
    __rt_lib_init_return                     0x080001cb   Thumb Code     0  libinit2.o(.ARM.Collect$$libinit$$00000033)
    __rt_lib_init_signal_1                   0x080001cb   Thumb Code     0  libinit2.o(.ARM.Collect$$libinit$$0000001D)
    __rt_lib_init_stdio_1                    0x080001cb   Thumb Code     0  libinit2.o(.ARM.Collect$$libinit$$00000025)
    __rt_lib_init_user_alloc_1               0x080001cb   Thumb Code     0  libinit2.o(.ARM.Collect$$libinit$$0000000C)
    __rt_lib_shutdown                        0x080001cd   Thumb Code     0  libshutdown.o(.ARM.Collect$$libshutdown$$00000000)
    __rt_lib_shutdown_fp_trap_1              0x080001cf   Thumb Code     0  libshutdown2.o(.ARM.Collect$$libshutdown$$00000006)
    __rt_lib_shutdown_heap_1                 0x080001cf   Thumb Code     0  libshutdown2.o(.ARM.Collect$$libshutdown$$0000000E)
    __rt_lib_shutdown_return                 0x080001cf   Thumb Code     0  libshutdown2.o(.ARM.Collect$$libshutdown$$0000000F)
    __rt_lib_shutdown_signal_1               0x080001cf   Thumb Code     0  libshutdown2.o(.ARM.Collect$$libshutdown$$00000009)
    __rt_lib_shutdown_stdio_1                0x080001cf   Thumb Code     0  libshutdown2.o(.ARM.Collect$$libshutdown$$00000003)
    __rt_lib_shutdown_user_alloc_1           0x080001cf   Thumb Code     0  libshutdown2.o(.ARM.Collect$$libshutdown$$0000000B)
    __rt_entry                               0x080001d1   Thumb Code     0  __rtentry.o(.ARM.Collect$$rtentry$$00000000)
    __rt_entry_presh_1                       0x080001d1   Thumb Code     0  __rtentry2.o(.ARM.Collect$$rtentry$$00000002)
    __rt_entry_sh                            0x080001d1   Thumb Code     0  __rtentry4.o(.ARM.Collect$$rtentry$$00000004)
    __rt_entry_li                            0x080001d7   Thumb Code     0  __rtentry2.o(.ARM.Collect$$rtentry$$0000000A)
    __rt_entry_postsh_1                      0x080001d7   Thumb Code     0  __rtentry2.o(.ARM.Collect$$rtentry$$00000009)
    __rt_entry_main                          0x080001db   Thumb Code     0  __rtentry2.o(.ARM.Collect$$rtentry$$0000000D)
    __rt_entry_postli_1                      0x080001db   Thumb Code     0  __rtentry2.o(.ARM.Collect$$rtentry$$0000000C)
    __rt_exit                                0x080001e3   Thumb Code     0  rtexit.o(.ARM.Collect$$rtexit$$00000000)
    __rt_exit_ls                             0x080001e5   Thumb Code     0  rtexit2.o(.ARM.Collect$$rtexit$$00000003)
    __rt_exit_prels_1                        0x080001e5   Thumb Code     0  rtexit2.o(.ARM.Collect$$rtexit$$00000002)
    __rt_exit_exit                           0x080001e9   Thumb Code     0  rtexit2.o(.ARM.Collect$$rtexit$$00000004)
    NMI_Handler                              0x080001ef   Thumb Code     2  stm32f10x_it.o(.text)
    HardFault_Handler                        0x080001f1   Thumb Code     2  stm32f10x_it.o(.text)
    MemManage_Handler                        0x080001f3   Thumb Code     2  stm32f10x_it.o(.text)
    BusFault_Handler                         0x080001f5   Thumb Code     2  stm32f10x_it.o(.text)
    UsageFault_Handler                       0x080001f7   Thumb Code     2  stm32f10x_it.o(.text)
    SVC_Handler                              0x080001f9   Thumb Code     2  stm32f10x_it.o(.text)
    DebugMon_Handler                         0x080001fb   Thumb Code     2  stm32f10x_it.o(.text)
    SystemInit                               0x080002bb   Thumb Code    76  system_stm32f10x.o(.text)
    SystemCoreClockUpdate                    0x08000307   Thumb Code   134  system_stm32f10x.o(.text)
    start_task                               0x080003b9   Thumb Code    80  main.o(.text)
    main                                     0x08000409   Thumb Code   148  main.o(.text)
    CAN1_RX0_IRQHandler                      0x0800049d   Thumb Code    14  main.o(.text)
    USART2_IRQHandler                        0x080004ab   Thumb Code    44  main.o(.text)
    LED_Init                                 0x080004f5   Thumb Code    46  led.o(.text)
    delay_osschedlock                        0x0800052d   Thumb Code    10  delay.o(.text)
    delay_osschedunlock                      0x08000537   Thumb Code    10  delay.o(.text)
    delay_ostimedly                          0x08000541   Thumb Code    12  delay.o(.text)
    SysTick_Handler                          0x0800054d   Thumb Code    28  delay.o(.text)
    delay_init                               0x08000569   Thumb Code    76  delay.o(.text)
    delay_us                                 0x080005b5   Thumb Code    62  delay.o(.text)
    delay_ms                                 0x080005f3   Thumb Code    54  delay.o(.text)
    _sys_exit                                0x08000645   Thumb Code     2  usart.o(.text)
    fputc                                    0x08000647   Thumb Code    18  usart.o(.text)
    uart_init                                0x08000659   Thumb Code   156  usart.o(.text)
    USART1_IRQHandler                        0x080006f5   Thumb Code    94  usart.o(.text)
    Reset_Handler                            0x08000765   Thumb Code     8  startup_stm32f10x_cl.o(.text)
    ADC1_2_IRQHandler                        0x0800077f   Thumb Code     0  startup_stm32f10x_cl.o(.text)
    CAN1_RX1_IRQHandler                      0x0800077f   Thumb Code     0  startup_stm32f10x_cl.o(.text)
    CAN1_SCE_IRQHandler                      0x0800077f   Thumb Code     0  startup_stm32f10x_cl.o(.text)
    CAN1_TX_IRQHandler                       0x0800077f   Thumb Code     0  startup_stm32f10x_cl.o(.text)
    CAN2_RX0_IRQHandler                      0x0800077f   Thumb Code     0  startup_stm32f10x_cl.o(.text)
    CAN2_RX1_IRQHandler                      0x0800077f   Thumb Code     0  startup_stm32f10x_cl.o(.text)
    CAN2_SCE_IRQHandler                      0x0800077f   Thumb Code     0  startup_stm32f10x_cl.o(.text)
    CAN2_TX_IRQHandler                       0x0800077f   Thumb Code     0  startup_stm32f10x_cl.o(.text)
    DMA1_Channel1_IRQHandler                 0x0800077f   Thumb Code     0  startup_stm32f10x_cl.o(.text)
    DMA1_Channel2_IRQHandler                 0x0800077f   Thumb Code     0  startup_stm32f10x_cl.o(.text)
    DMA1_Channel3_IRQHandler                 0x0800077f   Thumb Code     0  startup_stm32f10x_cl.o(.text)
    DMA1_Channel4_IRQHandler                 0x0800077f   Thumb Code     0  startup_stm32f10x_cl.o(.text)
    DMA1_Channel5_IRQHandler                 0x0800077f   Thumb Code     0  startup_stm32f10x_cl.o(.text)
    DMA1_Channel6_IRQHandler                 0x0800077f   Thumb Code     0  startup_stm32f10x_cl.o(.text)
    DMA1_Channel7_IRQHandler                 0x0800077f   Thumb Code     0  startup_stm32f10x_cl.o(.text)
    DMA2_Channel1_IRQHandler                 0x0800077f   Thumb Code     0  startup_stm32f10x_cl.o(.text)
    DMA2_Channel2_IRQHandler                 0x0800077f   Thumb Code     0  startup_stm32f10x_cl.o(.text)
    DMA2_Channel3_IRQHandler                 0x0800077f   Thumb Code     0  startup_stm32f10x_cl.o(.text)
    DMA2_Channel4_IRQHandler                 0x0800077f   Thumb Code     0  startup_stm32f10x_cl.o(.text)
    DMA2_Channel5_IRQHandler                 0x0800077f   Thumb Code     0  startup_stm32f10x_cl.o(.text)
    ETH_IRQHandler                           0x0800077f   Thumb Code     0  startup_stm32f10x_cl.o(.text)
    ETH_WKUP_IRQHandler                      0x0800077f   Thumb Code     0  startup_stm32f10x_cl.o(.text)
    EXTI0_IRQHandler                         0x0800077f   Thumb Code     0  startup_stm32f10x_cl.o(.text)
    EXTI15_10_IRQHandler                     0x0800077f   Thumb Code     0  startup_stm32f10x_cl.o(.text)
    EXTI1_IRQHandler                         0x0800077f   Thumb Code     0  startup_stm32f10x_cl.o(.text)
    EXTI2_IRQHandler                         0x0800077f   Thumb Code     0  startup_stm32f10x_cl.o(.text)
    EXTI3_IRQHandler                         0x0800077f   Thumb Code     0  startup_stm32f10x_cl.o(.text)
    EXTI4_IRQHandler                         0x0800077f   Thumb Code     0  startup_stm32f10x_cl.o(.text)
    EXTI9_5_IRQHandler                       0x0800077f   Thumb Code     0  startup_stm32f10x_cl.o(.text)
    FLASH_IRQHandler                         0x0800077f   Thumb Code     0  startup_stm32f10x_cl.o(.text)
    I2C1_ER_IRQHandler                       0x0800077f   Thumb Code     0  startup_stm32f10x_cl.o(.text)
    I2C1_EV_IRQHandler                       0x0800077f   Thumb Code     0  startup_stm32f10x_cl.o(.text)
    I2C2_ER_IRQHandler                       0x0800077f   Thumb Code     0  startup_stm32f10x_cl.o(.text)
    I2C2_EV_IRQHandler                       0x0800077f   Thumb Code     0  startup_stm32f10x_cl.o(.text)
    OTG_FS_IRQHandler                        0x0800077f   Thumb Code     0  startup_stm32f10x_cl.o(.text)
    OTG_FS_WKUP_IRQHandler                   0x0800077f   Thumb Code     0  startup_stm32f10x_cl.o(.text)
    PVD_IRQHandler                           0x0800077f   Thumb Code     0  startup_stm32f10x_cl.o(.text)
    RCC_IRQHandler                           0x0800077f   Thumb Code     0  startup_stm32f10x_cl.o(.text)
    RTCAlarm_IRQHandler                      0x0800077f   Thumb Code     0  startup_stm32f10x_cl.o(.text)
    RTC_IRQHandler                           0x0800077f   Thumb Code     0  startup_stm32f10x_cl.o(.text)
    SPI1_IRQHandler                          0x0800077f   Thumb Code     0  startup_stm32f10x_cl.o(.text)
    SPI2_IRQHandler                          0x0800077f   Thumb Code     0  startup_stm32f10x_cl.o(.text)
    SPI3_IRQHandler                          0x0800077f   Thumb Code     0  startup_stm32f10x_cl.o(.text)
    TAMPER_IRQHandler                        0x0800077f   Thumb Code     0  startup_stm32f10x_cl.o(.text)
    TIM1_BRK_IRQHandler                      0x0800077f   Thumb Code     0  startup_stm32f10x_cl.o(.text)
    TIM1_CC_IRQHandler                       0x0800077f   Thumb Code     0  startup_stm32f10x_cl.o(.text)
    TIM1_TRG_COM_IRQHandler                  0x0800077f   Thumb Code     0  startup_stm32f10x_cl.o(.text)
    TIM1_UP_IRQHandler                       0x0800077f   Thumb Code     0  startup_stm32f10x_cl.o(.text)
    TIM2_IRQHandler                          0x0800077f   Thumb Code     0  startup_stm32f10x_cl.o(.text)
    TIM3_IRQHandler                          0x0800077f   Thumb Code     0  startup_stm32f10x_cl.o(.text)
    TIM4_IRQHandler                          0x0800077f   Thumb Code     0  startup_stm32f10x_cl.o(.text)
    TIM5_IRQHandler                          0x0800077f   Thumb Code     0  startup_stm32f10x_cl.o(.text)
    TIM6_IRQHandler                          0x0800077f   Thumb Code     0  startup_stm32f10x_cl.o(.text)
    TIM7_IRQHandler                          0x0800077f   Thumb Code     0  startup_stm32f10x_cl.o(.text)
    UART4_IRQHandler                         0x0800077f   Thumb Code     0  startup_stm32f10x_cl.o(.text)
    UART5_IRQHandler                         0x0800077f   Thumb Code     0  startup_stm32f10x_cl.o(.text)
    USART3_IRQHandler                        0x0800077f   Thumb Code     0  startup_stm32f10x_cl.o(.text)
    WWDG_IRQHandler                          0x0800077f   Thumb Code     0  startup_stm32f10x_cl.o(.text)
    __user_initial_stackheap                 0x08000781   Thumb Code     0  startup_stm32f10x_cl.o(.text)
    NVIC_PriorityGroupConfig                 0x080007a5   Thumb Code    10  misc.o(.text)
    NVIC_Init                                0x080007af   Thumb Code    94  misc.o(.text)
    NVIC_SetVectorTable                      0x0800080d   Thumb Code    14  misc.o(.text)
    NVIC_SystemLPConfig                      0x0800081b   Thumb Code    20  misc.o(.text)
    SysTick_CLKSourceConfig                  0x0800082f   Thumb Code    24  misc.o(.text)
    GPIO_DeInit                              0x08000855   Thumb Code   152  stm32f10x_gpio.o(.text)
    GPIO_AFIODeInit                          0x080008ed   Thumb Code    22  stm32f10x_gpio.o(.text)
    GPIO_Init                                0x08000903   Thumb Code   156  stm32f10x_gpio.o(.text)
    GPIO_StructInit                          0x0800099f   Thumb Code    16  stm32f10x_gpio.o(.text)
    GPIO_ReadInputDataBit                    0x080009af   Thumb Code    14  stm32f10x_gpio.o(.text)
    GPIO_ReadInputData                       0x080009bd   Thumb Code     6  stm32f10x_gpio.o(.text)
    GPIO_ReadOutputDataBit                   0x080009c3   Thumb Code    14  stm32f10x_gpio.o(.text)
    GPIO_ReadOutputData                      0x080009d1   Thumb Code     6  stm32f10x_gpio.o(.text)
    GPIO_SetBits                             0x080009d7   Thumb Code     4  stm32f10x_gpio.o(.text)
    GPIO_ResetBits                           0x080009db   Thumb Code     4  stm32f10x_gpio.o(.text)
    GPIO_WriteBit                            0x080009df   Thumb Code    10  stm32f10x_gpio.o(.text)
    GPIO_Write                               0x080009e9   Thumb Code     4  stm32f10x_gpio.o(.text)
    GPIO_PinLockConfig                       0x080009ed   Thumb Code    16  stm32f10x_gpio.o(.text)
    GPIO_EventOutputConfig                   0x080009fd   Thumb Code    22  stm32f10x_gpio.o(.text)
    GPIO_EventOutputCmd                      0x08000a13   Thumb Code     6  stm32f10x_gpio.o(.text)
    GPIO_PinRemapConfig                      0x08000a19   Thumb Code    82  stm32f10x_gpio.o(.text)
    GPIO_EXTILineConfig                      0x08000a6b   Thumb Code    34  stm32f10x_gpio.o(.text)
    GPIO_ETH_MediaInterfaceConfig            0x08000a8d   Thumb Code     8  stm32f10x_gpio.o(.text)
    USART_DeInit                             0x08000ab9   Thumb Code    96  stm32f10x_usart.o(.text)
    USART_Init                               0x08000b19   Thumb Code   166  stm32f10x_usart.o(.text)
    USART_StructInit                         0x08000bbf   Thumb Code    22  stm32f10x_usart.o(.text)
    USART_ClockInit                          0x08000bd5   Thumb Code    30  stm32f10x_usart.o(.text)
    USART_ClockStructInit                    0x08000bf3   Thumb Code    12  stm32f10x_usart.o(.text)
    USART_Cmd                                0x08000bff   Thumb Code    20  stm32f10x_usart.o(.text)
    USART_ITConfig                           0x08000c13   Thumb Code    48  stm32f10x_usart.o(.text)
    USART_DMACmd                             0x08000c43   Thumb Code    16  stm32f10x_usart.o(.text)
    USART_SetAddress                         0x08000c53   Thumb Code    16  stm32f10x_usart.o(.text)
    USART_WakeUpConfig                       0x08000c63   Thumb Code    16  stm32f10x_usart.o(.text)
    USART_ReceiverWakeUpCmd                  0x08000c73   Thumb Code    20  stm32f10x_usart.o(.text)
    USART_LINBreakDetectLengthConfig         0x08000c87   Thumb Code    16  stm32f10x_usart.o(.text)
    USART_LINCmd                             0x08000c97   Thumb Code    20  stm32f10x_usart.o(.text)
    USART_SendData                           0x08000cab   Thumb Code     8  stm32f10x_usart.o(.text)
    USART_ReceiveData                        0x08000cb3   Thumb Code     8  stm32f10x_usart.o(.text)
    USART_SendBreak                          0x08000cbb   Thumb Code    10  stm32f10x_usart.o(.text)
    USART_SetGuardTime                       0x08000cc5   Thumb Code    16  stm32f10x_usart.o(.text)
    USART_SetPrescaler                       0x08000cd5   Thumb Code    16  stm32f10x_usart.o(.text)
    USART_SmartCardCmd                       0x08000ce5   Thumb Code    20  stm32f10x_usart.o(.text)
    USART_SmartCardNACKCmd                   0x08000cf9   Thumb Code    20  stm32f10x_usart.o(.text)
    USART_HalfDuplexCmd                      0x08000d0d   Thumb Code    20  stm32f10x_usart.o(.text)
    USART_OverSampling8Cmd                   0x08000d21   Thumb Code    20  stm32f10x_usart.o(.text)
    USART_OneBitMethodCmd                    0x08000d35   Thumb Code    20  stm32f10x_usart.o(.text)
    USART_IrDAConfig                         0x08000d49   Thumb Code    16  stm32f10x_usart.o(.text)
    USART_IrDACmd                            0x08000d59   Thumb Code    20  stm32f10x_usart.o(.text)
    USART_GetFlagStatus                      0x08000d6d   Thumb Code    14  stm32f10x_usart.o(.text)
    USART_ClearFlag                          0x08000d7b   Thumb Code     6  stm32f10x_usart.o(.text)
    USART_GetITStatus                        0x08000d81   Thumb Code    62  stm32f10x_usart.o(.text)
    USART_ClearITPendingBit                  0x08000dbf   Thumb Code    12  stm32f10x_usart.o(.text)
    RCC_DeInit                               0x08000de1   Thumb Code    62  stm32f10x_rcc.o(.text)
    RCC_HSEConfig                            0x08000e1f   Thumb Code    48  stm32f10x_rcc.o(.text)
    RCC_GetFlagStatus                        0x08000e4f   Thumb Code    42  stm32f10x_rcc.o(.text)
    RCC_WaitForHSEStartUp                    0x08000e79   Thumb Code    44  stm32f10x_rcc.o(.text)
    RCC_AdjustHSICalibrationValue            0x08000ea5   Thumb Code    16  stm32f10x_rcc.o(.text)
    RCC_HSICmd                               0x08000eb5   Thumb Code     6  stm32f10x_rcc.o(.text)
    RCC_PLLConfig                            0x08000ebb   Thumb Code    16  stm32f10x_rcc.o(.text)
    RCC_PLLCmd                               0x08000ecb   Thumb Code     6  stm32f10x_rcc.o(.text)
    RCC_PREDIV1Config                        0x08000ed1   Thumb Code    18  stm32f10x_rcc.o(.text)
    RCC_PREDIV2Config                        0x08000ee3   Thumb Code    14  stm32f10x_rcc.o(.text)
    RCC_PLL2Config                           0x08000ef1   Thumb Code    14  stm32f10x_rcc.o(.text)
    RCC_PLL2Cmd                              0x08000eff   Thumb Code     6  stm32f10x_rcc.o(.text)
    RCC_PLL3Config                           0x08000f05   Thumb Code    14  stm32f10x_rcc.o(.text)
    RCC_PLL3Cmd                              0x08000f13   Thumb Code     6  stm32f10x_rcc.o(.text)
    RCC_SYSCLKConfig                         0x08000f19   Thumb Code    14  stm32f10x_rcc.o(.text)
    RCC_GetSYSCLKSource                      0x08000f27   Thumb Code    10  stm32f10x_rcc.o(.text)
    RCC_HCLKConfig                           0x08000f31   Thumb Code    14  stm32f10x_rcc.o(.text)
    RCC_PCLK1Config                          0x08000f3f   Thumb Code    14  stm32f10x_rcc.o(.text)
    RCC_PCLK2Config                          0x08000f4d   Thumb Code    16  stm32f10x_rcc.o(.text)
    RCC_ITConfig                             0x08000f5d   Thumb Code    18  stm32f10x_rcc.o(.text)
    RCC_OTGFSCLKConfig                       0x08000f6f   Thumb Code     8  stm32f10x_rcc.o(.text)
    RCC_ADCCLKConfig                         0x08000f77   Thumb Code    14  stm32f10x_rcc.o(.text)
    RCC_I2S2CLKConfig                        0x08000f85   Thumb Code     6  stm32f10x_rcc.o(.text)
    RCC_I2S3CLKConfig                        0x08000f8b   Thumb Code     8  stm32f10x_rcc.o(.text)
    RCC_LSEConfig                            0x08000f93   Thumb Code    28  stm32f10x_rcc.o(.text)
    RCC_LSICmd                               0x08000faf   Thumb Code     6  stm32f10x_rcc.o(.text)
    RCC_RTCCLKConfig                         0x08000fb5   Thumb Code    10  stm32f10x_rcc.o(.text)
    RCC_RTCCLKCmd                            0x08000fbf   Thumb Code     8  stm32f10x_rcc.o(.text)
    RCC_GetClocksFreq                        0x08000fc7   Thumb Code   180  stm32f10x_rcc.o(.text)
    RCC_AHBPeriphClockCmd                    0x0800107b   Thumb Code    18  stm32f10x_rcc.o(.text)
    RCC_APB2PeriphClockCmd                   0x0800108d   Thumb Code    18  stm32f10x_rcc.o(.text)
    RCC_APB1PeriphClockCmd                   0x0800109f   Thumb Code    18  stm32f10x_rcc.o(.text)
    RCC_AHBPeriphResetCmd                    0x080010b1   Thumb Code    18  stm32f10x_rcc.o(.text)
    RCC_APB2PeriphResetCmd                   0x080010c3   Thumb Code    18  stm32f10x_rcc.o(.text)
    RCC_APB1PeriphResetCmd                   0x080010d5   Thumb Code    18  stm32f10x_rcc.o(.text)
    RCC_BackupResetCmd                       0x080010e7   Thumb Code     8  stm32f10x_rcc.o(.text)
    RCC_ClockSecuritySystemCmd               0x080010ef   Thumb Code     6  stm32f10x_rcc.o(.text)
    RCC_MCOConfig                            0x080010f5   Thumb Code     6  stm32f10x_rcc.o(.text)
    RCC_ClearFlag                            0x080010fb   Thumb Code    12  stm32f10x_rcc.o(.text)
    RCC_GetITStatus                          0x08001107   Thumb Code    16  stm32f10x_rcc.o(.text)
    RCC_ClearITPendingBit                    0x08001117   Thumb Code     6  stm32f10x_rcc.o(.text)
    BSP_CPU_ClkFreq                          0x08001149   Thumb Code    16  bsp.o(.text)
    CPU_TS_TmrInit                           0x08001159   Thumb Code    38  bsp.o(.text)
    CPU_TS_TmrRd                             0x0800117f   Thumb Code     6  bsp.o(.text)
    CPU_TS32_to_uSec                         0x08001185   Thumb Code    32  bsp.o(.text)
    CPU_NameClr                              0x080011b1   Thumb Code    26  cpu_core.o(.text)
    CPU_Init                                 0x080011cb   Thumb Code    18  cpu_core.o(.text)
    CPU_SW_Exception                         0x080011dd   Thumb Code     2  cpu_core.o(.text)
    CPU_NameGet                              0x080011df   Thumb Code    46  cpu_core.o(.text)
    CPU_NameSet                              0x0800120d   Thumb Code    62  cpu_core.o(.text)
    CPU_TS_Get32                             0x0800124b   Thumb Code     4  cpu_core.o(.text)
    CPU_TS_Update                            0x0800124f   Thumb Code     2  cpu_core.o(.text)
    CPU_TS_TmrFreqGet                        0x08001251   Thumb Code    24  cpu_core.o(.text)
    CPU_TS_TmrFreqSet                        0x08001269   Thumb Code     6  cpu_core.o(.text)
    CPU_CntLeadZeros08                       0x0800126f   Thumb Code    10  cpu_core.o(.text)
    CPU_CntLeadZeros16                       0x08001279   Thumb Code    10  cpu_core.o(.text)
    CPU_CntLeadZeros32                       0x08001283   Thumb Code     4  cpu_core.o(.text)
    CPU_CntLeadZeros64                       0x08001287   Thumb Code   152  cpu_core.o(.text)
    CPU_CntTrailZeros08                      0x0800131f   Thumb Code    10  cpu_core.o(.text)
    CPU_CntTrailZeros16                      0x08001329   Thumb Code    10  cpu_core.o(.text)
    CPU_CntTrailZeros32                      0x08001333   Thumb Code    10  cpu_core.o(.text)
    CPU_CntTrailZeros64                      0x0800133d   Thumb Code    36  cpu_core.o(.text)
    CPU_IntDis                               0x0800136d   Thumb Code     0  cpu_a.o(.text)
    CPU_IntEn                                0x08001371   Thumb Code     0  cpu_a.o(.text)
    CPU_SR_Save                              0x08001375   Thumb Code     0  cpu_a.o(.text)
    CPU_SR_Restore                           0x0800137d   Thumb Code     0  cpu_a.o(.text)
    CPU_WaitForInt                           0x08001383   Thumb Code     0  cpu_a.o(.text)
    CPU_WaitForExcept                        0x08001387   Thumb Code     0  cpu_a.o(.text)
    CPU_CntLeadZeros                         0x0800138b   Thumb Code     0  cpu_a.o(.text)
    CPU_CntTrailZeros                        0x08001391   Thumb Code     0  cpu_a.o(.text)
    CPU_RevBits                              0x0800139b   Thumb Code     0  cpu_a.o(.text)
    ASCII_IsAlpha                            0x080013a1   Thumb Code    22  lib_ascii.o(.text)
    ASCII_IsAlphaNum                         0x080013b7   Thumb Code    28  lib_ascii.o(.text)
    ASCII_IsLower                            0x080013d3   Thumb Code    14  lib_ascii.o(.text)
    ASCII_IsUpper                            0x080013e1   Thumb Code    14  lib_ascii.o(.text)
    ASCII_IsDig                              0x080013ef   Thumb Code    14  lib_ascii.o(.text)
    ASCII_IsDigOct                           0x080013fd   Thumb Code    14  lib_ascii.o(.text)
    ASCII_IsDigHex                           0x0800140b   Thumb Code    28  lib_ascii.o(.text)
    ASCII_IsBlank                            0x08001427   Thumb Code    16  lib_ascii.o(.text)
    ASCII_IsSpace                            0x08001437   Thumb Code    32  lib_ascii.o(.text)
    ASCII_IsPrint                            0x08001457   Thumb Code    14  lib_ascii.o(.text)
    ASCII_IsGraph                            0x08001465   Thumb Code    14  lib_ascii.o(.text)
    ASCII_IsPunct                            0x08001473   Thumb Code    58  lib_ascii.o(.text)
    ASCII_IsCtrl                             0x080014ad   Thumb Code    22  lib_ascii.o(.text)
    ASCII_ToLower                            0x080014c3   Thumb Code    14  lib_ascii.o(.text)
    ASCII_ToUpper                            0x080014d1   Thumb Code    14  lib_ascii.o(.text)
    ASCII_Cmp                                0x080014df   Thumb Code    28  lib_ascii.o(.text)
    Mem_Init                                 0x080014fd   Thumb Code    54  lib_mem.o(.text)
    Mem_Set                                  0x08001533   Thumb Code    62  lib_mem.o(.text)
    Mem_Clr                                  0x08001571   Thumb Code     6  lib_mem.o(.text)
    Mem_Move                                 0x08001577   Thumb Code   116  lib_mem.o(.text)
    Mem_Cmp                                  0x080015eb   Thumb Code   126  lib_mem.o(.text)
    Mem_HeapAlloc                            0x080016c1   Thumb Code   114  lib_mem.o(.text)
    Mem_SegGetSizeRem                        0x08001733   Thumb Code    60  lib_mem.o(.text)
    Mem_HeapGetSizeRem                       0x0800176f   Thumb Code     8  lib_mem.o(.text)
    Mem_PoolClr                              0x08001777   Thumb Code    56  lib_mem.o(.text)
    Mem_PoolCreate                           0x080017af   Thumb Code   582  lib_mem.o(.text)
    Mem_PoolBlkGetNbrAvail                   0x080019f5   Thumb Code    26  lib_mem.o(.text)
    Mem_PoolBlkGet                           0x08001a0f   Thumb Code    68  lib_mem.o(.text)
    Mem_PoolBlkGetUsedAtIx                   0x08001a53   Thumb Code    62  lib_mem.o(.text)
    Mem_PoolBlkFree                          0x08001a91   Thumb Code   100  lib_mem.o(.text)
    Mem_PoolBlkIxGet                         0x08001af5   Thumb Code   104  lib_mem.o(.text)
    Str_Len_N                                0x08001b65   Thumb Code    22  lib_str.o(.text)
    Str_Len                                  0x08001b7b   Thumb Code     6  lib_str.o(.text)
    Str_Copy_N                               0x08001b81   Thumb Code    48  lib_str.o(.text)
    Str_Copy                                 0x08001bb1   Thumb Code     6  lib_str.o(.text)
    Str_Cat_N                                0x08001bb7   Thumb Code    58  lib_str.o(.text)
    Str_Cat                                  0x08001bf1   Thumb Code     6  lib_str.o(.text)
    Str_Cmp_N                                0x08001bf7   Thumb Code    86  lib_str.o(.text)
    Str_Cmp                                  0x08001c4d   Thumb Code     6  lib_str.o(.text)
    Str_CmpIgnoreCase_N                      0x08001c53   Thumb Code   146  lib_str.o(.text)
    Str_CmpIgnoreCase                        0x08001ce5   Thumb Code     6  lib_str.o(.text)
    Str_Char_N                               0x08001ceb   Thumb Code    46  lib_str.o(.text)
    Str_Char                                 0x08001d19   Thumb Code     8  lib_str.o(.text)
    Str_Char_Last_N                          0x08001d21   Thumb Code    44  lib_str.o(.text)
    Str_Char_Last                            0x08001d4d   Thumb Code     8  lib_str.o(.text)
    Str_Char_Replace_N                       0x08001d55   Thumb Code    40  lib_str.o(.text)
    Str_Char_Replace                         0x08001d7d   Thumb Code     6  lib_str.o(.text)
    Str_Str_N                                0x08001d83   Thumb Code   120  lib_str.o(.text)
    Str_Str                                  0x08001dfb   Thumb Code     6  lib_str.o(.text)
    Str_FmtNbr_Int32U                        0x08001f59   Thumb Code    24  lib_str.o(.text)
    Str_FmtNbr_Int32S                        0x08001f71   Thumb Code    40  lib_str.o(.text)
    Str_ParseNbr_Int32U                      0x080020d3   Thumb Code    12  lib_str.o(.text)
    Str_ParseNbr_Int32S                      0x080020df   Thumb Code    42  lib_str.o(.text)
    Mem_Copy                                 0x0800210d   Thumb Code     0  lib_mem_a.o(.text)
    OSCfg_Init                               0x0800232d   Thumb Code     2  os_cfg_app.o(.text)
    OS_IdleTask                              0x08002331   Thumb Code    30  os_core.o(.text)
    OS_IdleTaskInit                          0x0800234f   Thumb Code    62  os_core.o(.text)
    OS_RdyListInit                           0x0800238d   Thumb Code    30  os_core.o(.text)
    OSInit                                   0x080023ab   Thumb Code   290  os_core.o(.text)
    OSIntEnter                               0x080024cd   Thumb Code    22  os_core.o(.text)
    OSIntExit                                0x080024e3   Thumb Code   100  os_core.o(.text)
    OSSched                                  0x08002547   Thumb Code    86  os_core.o(.text)
    OS_SchedLockTimeMeasStart                0x0800259d   Thumb Code    20  os_core.o(.text)
    OSSchedLock                              0x080025b1   Thumb Code    72  os_core.o(.text)
    OS_SchedLockTimeMeasStop                 0x080025f9   Thumb Code    42  os_core.o(.text)
    OSSchedUnlock                            0x08002623   Thumb Code    92  os_core.o(.text)
    OSSchedRoundRobinCfg                     0x0800267f   Thumb Code    60  os_core.o(.text)
    OS_RdyListMoveHeadToTail                 0x080026bb   Thumb Code    52  os_core.o(.text)
    OSSchedRoundRobinYield                   0x080026ef   Thumb Code   264  os_core.o(.text)
    OSStart                                  0x080027f7   Thumb Code    62  os_core.o(.text)
    OSVersion                                0x08002835   Thumb Code    10  os_core.o(.text)
    OS_PendDbgNameAdd                        0x0800283f   Thumb Code    46  os_core.o(.text)
    OS_PendListInsertPrio                    0x0800286d   Thumb Code    90  os_core.o(.text)
    OS_PendDataInit                          0x080028c7   Thumb Code    48  os_core.o(.text)
    OS_RdyListRemove                         0x080028f7   Thumb Code    78  os_core.o(.text)
    OS_TaskBlock                             0x08002945   Thumb Code    42  os_core.o(.text)
    OS_Pend                                  0x0800296f   Thumb Code    72  os_core.o(.text)
    OS_PendListRemove1                       0x080029b7   Thumb Code    54  os_core.o(.text)
    OS_PendListRemove                        0x080029ed   Thumb Code    38  os_core.o(.text)
    OS_PendAbort1                            0x08002a13   Thumb Code    32  os_core.o(.text)
    OS_RdyListInsertHead                     0x08002a33   Thumb Code    52  os_core.o(.text)
    OS_RdyListInsertTail                     0x08002a67   Thumb Code    48  os_core.o(.text)
    OS_RdyListInsert                         0x08002a97   Thumb Code    38  os_core.o(.text)
    OS_TaskRdy                               0x08002abd   Thumb Code    26  os_core.o(.text)
    OS_PendAbort                             0x08002ad7   Thumb Code   134  os_core.o(.text)
    OS_PendDbgNameRemove                     0x08002b5d   Thumb Code    22  os_core.o(.text)
    OS_PendListChangePrio                    0x08002b73   Thumb Code   112  os_core.o(.text)
    OS_PendListInit                          0x08002be3   Thumb Code    10  os_core.o(.text)
    OS_PendListInsertHead                    0x08002bed   Thumb Code    32  os_core.o(.text)
    OS_PendObjDel1                           0x08002c0d   Thumb Code    32  os_core.o(.text)
    OS_PendObjDel                            0x08002c2d   Thumb Code   126  os_core.o(.text)
    OS_Post1                                 0x08002cab   Thumb Code    38  os_core.o(.text)
    OS_Post                                  0x08002cd1   Thumb Code   152  os_core.o(.text)
    OS_Sched0                                0x08002d69   Thumb Code    50  os_core.o(.text)
    OS_SchedRoundRobin                       0x08002d9b   Thumb Code    80  os_core.o(.text)
    OS_Dbg_Init                              0x08002e0d   Thumb Code     2  os_dbg.o(.text)
    OS_FlagDbgListAdd                        0x08002e11   Thumb Code    26  os_flag.o(.text)
    OSFlagCreate                             0x08002e2b   Thumb Code   104  os_flag.o(.text)
    OS_FlagClr                               0x08002e93   Thumb Code    16  os_flag.o(.text)
    OS_FlagDbgListRemove                     0x08002ea3   Thumb Code    36  os_flag.o(.text)
    OSFlagDel                                0x08002ec7   Thumb Code   344  os_flag.o(.text)
    OS_FlagBlock                             0x0800301f   Thumb Code    28  os_flag.o(.text)
    OSFlagPend                               0x0800303b   Thumb Code   584  os_flag.o(.text)
    OSFlagPendAbort                          0x08003283   Thumb Code   196  os_flag.o(.text)
    OSFlagPendGetFlagsRdy                    0x08003347   Thumb Code    44  os_flag.o(.text)
    OS_FlagTaskRdy                           0x08003373   Thumb Code    68  os_flag.o(.text)
    OS_FlagPost                              0x080033b7   Thumb Code   294  os_flag.o(.text)
    OSFlagPost                               0x080034dd   Thumb Code   114  os_flag.o(.text)
    OS_FlagInit                              0x0800354f   Thumb Code    14  os_flag.o(.text)
    OS_IntQPost                              0x08003579   Thumb Code   138  os_int.o(.text)
    OS_IntQRePost                            0x08003603   Thumb Code   224  os_int.o(.text)
    OS_IntQTask                              0x080036e3   Thumb Code   106  os_int.o(.text)
    OS_IntQTaskInit                          0x0800374d   Thumb Code   194  os_int.o(.text)
    OS_MemDbgListAdd                         0x080038a1   Thumb Code    22  os_mem.o(.text)
    OSMemCreate                              0x080038b7   Thumb Code   186  os_mem.o(.text)
    OSMemGet                                 0x08003971   Thumb Code    60  os_mem.o(.text)
    OSMemPut                                 0x080039ad   Thumb Code    70  os_mem.o(.text)
    OS_MemInit                               0x080039f3   Thumb Code    14  os_mem.o(.text)
    OS_MsgPoolCreate                         0x08003a15   Thumb Code    48  os_msg.o(.text)
    OS_MsgPoolInit                           0x08003a45   Thumb Code    58  os_msg.o(.text)
    OS_MsgQFreeAll                           0x08003a7f   Thumb Code    48  os_msg.o(.text)
    OS_MsgQInit                              0x08003aaf   Thumb Code    14  os_msg.o(.text)
    OS_MsgQGet                               0x08003abd   Thumb Code    82  os_msg.o(.text)
    OS_MsgQPut                               0x08003b0f   Thumb Code   128  os_msg.o(.text)
    OS_MutexDbgListAdd                       0x08003b9d   Thumb Code    26  os_mutex.o(.text)
    OSMutexCreate                            0x08003bb7   Thumb Code   112  os_mutex.o(.text)
    OS_MutexClr                              0x08003c27   Thumb Code    24  os_mutex.o(.text)
    OS_MutexDbgListRemove                    0x08003c3f   Thumb Code    36  os_mutex.o(.text)
    OSMutexDel                               0x08003c63   Thumb Code   470  os_mutex.o(.text)
    OSMutexPend                              0x08003e39   Thumb Code   490  os_mutex.o(.text)
    OSMutexPendAbort                         0x08004023   Thumb Code   196  os_mutex.o(.text)
    OSMutexPost                              0x080040e7   Thumb Code   364  os_mutex.o(.text)
    OS_MutexInit                             0x08004253   Thumb Code    14  os_mutex.o(.text)
    OS_PrioInit                              0x08004281   Thumb Code    18  os_prio.o(.text)
    OS_PrioGetHighest                        0x08004293   Thumb Code    32  os_prio.o(.text)
    OS_PrioInsert                            0x080042b3   Thumb Code    28  os_prio.o(.text)
    OS_PrioRemove                            0x080042cf   Thumb Code    28  os_prio.o(.text)
    OS_QDbgListAdd                           0x080042f1   Thumb Code    26  os_q.o(.text)
    OSQCreate                                0x0800430b   Thumb Code   118  os_q.o(.text)
    OS_QClr                                  0x08004381   Thumb Code    40  os_q.o(.text)
    OS_QDbgListRemove                        0x080043a9   Thumb Code    36  os_q.o(.text)
    OSQDel                                   0x080043cd   Thumb Code   256  os_q.o(.text)
    OSQFlush                                 0x080044cd   Thumb Code   116  os_q.o(.text)
    OSQPend                                  0x08004541   Thumb Code   344  os_q.o(.text)
    OSQPendAbort                             0x08004699   Thumb Code   236  os_q.o(.text)
    OS_QPost                                 0x08004785   Thumb Code   194  os_q.o(.text)
    OSQPost                                  0x08004847   Thumb Code   146  os_q.o(.text)
    OS_QInit                                 0x080048d9   Thumb Code    14  os_q.o(.text)
    OS_SemDbgListAdd                         0x08004901   Thumb Code    26  os_sem.o(.text)
    OSSemCreate                              0x0800491b   Thumb Code   104  os_sem.o(.text)
    OS_SemClr                                0x08004983   Thumb Code    22  os_sem.o(.text)
    OS_SemDbgListRemove                      0x08004999   Thumb Code    36  os_sem.o(.text)
    OSSemDel                                 0x080049bd   Thumb Code   256  os_sem.o(.text)
    OSSemPend                                0x08004abd   Thumb Code   298  os_sem.o(.text)
    OSSemPendAbort                           0x08004be7   Thumb Code   196  os_sem.o(.text)
    OS_SemPost                               0x08004cab   Thumb Code   202  os_sem.o(.text)
    OSSemPost                                0x08004d75   Thumb Code   114  os_sem.o(.text)
    OSSemSet                                 0x08004de7   Thumb Code    78  os_sem.o(.text)
    OS_SemInit                               0x08004e35   Thumb Code    14  os_sem.o(.text)
    OSStatReset                              0x08004e55   Thumb Code   150  os_stat.o(.text)
    OSStatTaskCPUUsageInit                   0x08004eeb   Thumb Code   126  os_stat.o(.text)
    OS_StatTask                              0x08004f69   Thumb Code   482  os_stat.o(.text)
    OS_StatTaskInit                          0x0800514b   Thumb Code   120  os_stat.o(.text)
    OSTaskChangePrio                         0x08005255   Thumb Code   240  os_task.o(.text)
    OS_TaskDbgListAdd                        0x08005345   Thumb Code    30  os_task.o(.text)
    OS_TaskInitTCB                           0x08005363   Thumb Code   180  os_task.o(.text)
    OSTaskCreate                             0x08005417   Thumb Code   400  os_task.o(.text)
    OS_TaskDbgListRemove                     0x080055a7   Thumb Code    50  os_task.o(.text)
    OSTaskDel                                0x080055d9   Thumb Code   310  os_task.o(.text)
    OSTaskQFlush                             0x0800570f   Thumb Code   106  os_task.o(.text)
    OSTaskQPend                              0x08005779   Thumb Code   328  os_task.o(.text)
    OSTaskQPendAbort                         0x080058c1   Thumb Code   140  os_task.o(.text)
    OS_TaskQPost                             0x0800594d   Thumb Code   222  os_task.o(.text)
    OSTaskQPost                              0x08005a2b   Thumb Code    96  os_task.o(.text)
    OSTaskRegGet                             0x08005a8b   Thumb Code    66  os_task.o(.text)
    OSTaskRegGetID                           0x08005acd   Thumb Code    42  os_task.o(.text)
    OSTaskRegSet                             0x08005af7   Thumb Code    40  os_task.o(.text)
    OS_TaskResume                            0x08005b1f   Thumb Code   184  os_task.o(.text)
    OSTaskResume                             0x08005bd7   Thumb Code    78  os_task.o(.text)
    OSTaskSemPend                            0x08005c25   Thumb Code   300  os_task.o(.text)
    OSTaskSemPendAbort                       0x08005d51   Thumb Code   148  os_task.o(.text)
    OS_TaskSemPost                           0x08005de5   Thumb Code   284  os_task.o(.text)
    OSTaskSemPost                            0x08005f01   Thumb Code    78  os_task.o(.text)
    OSTaskSemSet                             0x08005f4f   Thumb Code    52  os_task.o(.text)
    OSTaskStkChk                             0x08005f83   Thumb Code   136  os_task.o(.text)
    OS_TaskSuspend                           0x0800600b   Thumb Code   158  os_task.o(.text)
    OSTaskSuspend                            0x080060a9   Thumb Code    64  os_task.o(.text)
    OSTaskTimeQuantaSet                      0x080060e9   Thumb Code    68  os_task.o(.text)
    OS_TaskInit                              0x0800612d   Thumb Code    18  os_task.o(.text)
    OS_TaskReturn                            0x0800613f   Thumb Code    20  os_task.o(.text)
    OS_TickListRemove                        0x08006181   Thumb Code    54  os_tick.o(.text)
    OS_TickListUpdate                        0x080061b7   Thumb Code   304  os_tick.o(.text)
    OS_TickTask                              0x080062e7   Thumb Code    36  os_tick.o(.text)
    OS_TickListInit                          0x0800630b   Thumb Code    34  os_tick.o(.text)
    OS_TickTaskInit                          0x0800632d   Thumb Code   114  os_tick.o(.text)
    OS_TickListInsert                        0x0800639f   Thumb Code   202  os_tick.o(.text)
    OS_TickListResetPeak                     0x08006469   Thumb Code    30  os_tick.o(.text)
    OSTimeDly                                0x080064d1   Thumb Code   158  os_time.o(.text)
    OSTimeDlyHMSM                            0x0800656f   Thumb Code   308  os_time.o(.text)
    OSTimeDlyResume                          0x080066a3   Thumb Code   184  os_time.o(.text)
    OSTimeGet                                0x0800675b   Thumb Code    24  os_time.o(.text)
    OSTimeSet                                0x08006773   Thumb Code    24  os_time.o(.text)
    OSTimeTick                               0x0800678b   Thumb Code    52  os_time.o(.text)
    OS_TmrDbgListAdd                         0x080067e1   Thumb Code    22  os_tmr.o(.text)
    OSTmrCreate                              0x080067f7   Thumb Code   168  os_tmr.o(.text)
    OS_TmrClr                                0x0800689f   Thumb Code    34  os_tmr.o(.text)
    OS_TmrUnlink                             0x080068c1   Thumb Code    68  os_tmr.o(.text)
    OS_TmrDbgListRemove                      0x08006905   Thumb Code    36  os_tmr.o(.text)
    OSTmrDel                                 0x08006929   Thumb Code   134  os_tmr.o(.text)
    OSTmrRemainGet                           0x080069af   Thumb Code   140  os_tmr.o(.text)
    OS_TmrLink                               0x08006a3b   Thumb Code   140  os_tmr.o(.text)
    OSTmrStart                               0x08006ac7   Thumb Code   122  os_tmr.o(.text)
    OSTmrStateGet                            0x08006b41   Thumb Code    86  os_tmr.o(.text)
    OSTmrStop                                0x08006b97   Thumb Code   226  os_tmr.o(.text)
    OS_TmrTask                               0x08006c79   Thumb Code   164  os_tmr.o(.text)
    OS_TmrInit                               0x08006d1d   Thumb Code   174  os_tmr.o(.text)
    OS_TmrResetPeak                          0x08006dcb   Thumb Code    30  os_tmr.o(.text)
    OSIdleTaskHook                           0x08006e3d   Thumb Code    12  os_cpu_c.o(.text)
    OSInitHook                               0x08006e49   Thumb Code    22  os_cpu_c.o(.text)
    OSStatTaskHook                           0x08006e5f   Thumb Code    12  os_cpu_c.o(.text)
    OSTaskCreateHook                         0x08006e6b   Thumb Code    12  os_cpu_c.o(.text)
    OSTaskDelHook                            0x08006e77   Thumb Code    12  os_cpu_c.o(.text)
    OSTaskReturnHook                         0x08006e83   Thumb Code    12  os_cpu_c.o(.text)
    OSTaskStkInit                            0x08006e8f   Thumb Code    96  os_cpu_c.o(.text)
    OSTaskSwHook                             0x08006eef   Thumb Code    72  os_cpu_c.o(.text)
    OSTimeTickHook                           0x08006f37   Thumb Code    12  os_cpu_c.o(.text)
    OS_CPU_SysTickHandler                    0x08006f43   Thumb Code    30  os_cpu_c.o(.text)
    OS_CPU_SysTickInit                       0x08006f61   Thumb Code    36  os_cpu_c.o(.text)
    App_OS_TimeTickHook                      0x08006fc5   Thumb Code     2  os_app_hooks.o(.text)
    App_OS_TaskSwHook                        0x08006fc7   Thumb Code     2  os_app_hooks.o(.text)
    App_OS_StatTaskHook                      0x08006fc9   Thumb Code     2  os_app_hooks.o(.text)
    App_OS_IdleTaskHook                      0x08006fcb   Thumb Code    32  os_app_hooks.o(.text)
    App_OS_TaskReturnHook                    0x08006feb   Thumb Code     2  os_app_hooks.o(.text)
    App_OS_TaskDelHook                       0x08006fed   Thumb Code     2  os_app_hooks.o(.text)
    App_OS_TaskCreateHook                    0x08006fef   Thumb Code     2  os_app_hooks.o(.text)
    App_OS_SetAllHooks                       0x08006ff1   Thumb Code    70  os_app_hooks.o(.text)
    App_OS_ClrAllHooks                       0x08007037   Thumb Code    44  os_app_hooks.o(.text)
    App_OS_InitHook                          0x08007063   Thumb Code     2  os_app_hooks.o(.text)
    __use_no_semihosting                     0x080070a9   Thumb Code     2  use_no_semi_2.o(.text)
    __aeabi_uldivmod                         0x080070ab   Thumb Code     0  lludivv7m.o(.text)
    _ll_udiv                                 0x080070ab   Thumb Code   238  lludivv7m.o(.text)
    __2printf                                0x08007199   Thumb Code    20  noretval__2printf.o(.text)
    __printf                                 0x080071b1   Thumb Code   104  __printf.o(.text)
    __use_two_region_memory                  0x08007219   Thumb Code     2  heapauxi.o(.text)
    __rt_heap_escrow$2region                 0x0800721b   Thumb Code     2  heapauxi.o(.text)
    __rt_heap_expand$2region                 0x0800721d   Thumb Code     2  heapauxi.o(.text)
    __I$use$semihosting                      0x0800721f   Thumb Code     0  use_no_semi.o(.text)
    __use_no_semihosting_swi                 0x0800721f   Thumb Code     2  use_no_semi.o(.text)
    _printf_char_file                        0x08007221   Thumb Code    32  _printf_char_file.o(.text)
    _printf_char_common                      0x0800724f   Thumb Code    32  _printf_char_common.o(.text)
    ferror                                   0x08007275   Thumb Code     8  ferror.o(.text)
    __user_setup_stackheap                   0x0800727d   Thumb Code    74  sys_stackheap_outer.o(.text)
    exit                                     0x080072c7   Thumb Code    12  exit.o(.text)
    __user_libspace                          0x080072d5   Thumb Code     8  libspace.o(.text)
    __user_perproc_libspace                  0x080072d5   Thumb Code     0  libspace.o(.text)
    __user_perthread_libspace                0x080072d5   Thumb Code     0  libspace.o(.text)
    OSStartHighRdy                           0x080072dd   Thumb Code     0  os_cpu_a.o(CODE)
    OSCtxSw                                  0x080072ff   Thumb Code     0  os_cpu_a.o(CODE)
    OSIntCtxSw                               0x08007309   Thumb Code     0  os_cpu_a.o(CODE)
    PendSV_Handler                           0x08007313   Thumb Code     0  os_cpu_a.o(CODE)
    OSCfg_StatTaskPrio                       0x08007508   Data           1  os_cfg_app.o(.constdata)
    OSCfg_TickTaskPrio                       0x08007509   Data           1  os_cfg_app.o(.constdata)
    OSCfg_TmrTaskPrio                        0x0800750a   Data           1  os_cfg_app.o(.constdata)
    OSCfg_IntQSize                           0x0800750c   Data           2  os_cfg_app.o(.constdata)
    OSCfg_MsgPoolSize                        0x0800750e   Data           2  os_cfg_app.o(.constdata)
    OSCfg_TickWheelSize                      0x08007510   Data           2  os_cfg_app.o(.constdata)
    OSCfg_TmrWheelSize                       0x08007512   Data           2  os_cfg_app.o(.constdata)
    OSCfg_IdleTaskStkBasePtr                 0x08007514   Data           4  os_cfg_app.o(.constdata)
    OSCfg_IdleTaskStkLimit                   0x08007518   Data           4  os_cfg_app.o(.constdata)
    OSCfg_IdleTaskStkSize                    0x0800751c   Data           4  os_cfg_app.o(.constdata)
    OSCfg_IdleTaskStkSizeRAM                 0x08007520   Data           4  os_cfg_app.o(.constdata)
    OSCfg_IntQBasePtr                        0x08007524   Data           4  os_cfg_app.o(.constdata)
    OSCfg_IntQSizeRAM                        0x08007528   Data           4  os_cfg_app.o(.constdata)
    OSCfg_IntQTaskStkBasePtr                 0x0800752c   Data           4  os_cfg_app.o(.constdata)
    OSCfg_IntQTaskStkLimit                   0x08007530   Data           4  os_cfg_app.o(.constdata)
    OSCfg_IntQTaskStkSize                    0x08007534   Data           4  os_cfg_app.o(.constdata)
    OSCfg_IntQTaskStkSizeRAM                 0x08007538   Data           4  os_cfg_app.o(.constdata)
    OSCfg_ISRStkBasePtr                      0x0800753c   Data           4  os_cfg_app.o(.constdata)
    OSCfg_ISRStkSize                         0x08007540   Data           4  os_cfg_app.o(.constdata)
    OSCfg_ISRStkSizeRAM                      0x08007544   Data           4  os_cfg_app.o(.constdata)
    OSCfg_MsgPoolSizeRAM                     0x08007548   Data           4  os_cfg_app.o(.constdata)
    OSCfg_MsgPoolBasePtr                     0x0800754c   Data           4  os_cfg_app.o(.constdata)
    OSCfg_StatTaskRate_Hz                    0x08007550   Data           4  os_cfg_app.o(.constdata)
    OSCfg_StatTaskStkBasePtr                 0x08007554   Data           4  os_cfg_app.o(.constdata)
    OSCfg_StatTaskStkLimit                   0x08007558   Data           4  os_cfg_app.o(.constdata)
    OSCfg_StatTaskStkSize                    0x0800755c   Data           4  os_cfg_app.o(.constdata)
    OSCfg_StatTaskStkSizeRAM                 0x08007560   Data           4  os_cfg_app.o(.constdata)
    OSCfg_StkSizeMin                         0x08007564   Data           4  os_cfg_app.o(.constdata)
    OSCfg_TickRate_Hz                        0x08007568   Data           4  os_cfg_app.o(.constdata)
    OSCfg_TickTaskStkBasePtr                 0x0800756c   Data           4  os_cfg_app.o(.constdata)
    OSCfg_TickTaskStkLimit                   0x08007570   Data           4  os_cfg_app.o(.constdata)
    OSCfg_TickTaskStkSize                    0x08007574   Data           4  os_cfg_app.o(.constdata)
    OSCfg_TickTaskStkSizeRAM                 0x08007578   Data           4  os_cfg_app.o(.constdata)
    OSCfg_TickWheelSizeRAM                   0x0800757c   Data           4  os_cfg_app.o(.constdata)
    OSCfg_TmrTaskRate_Hz                     0x08007580   Data           4  os_cfg_app.o(.constdata)
    OSCfg_TmrTaskStkBasePtr                  0x08007584   Data           4  os_cfg_app.o(.constdata)
    OSCfg_TmrTaskStkLimit                    0x08007588   Data           4  os_cfg_app.o(.constdata)
    OSCfg_TmrTaskStkSize                     0x0800758c   Data           4  os_cfg_app.o(.constdata)
    OSCfg_TmrTaskStkSizeRAM                  0x08007590   Data           4  os_cfg_app.o(.constdata)
    OSCfg_TmrWheelSizeRAM                    0x08007594   Data           4  os_cfg_app.o(.constdata)
    OSCfg_DataSizeRAM                        0x08007598   Data           4  os_cfg_app.o(.constdata)
    Region$$Table$$Base                      0x0800759c   Number         0  anon$$obj.o(Region$$Table)
    Region$$Table$$Limit                     0x080075bc   Number         0  anon$$obj.o(Region$$Table)
    SystemCoreClock                          0x20000000   Data           4  system_stm32f10x.o(.data)
    AHBPrescTable                            0x20000004   Data          16  system_stm32f10x.o(.data)
    USART_RX_STA                             0x20000018   Data           2  usart.o(.data)
    __stdout                                 0x2000001c   Data           4  usart.o(.data)
    CPU_TS_TmrFreq_Hz                        0x20000034   Data           4  cpu_core.o(.data)
    Mem_PoolTbl                              0x20000038   Data           4  lib_mem.o(.data)
    OSPrioTbl                                0x2000003c   Data           8  os_prio.o(.data)
    OS_AppTaskCreateHookPtr                  0x20000044   Data           4  os_var.o(.data)
    OS_AppTaskDelHookPtr                     0x20000048   Data           4  os_var.o(.data)
    OS_AppTaskReturnHookPtr                  0x2000004c   Data           4  os_var.o(.data)
    OS_AppIdleTaskHookPtr                    0x20000050   Data           4  os_var.o(.data)
    OS_AppStatTaskHookPtr                    0x20000054   Data           4  os_var.o(.data)
    OS_AppTaskSwHookPtr                      0x20000058   Data           4  os_var.o(.data)
    OS_AppTimeTickHookPtr                    0x2000005c   Data           4  os_var.o(.data)
    OSIdleTaskCtr                            0x20000060   Data           4  os_var.o(.data)
    OSIntNestingCtr                          0x20000064   Data           1  os_var.o(.data)
    OSRunning                                0x20000065   Data           1  os_var.o(.data)
    OSIntQInPtr                              0x20000068   Data           4  os_var.o(.data)
    OSIntQOutPtr                             0x2000006c   Data           4  os_var.o(.data)
    OSIntQNbrEntries                         0x20000070   Data           2  os_var.o(.data)
    OSIntQNbrEntriesMax                      0x20000072   Data           2  os_var.o(.data)
    OSIntQOvfCtr                             0x20000074   Data           2  os_var.o(.data)
    OSIntQTaskTimeMax                        0x20000078   Data           4  os_var.o(.data)
    OSFlagDbgListPtr                         0x2000007c   Data           4  os_var.o(.data)
    OSFlagQty                                0x20000080   Data           2  os_var.o(.data)
    OSMemDbgListPtr                          0x20000084   Data           4  os_var.o(.data)
    OSMemQty                                 0x20000088   Data           2  os_var.o(.data)
    OSMutexDbgListPtr                        0x2000008c   Data           4  os_var.o(.data)
    OSMutexQty                               0x20000090   Data           2  os_var.o(.data)
    OSPrioCur                                0x20000092   Data           1  os_var.o(.data)
    OSPrioHighRdy                            0x20000093   Data           1  os_var.o(.data)
    OSPrioSaved                              0x20000094   Data           1  os_var.o(.data)
    OSQDbgListPtr                            0x20000098   Data           4  os_var.o(.data)
    OSQQty                                   0x2000009c   Data           2  os_var.o(.data)
    OSSchedLockTimeBegin                     0x200000a0   Data           4  os_var.o(.data)
    OSSchedLockTimeMax                       0x200000a4   Data           4  os_var.o(.data)
    OSSchedLockTimeMaxCur                    0x200000a8   Data           4  os_var.o(.data)
    OSSchedLockNestingCtr                    0x200000ac   Data           1  os_var.o(.data)
    OSSchedRoundRobinDfltTimeQuanta          0x200000b0   Data           4  os_var.o(.data)
    OSSchedRoundRobinEn                      0x200000b4   Data           1  os_var.o(.data)
    OSSemDbgListPtr                          0x200000b8   Data           4  os_var.o(.data)
    OSSemQty                                 0x200000bc   Data           2  os_var.o(.data)
    OSStatResetFlag                          0x200000be   Data           1  os_var.o(.data)
    OSStatTaskCPUUsage                       0x200000c0   Data           2  os_var.o(.data)
    OSStatTaskCPUUsageMax                    0x200000c2   Data           2  os_var.o(.data)
    OSStatTaskCtr                            0x200000c4   Data           4  os_var.o(.data)
    OSStatTaskCtrMax                         0x200000c8   Data           4  os_var.o(.data)
    OSStatTaskCtrRun                         0x200000cc   Data           4  os_var.o(.data)
    OSStatTaskRdy                            0x200000d0   Data           1  os_var.o(.data)
    OSStatTaskTimeMax                        0x200000d4   Data           4  os_var.o(.data)
    OSTaskCtxSwCtr                           0x200000d8   Data           4  os_var.o(.data)
    OSTaskDbgListPtr                         0x200000dc   Data           4  os_var.o(.data)
    OSTaskQty                                0x200000e0   Data           2  os_var.o(.data)
    OSTaskRegNextAvailID                     0x200000e2   Data           1  os_var.o(.data)
    OSTickCtr                                0x200000e4   Data           4  os_var.o(.data)
    OSTickTaskTimeMax                        0x200000e8   Data           4  os_var.o(.data)
    OSTmrDbgListPtr                          0x200000ec   Data           4  os_var.o(.data)
    OSTmrQty                                 0x200000f0   Data           2  os_var.o(.data)
    OSTmrTaskTimeMax                         0x200000f4   Data           4  os_var.o(.data)
    OSTmrTickCtr                             0x200000f8   Data           4  os_var.o(.data)
    OSTmrUpdateCnt                           0x200000fc   Data           4  os_var.o(.data)
    OSTmrUpdateCtr                           0x20000100   Data           4  os_var.o(.data)
    OSTCBCurPtr                              0x20000104   Data           4  os_var.o(.data)
    OSTCBHighRdyPtr                          0x20000108   Data           4  os_var.o(.data)
    OS_CPU_ExceptStkBase                     0x2000010c   Data           4  os_cpu_c.o(.data)
    StartTaskTCB                             0x20000114   Data         196  main.o(.bss)
    START_TASK_STK                           0x200001d8   Data        2048  main.o(.bss)
    USART_RX_BUF                             0x200009d8   Data         200  usart.o(.bss)
    CPU_Name                                 0x20000aa0   Data          16  cpu_core.o(.bss)
    Mem_PoolHeap                             0x20000ab0   Data          72  lib_mem.o(.bss)
    Mem_Heap                                 0x20000af8   Data        1024  lib_mem.o(.bss)
    OSCfg_IdleTaskStk                        0x20000ef8   Data         512  os_cfg_app.o(.bss)
    OSCfg_IntQ                               0x200010f8   Data         320  os_cfg_app.o(.bss)
    OSCfg_IntQTaskStk                        0x20001238   Data         512  os_cfg_app.o(.bss)
    OSCfg_ISRStk                             0x20001438   Data         512  os_cfg_app.o(.bss)
    OSCfg_MsgPool                            0x20001638   Data        1600  os_cfg_app.o(.bss)
    OSCfg_StatTaskStk                        0x20001c78   Data         512  os_cfg_app.o(.bss)
    OSCfg_TickTaskStk                        0x20001e78   Data         512  os_cfg_app.o(.bss)
    OSCfg_TickWheel                          0x20002078   Data         136  os_cfg_app.o(.bss)
    OSCfg_TmrTaskStk                         0x20002100   Data         512  os_cfg_app.o(.bss)
    OSCfg_TmrWheel                           0x20002300   Data         136  os_cfg_app.o(.bss)
    OSIdleTaskTCB                            0x20002388   Data         196  os_var.o(.bss)
    OSIntQTaskTCB                            0x2000244c   Data         196  os_var.o(.bss)
    OSMsgPool                                0x20002510   Data          12  os_var.o(.bss)
    OSRdyList                                0x2000251c   Data         768  os_var.o(.bss)
    OSStatTaskTCB                            0x2000281c   Data         196  os_var.o(.bss)
    OSTickTaskTCB                            0x200028e0   Data         196  os_var.o(.bss)
    OSTmrTaskTCB                             0x200029a4   Data         196  os_var.o(.bss)
    __libspace_start                         0x20002a68   Data          96  libspace.o(.bss)
    __temporary_stack_top$libspace           0x20002ac8   Data           0  libspace.o(.bss)



==============================================================================

Memory Map of the image

  Image Entry point : 0x08000151

  Load Region LR_IROM1 (Base: 0x08000000, Size: 0x000076d0, Max: 0x00040000, ABSOLUTE)

    Execution Region ER_IROM1 (Base: 0x08000000, Size: 0x000075bc, Max: 0x00040000, ABSOLUTE)

    Base Addr    Size         Type   Attr      Idx    E Section Name        Object

    0x08000000   0x00000150   Data   RO          495    RESET               startup_stm32f10x_cl.o
    0x08000150   0x00000008   Code   RO         1139  * !!!main             c_w.l(__main.o)
    0x08000158   0x00000034   Code   RO         1353    !!!scatter          c_w.l(__scatter.o)
    0x0800018c   0x0000001a   Code   RO         1355    !!handler_copy      c_w.l(__scatter_copy.o)
    0x080001a6   0x00000002   PAD
    0x080001a8   0x0000001c   Code   RO         1357    !!handler_zi        c_w.l(__scatter_zi.o)
    0x080001c4   0x00000000   Code   RO         1136    .ARM.Collect$$_printf_percent$$00000000  c_w.l(_printf_percent.o)
    0x080001c4   0x00000004   Code   RO         1180    .ARM.Collect$$_printf_percent$$00000017  c_w.l(_printf_percent_end.o)
    0x080001c8   0x00000002   Code   RO         1228    .ARM.Collect$$libinit$$00000000  c_w.l(libinit.o)
    0x080001ca   0x00000000   Code   RO         1241    .ARM.Collect$$libinit$$00000002  c_w.l(libinit2.o)
    0x080001ca   0x00000000   Code   RO         1243    .ARM.Collect$$libinit$$00000004  c_w.l(libinit2.o)
    0x080001ca   0x00000000   Code   RO         1246    .ARM.Collect$$libinit$$0000000A  c_w.l(libinit2.o)
    0x080001ca   0x00000000   Code   RO         1248    .ARM.Collect$$libinit$$0000000C  c_w.l(libinit2.o)
    0x080001ca   0x00000000   Code   RO         1250    .ARM.Collect$$libinit$$0000000E  c_w.l(libinit2.o)
    0x080001ca   0x00000000   Code   RO         1253    .ARM.Collect$$libinit$$00000011  c_w.l(libinit2.o)
    0x080001ca   0x00000000   Code   RO         1255    .ARM.Collect$$libinit$$00000013  c_w.l(libinit2.o)
    0x080001ca   0x00000000   Code   RO         1257    .ARM.Collect$$libinit$$00000015  c_w.l(libinit2.o)
    0x080001ca   0x00000000   Code   RO         1259    .ARM.Collect$$libinit$$00000017  c_w.l(libinit2.o)
    0x080001ca   0x00000000   Code   RO         1261    .ARM.Collect$$libinit$$00000019  c_w.l(libinit2.o)
    0x080001ca   0x00000000   Code   RO         1263    .ARM.Collect$$libinit$$0000001B  c_w.l(libinit2.o)
    0x080001ca   0x00000000   Code   RO         1265    .ARM.Collect$$libinit$$0000001D  c_w.l(libinit2.o)
    0x080001ca   0x00000000   Code   RO         1267    .ARM.Collect$$libinit$$0000001F  c_w.l(libinit2.o)
    0x080001ca   0x00000000   Code   RO         1269    .ARM.Collect$$libinit$$00000021  c_w.l(libinit2.o)
    0x080001ca   0x00000000   Code   RO         1271    .ARM.Collect$$libinit$$00000023  c_w.l(libinit2.o)
    0x080001ca   0x00000000   Code   RO         1273    .ARM.Collect$$libinit$$00000025  c_w.l(libinit2.o)
    0x080001ca   0x00000000   Code   RO         1277    .ARM.Collect$$libinit$$0000002C  c_w.l(libinit2.o)
    0x080001ca   0x00000000   Code   RO         1279    .ARM.Collect$$libinit$$0000002E  c_w.l(libinit2.o)
    0x080001ca   0x00000000   Code   RO         1281    .ARM.Collect$$libinit$$00000030  c_w.l(libinit2.o)
    0x080001ca   0x00000000   Code   RO         1283    .ARM.Collect$$libinit$$00000032  c_w.l(libinit2.o)
    0x080001ca   0x00000002   Code   RO         1284    .ARM.Collect$$libinit$$00000033  c_w.l(libinit2.o)
    0x080001cc   0x00000002   Code   RO         1310    .ARM.Collect$$libshutdown$$00000000  c_w.l(libshutdown.o)
    0x080001ce   0x00000000   Code   RO         1338    .ARM.Collect$$libshutdown$$00000003  c_w.l(libshutdown2.o)
    0x080001ce   0x00000000   Code   RO         1341    .ARM.Collect$$libshutdown$$00000006  c_w.l(libshutdown2.o)
    0x080001ce   0x00000000   Code   RO         1344    .ARM.Collect$$libshutdown$$00000009  c_w.l(libshutdown2.o)
    0x080001ce   0x00000000   Code   RO         1346    .ARM.Collect$$libshutdown$$0000000B  c_w.l(libshutdown2.o)
    0x080001ce   0x00000000   Code   RO         1349    .ARM.Collect$$libshutdown$$0000000E  c_w.l(libshutdown2.o)
    0x080001ce   0x00000002   Code   RO         1350    .ARM.Collect$$libshutdown$$0000000F  c_w.l(libshutdown2.o)
    0x080001d0   0x00000000   Code   RO         1171    .ARM.Collect$$rtentry$$00000000  c_w.l(__rtentry.o)
    0x080001d0   0x00000000   Code   RO         1191    .ARM.Collect$$rtentry$$00000002  c_w.l(__rtentry2.o)
    0x080001d0   0x00000006   Code   RO         1203    .ARM.Collect$$rtentry$$00000004  c_w.l(__rtentry4.o)
    0x080001d6   0x00000000   Code   RO         1193    .ARM.Collect$$rtentry$$00000009  c_w.l(__rtentry2.o)
    0x080001d6   0x00000004   Code   RO         1194    .ARM.Collect$$rtentry$$0000000A  c_w.l(__rtentry2.o)
    0x080001da   0x00000000   Code   RO         1196    .ARM.Collect$$rtentry$$0000000C  c_w.l(__rtentry2.o)
    0x080001da   0x00000008   Code   RO         1197    .ARM.Collect$$rtentry$$0000000D  c_w.l(__rtentry2.o)
    0x080001e2   0x00000002   Code   RO         1232    .ARM.Collect$$rtexit$$00000000  c_w.l(rtexit.o)
    0x080001e4   0x00000000   Code   RO         1286    .ARM.Collect$$rtexit$$00000002  c_w.l(rtexit2.o)
    0x080001e4   0x00000004   Code   RO         1287    .ARM.Collect$$rtexit$$00000003  c_w.l(rtexit2.o)
    0x080001e8   0x00000006   Code   RO         1288    .ARM.Collect$$rtexit$$00000004  c_w.l(rtexit2.o)
    0x080001ee   0x0000000e   Code   RO            1    .text               stm32f10x_it.o
    0x080001fc   0x000001bc   Code   RO           56    .text               system_stm32f10x.o
    0x080003b8   0x0000013c   Code   RO          272    .text               main.o
    0x080004f4   0x00000038   Code   RO          335    .text               led.o
    0x0800052c   0x00000118   Code   RO          427    .text               delay.o
    0x08000644   0x00000120   Code   RO          459    .text               usart.o
    0x08000764   0x00000040   Code   RO          496    .text               startup_stm32f10x_cl.o
    0x080007a4   0x000000b0   Code   RO          500    .text               misc.o
    0x08000854   0x00000264   Code   RO          512    .text               stm32f10x_gpio.o
    0x08000ab8   0x00000328   Code   RO          524    .text               stm32f10x_usart.o
    0x08000de0   0x00000368   Code   RO          536    .text               stm32f10x_rcc.o
    0x08001148   0x00000068   Code   RO          599    .text               bsp.o
    0x080011b0   0x000001bc   Code   RO          615    .text               cpu_core.o
    0x0800136c   0x00000034   Code   RO          655    .text               cpu_a.o
    0x080013a0   0x0000015a   Code   RO          658    .text               lib_ascii.o
    0x080014fa   0x00000002   PAD
    0x080014fc   0x00000668   Code   RO          693    .text               lib_mem.o
    0x08001b64   0x000005a8   Code   RO          712    .text               lib_str.o
    0x0800210c   0x00000220   Code   RO          730    .text               lib_mem_a.o
    0x0800232c   0x00000002   Code   RO          733    .text               os_cfg_app.o
    0x0800232e   0x00000002   PAD
    0x08002330   0x00000adc   Code   RO          765    .text               os_core.o
    0x08002e0c   0x00000002   Code   RO          778    .text               os_dbg.o
    0x08002e0e   0x00000002   PAD
    0x08002e10   0x00000768   Code   RO          794    .text               os_flag.o
    0x08003578   0x00000328   Code   RO          807    .text               os_int.o
    0x080038a0   0x00000174   Code   RO          819    .text               os_mem.o
    0x08003a14   0x00000188   Code   RO          831    .text               os_msg.o
    0x08003b9c   0x000006e4   Code   RO          843    .text               os_mutex.o
    0x08004280   0x00000070   Code   RO          862    .text               os_prio.o
    0x080042f0   0x00000610   Code   RO          881    .text               os_q.o
    0x08004900   0x00000554   Code   RO          894    .text               os_sem.o
    0x08004e54   0x00000400   Code   RO          907    .text               os_stat.o
    0x08005254   0x00000f2c   Code   RO          919    .text               os_task.o
    0x08006180   0x00000350   Code   RO          931    .text               os_tick.o
    0x080064d0   0x00000310   Code   RO          944    .text               os_time.o
    0x080067e0   0x0000065c   Code   RO          956    .text               os_tmr.o
    0x08006e3c   0x00000188   Code   RO         1047    .text               os_cpu_c.o
    0x08006fc4   0x000000e4   Code   RO         1065    .text               os_app_hooks.o
    0x080070a8   0x00000002   Code   RO         1084    .text               c_w.l(use_no_semi_2.o)
    0x080070aa   0x000000ee   Code   RO         1086    .text               c_w.l(lludivv7m.o)
    0x08007198   0x00000018   Code   RO         1090    .text               c_w.l(noretval__2printf.o)
    0x080071b0   0x00000068   Code   RO         1092    .text               c_w.l(__printf.o)
    0x08007218   0x00000006   Code   RO         1137    .text               c_w.l(heapauxi.o)
    0x0800721e   0x00000002   Code   RO         1169    .text               c_w.l(use_no_semi.o)
    0x08007220   0x00000024   Code   RO         1178    .text               c_w.l(_printf_char_file.o)
    0x08007244   0x00000030   Code   RO         1207    .text               c_w.l(_printf_char_common.o)
    0x08007274   0x00000008   Code   RO         1209    .text               c_w.l(ferror.o)
    0x0800727c   0x0000004a   Code   RO         1213    .text               c_w.l(sys_stackheap_outer.o)
    0x080072c6   0x0000000c   Code   RO         1217    .text               c_w.l(exit.o)
    0x080072d2   0x00000002   PAD
    0x080072d4   0x00000008   Code   RO         1229    .text               c_w.l(libspace.o)
    0x080072dc   0x00000098   Code   RO         1044    CODE                os_cpu_a.o
    0x08007374   0x00000100   Data   RO          617    .constdata          cpu_core.o
    0x08007474   0x00000094   Data   RO          713    .constdata          lib_str.o
    0x08007508   0x00000094   Data   RO          744    .constdata          os_cfg_app.o
    0x0800759c   0x00000020   Data   RO         1351    Region$$Table       anon$$obj.o


    Execution Region RW_IRAM1 (Base: 0x20000000, Size: 0x00004ac8, Max: 0x00010000, ABSOLUTE)

    Base Addr    Size         Type   Attr      Idx    E Section Name        Object

    0x20000000   0x00000014   Data   RW           57    .data               system_stm32f10x.o
    0x20000014   0x00000004   Data   RW          428    .data               delay.o
    0x20000018   0x00000002   Data   RW          461    .data               usart.o
    0x2000001a   0x00000002   PAD
    0x2000001c   0x00000004   Data   RW          462    .data               usart.o
    0x20000020   0x00000014   Data   RW          537    .data               stm32f10x_rcc.o
    0x20000034   0x00000004   Data   RW          619    .data               cpu_core.o
    0x20000038   0x00000004   Data   RW          695    .data               lib_mem.o
    0x2000003c   0x00000008   Data   RW          863    .data               os_prio.o
    0x20000044   0x00000004   Data   RW          975    .data               os_var.o
    0x20000048   0x00000004   Data   RW          976    .data               os_var.o
    0x2000004c   0x00000004   Data   RW          977    .data               os_var.o
    0x20000050   0x00000004   Data   RW          978    .data               os_var.o
    0x20000054   0x00000004   Data   RW          979    .data               os_var.o
    0x20000058   0x00000004   Data   RW          980    .data               os_var.o
    0x2000005c   0x00000004   Data   RW          981    .data               os_var.o
    0x20000060   0x00000004   Data   RW          982    .data               os_var.o
    0x20000064   0x00000001   Data   RW          983    .data               os_var.o
    0x20000065   0x00000001   Data   RW          984    .data               os_var.o
    0x20000066   0x00000002   PAD
    0x20000068   0x00000004   Data   RW          985    .data               os_var.o
    0x2000006c   0x00000004   Data   RW          986    .data               os_var.o
    0x20000070   0x00000002   Data   RW          987    .data               os_var.o
    0x20000072   0x00000002   Data   RW          988    .data               os_var.o
    0x20000074   0x00000002   Data   RW          989    .data               os_var.o
    0x20000076   0x00000002   PAD
    0x20000078   0x00000004   Data   RW          990    .data               os_var.o
    0x2000007c   0x00000004   Data   RW          991    .data               os_var.o
    0x20000080   0x00000002   Data   RW          992    .data               os_var.o
    0x20000082   0x00000002   PAD
    0x20000084   0x00000004   Data   RW          993    .data               os_var.o
    0x20000088   0x00000002   Data   RW          994    .data               os_var.o
    0x2000008a   0x00000002   PAD
    0x2000008c   0x00000004   Data   RW          995    .data               os_var.o
    0x20000090   0x00000002   Data   RW          996    .data               os_var.o
    0x20000092   0x00000001   Data   RW          997    .data               os_var.o
    0x20000093   0x00000001   Data   RW          998    .data               os_var.o
    0x20000094   0x00000001   Data   RW          999    .data               os_var.o
    0x20000095   0x00000003   PAD
    0x20000098   0x00000004   Data   RW         1000    .data               os_var.o
    0x2000009c   0x00000002   Data   RW         1001    .data               os_var.o
    0x2000009e   0x00000002   PAD
    0x200000a0   0x00000004   Data   RW         1002    .data               os_var.o
    0x200000a4   0x00000004   Data   RW         1003    .data               os_var.o
    0x200000a8   0x00000004   Data   RW         1004    .data               os_var.o
    0x200000ac   0x00000001   Data   RW         1005    .data               os_var.o
    0x200000ad   0x00000003   PAD
    0x200000b0   0x00000004   Data   RW         1006    .data               os_var.o
    0x200000b4   0x00000001   Data   RW         1007    .data               os_var.o
    0x200000b5   0x00000003   PAD
    0x200000b8   0x00000004   Data   RW         1008    .data               os_var.o
    0x200000bc   0x00000002   Data   RW         1009    .data               os_var.o
    0x200000be   0x00000001   Data   RW         1010    .data               os_var.o
    0x200000bf   0x00000001   PAD
    0x200000c0   0x00000002   Data   RW         1011    .data               os_var.o
    0x200000c2   0x00000002   Data   RW         1012    .data               os_var.o
    0x200000c4   0x00000004   Data   RW         1013    .data               os_var.o
    0x200000c8   0x00000004   Data   RW         1014    .data               os_var.o
    0x200000cc   0x00000004   Data   RW         1015    .data               os_var.o
    0x200000d0   0x00000001   Data   RW         1016    .data               os_var.o
    0x200000d1   0x00000003   PAD
    0x200000d4   0x00000004   Data   RW         1017    .data               os_var.o
    0x200000d8   0x00000004   Data   RW         1018    .data               os_var.o
    0x200000dc   0x00000004   Data   RW         1019    .data               os_var.o
    0x200000e0   0x00000002   Data   RW         1020    .data               os_var.o
    0x200000e2   0x00000001   Data   RW         1021    .data               os_var.o
    0x200000e3   0x00000001   PAD
    0x200000e4   0x00000004   Data   RW         1022    .data               os_var.o
    0x200000e8   0x00000004   Data   RW         1023    .data               os_var.o
    0x200000ec   0x00000004   Data   RW         1024    .data               os_var.o
    0x200000f0   0x00000002   Data   RW         1025    .data               os_var.o
    0x200000f2   0x00000002   PAD
    0x200000f4   0x00000004   Data   RW         1026    .data               os_var.o
    0x200000f8   0x00000004   Data   RW         1027    .data               os_var.o
    0x200000fc   0x00000004   Data   RW         1028    .data               os_var.o
    0x20000100   0x00000004   Data   RW         1029    .data               os_var.o
    0x20000104   0x00000004   Data   RW         1030    .data               os_var.o
    0x20000108   0x00000004   Data   RW         1031    .data               os_var.o
    0x2000010c   0x00000004   Data   RW         1048    .data               os_cpu_c.o
    0x20000110   0x00000004   Data   RW         1066    .data               os_app_hooks.o
    0x20000114   0x000008c4   Zero   RW          273    .bss                main.o
    0x200009d8   0x000000c8   Zero   RW          460    .bss                usart.o
    0x20000aa0   0x00000010   Zero   RW          616    .bss                cpu_core.o
    0x20000ab0   0x00000448   Zero   RW          694    .bss                lib_mem.o
    0x20000ef8   0x00000200   Zero   RW          734    .bss                os_cfg_app.o
    0x200010f8   0x00000140   Zero   RW          735    .bss                os_cfg_app.o
    0x20001238   0x00000200   Zero   RW          736    .bss                os_cfg_app.o
    0x20001438   0x00000200   Zero   RW          737    .bss                os_cfg_app.o
    0x20001638   0x00000640   Zero   RW          738    .bss                os_cfg_app.o
    0x20001c78   0x00000200   Zero   RW          739    .bss                os_cfg_app.o
    0x20001e78   0x00000200   Zero   RW          740    .bss                os_cfg_app.o
    0x20002078   0x00000088   Zero   RW          741    .bss                os_cfg_app.o
    0x20002100   0x00000200   Zero   RW          742    .bss                os_cfg_app.o
    0x20002300   0x00000088   Zero   RW          743    .bss                os_cfg_app.o
    0x20002388   0x000000c4   Zero   RW          968    .bss                os_var.o
    0x2000244c   0x000000c4   Zero   RW          969    .bss                os_var.o
    0x20002510   0x0000000c   Zero   RW          970    .bss                os_var.o
    0x2000251c   0x00000300   Zero   RW          971    .bss                os_var.o
    0x2000281c   0x000000c4   Zero   RW          972    .bss                os_var.o
    0x200028e0   0x000000c4   Zero   RW          973    .bss                os_var.o
    0x200029a4   0x000000c4   Zero   RW          974    .bss                os_var.o
    0x20002a68   0x00000060   Zero   RW         1230    .bss                c_w.l(libspace.o)
    0x20002ac8   0x00000800   Zero   RW          494    HEAP                startup_stm32f10x_cl.o
    0x200032c8   0x00001800   Zero   RW          493    STACK               startup_stm32f10x_cl.o


==============================================================================

Image component sizes


      Code (inc. data)   RO Data    RW Data    ZI Data      Debug   Object Name

         0          0          0          0          0     271116   actiontask.o
       104         12          0          0          0       1869   bsp.o
        52          0          0          0          0        376   cpu_a.o
       444         12        256          4         16      14273   cpu_core.o
       280         28          0          4          0       2607   delay.o
        56         10          0          0          0        539   led.o
       346          0          0          0          0       4322   lib_ascii.o
      1640         26          0          4       1096      22216   lib_mem.o
       544          0          0          0          0        520   lib_mem_a.o
      1448          4        148          0          0      12536   lib_str.o
       316         30          0          0       2244       2025   main.o
       176         14          0          0          0       1965   misc.o
       228         68          0          4          0       1801   os_app_hooks.o
         2          0        148          0       5264      21082   os_cfg_app.o
      2780        268          0          0          0      13071   os_core.o
       152         32          0          0          0        432   os_cpu_a.o
       392         64          0          4          0       3777   os_cpu_c.o
         2          0          0          0          0        522   os_dbg.o
      1896         80          0          0          0       7877   os_flag.o
       808        146          0          0          0       2728   os_int.o
       372         20          0          0          0       2652   os_mem.o
       392         14          0          0          0       3095   os_msg.o
      1764         92          0          0          0       5984   os_mutex.o
       112          6          0          8          0       2028   os_prio.o
      1552         66          0          0          0       6478   os_q.o
      1364         58          0          0          0       6342   os_sem.o
      1024        146          0          0          0       3077   os_stat.o
      3884        216          0          0          0      14878   os_task.o
       848         82          0          0          0       3771   os_tick.o
       784         42          0          0          0       3481   os_time.o
      1628        128          0          0          0       6698   os_tmr.o
         0          0          0        174       1760      19469   os_var.o
        64         26        336          0       8192        832   startup_stm32f10x_cl.o
       612         36          0          0          0       5913   stm32f10x_gpio.o
        14          0          0          0          0      33475   stm32f10x_it.o
       872         44          0         20          0      11174   stm32f10x_rcc.o
       808         22          0          0          0       8680   stm32f10x_usart.o
         0          0          0          0          0         32   sys.o
       444         44          0         20          0       2171   system_stm32f10x.o
       288         18          0          6        200       3422   usart.o

    ----------------------------------------------------------------------
     28498       1854        920        276      18772     529306   Object Totals
         0          0         32          0          0          0   (incl. Generated)
         6          0          0         28          0          0   (incl. Padding)

    ----------------------------------------------------------------------

      Code (inc. data)   RO Data    RW Data    ZI Data      Debug   Library Member Name

         8          0          0          0          0         68   __main.o
       104          0          0          0          0         84   __printf.o
         0          0          0          0          0          0   __rtentry.o
        12          0          0          0          0          0   __rtentry2.o
         6          0          0          0          0          0   __rtentry4.o
        52          8          0          0          0          0   __scatter.o
        26          0          0          0          0          0   __scatter_copy.o
        28          0          0          0          0          0   __scatter_zi.o
        48          6          0          0          0         96   _printf_char_common.o
        36          4          0          0          0         80   _printf_char_file.o
         0          0          0          0          0          0   _printf_percent.o
         4          0          0          0          0          0   _printf_percent_end.o
        12          0          0          0          0         72   exit.o
         8          0          0          0          0         68   ferror.o
         6          0          0          0          0        152   heapauxi.o
         2          0          0          0          0          0   libinit.o
         2          0          0          0          0          0   libinit2.o
         2          0          0          0          0          0   libshutdown.o
         2          0          0          0          0          0   libshutdown2.o
         8          4          0          0         96         68   libspace.o
       238          0          0          0          0        100   lludivv7m.o
        24          4          0          0          0         84   noretval__2printf.o
         2          0          0          0          0          0   rtexit.o
        10          0          0          0          0          0   rtexit2.o
        74          0          0          0          0         80   sys_stackheap_outer.o
         2          0          0          0          0         68   use_no_semi.o
         2          0          0          0          0         68   use_no_semi_2.o

    ----------------------------------------------------------------------
       722         26          0          0         96       1088   Library Totals
         4          0          0          0          0          0   (incl. Padding)

    ----------------------------------------------------------------------

      Code (inc. data)   RO Data    RW Data    ZI Data      Debug   Library Name

       718         26          0          0         96       1088   c_w.l

    ----------------------------------------------------------------------
       722         26          0          0         96       1088   Library Totals

    ----------------------------------------------------------------------

==============================================================================


      Code (inc. data)   RO Data    RW Data    ZI Data      Debug   

     29220       1880        920        276      18868     525710   Grand Totals
     29220       1880        920        276      18868     525710   ELF Image Totals
     29220       1880        920        276          0          0   ROM Totals

==============================================================================

    Total RO  Size (Code + RO Data)                30140 (  29.43kB)
    Total RW  Size (RW Data + ZI Data)             19144 (  18.70kB)
    Total ROM Size (Code + RO Data + RW Data)      30416 (  29.70kB)

==============================================================================

